Archive member included because of file (symbol)

c:/altera/13.0sp1/nios2eds/bin/gnu/h-i686-mingw32/bin/../lib/gcc/nios2-elf/4.1.2/mno-hw-mul\libgcc.a(_addsub_df.o)
                              obj/default/main.o (__adddf3)
c:/altera/13.0sp1/nios2eds/bin/gnu/h-i686-mingw32/bin/../lib/gcc/nios2-elf/4.1.2/mno-hw-mul\libgcc.a(_si_to_df.o)
                              obj/default/main.o (__floatsidf)
c:/altera/13.0sp1/nios2eds/bin/gnu/h-i686-mingw32/bin/../lib/gcc/nios2-elf/4.1.2/mno-hw-mul\libgcc.a(_df_to_si.o)
                              obj/default/main.o (__fixdfsi)
c:/altera/13.0sp1/nios2eds/bin/gnu/h-i686-mingw32/bin/../lib/gcc/nios2-elf/4.1.2/mno-hw-mul\libgcc.a(_thenan_df.o)
                              c:/altera/13.0sp1/nios2eds/bin/gnu/h-i686-mingw32/bin/../lib/gcc/nios2-elf/4.1.2/mno-hw-mul\libgcc.a(_addsub_df.o) (__thenan_df)
c:/altera/13.0sp1/nios2eds/bin/gnu/h-i686-mingw32/bin/../lib/gcc/nios2-elf/4.1.2/mno-hw-mul\libgcc.a(lib2-divmod.o)
                              obj/default/main.o (__divsi3)
c:/altera/13.0sp1/nios2eds/bin/gnu/h-i686-mingw32/bin/../lib/gcc/nios2-elf/4.1.2/mno-hw-mul\libgcc.a(_clzsi2.o)
                              c:/altera/13.0sp1/nios2eds/bin/gnu/h-i686-mingw32/bin/../lib/gcc/nios2-elf/4.1.2/mno-hw-mul\libgcc.a(_si_to_df.o) (__clzsi2)
c:/altera/13.0sp1/nios2eds/bin/gnu/h-i686-mingw32/bin/../lib/gcc/nios2-elf/4.1.2/mno-hw-mul\libgcc.a(_pack_df.o)
                              c:/altera/13.0sp1/nios2eds/bin/gnu/h-i686-mingw32/bin/../lib/gcc/nios2-elf/4.1.2/mno-hw-mul\libgcc.a(_addsub_df.o) (__pack_d)
c:/altera/13.0sp1/nios2eds/bin/gnu/h-i686-mingw32/bin/../lib/gcc/nios2-elf/4.1.2/mno-hw-mul\libgcc.a(_unpack_df.o)
                              c:/altera/13.0sp1/nios2eds/bin/gnu/h-i686-mingw32/bin/../lib/gcc/nios2-elf/4.1.2/mno-hw-mul\libgcc.a(_addsub_df.o) (__unpack_d)
c:/altera/13.0sp1/nios2eds/bin/gnu/h-i686-mingw32/bin/../lib/gcc/nios2-elf/4.1.2/mno-hw-mul\libgcc.a(_clz.o)
                              c:/altera/13.0sp1/nios2eds/bin/gnu/h-i686-mingw32/bin/../lib/gcc/nios2-elf/4.1.2/mno-hw-mul\libgcc.a(_clzsi2.o) (__clz_tab)
c:/altera/13.0sp1/nios2eds/bin/gnu/h-i686-mingw32/bin/../lib/gcc/nios2-elf/4.1.2/../../../../nios2-elf/lib/mno-hw-mul\libc.a(lib_a-atoi.o)
                              obj/default/main.o (atoi)
c:/altera/13.0sp1/nios2eds/bin/gnu/h-i686-mingw32/bin/../lib/gcc/nios2-elf/4.1.2/../../../../nios2-elf/lib/mno-hw-mul\libc.a(lib_a-printf.o)
                              obj/default/CHAP_9.o (printf)
c:/altera/13.0sp1/nios2eds/bin/gnu/h-i686-mingw32/bin/../lib/gcc/nios2-elf/4.1.2/../../../../nios2-elf/lib/mno-hw-mul\libc.a(lib_a-putchar.o)
                              obj/default/ISR.o (putchar)
c:/altera/13.0sp1/nios2eds/bin/gnu/h-i686-mingw32/bin/../lib/gcc/nios2-elf/4.1.2/../../../../nios2-elf/lib/mno-hw-mul\libc.a(lib_a-puts.o)
                              obj/default/CHAP_9.o (puts)
c:/altera/13.0sp1/nios2eds/bin/gnu/h-i686-mingw32/bin/../lib/gcc/nios2-elf/4.1.2/../../../../nios2-elf/lib/mno-hw-mul\libc.a(lib_a-strlen.o)
                              c:/altera/13.0sp1/nios2eds/bin/gnu/h-i686-mingw32/bin/../lib/gcc/nios2-elf/4.1.2/../../../../nios2-elf/lib/mno-hw-mul\libc.a(lib_a-puts.o) (strlen)
c:/altera/13.0sp1/nios2eds/bin/gnu/h-i686-mingw32/bin/../lib/gcc/nios2-elf/4.1.2/../../../../nios2-elf/lib/mno-hw-mul\libc.a(lib_a-strtol.o)
                              c:/altera/13.0sp1/nios2eds/bin/gnu/h-i686-mingw32/bin/../lib/gcc/nios2-elf/4.1.2/../../../../nios2-elf/lib/mno-hw-mul\libc.a(lib_a-atoi.o) (_strtol_r)
c:/altera/13.0sp1/nios2eds/bin/gnu/h-i686-mingw32/bin/../lib/gcc/nios2-elf/4.1.2/../../../../nios2-elf/lib/mno-hw-mul\libc.a(lib_a-vfprintf.o)
                              c:/altera/13.0sp1/nios2eds/bin/gnu/h-i686-mingw32/bin/../lib/gcc/nios2-elf/4.1.2/../../../../nios2-elf/lib/mno-hw-mul\libc.a(lib_a-printf.o) (___vfprintf_internal_r)
c:/altera/13.0sp1/nios2eds/bin/gnu/h-i686-mingw32/bin/../lib/gcc/nios2-elf/4.1.2/../../../../nios2-elf/lib/mno-hw-mul\libc.a(lib_a-wsetup.o)
                              c:/altera/13.0sp1/nios2eds/bin/gnu/h-i686-mingw32/bin/../lib/gcc/nios2-elf/4.1.2/../../../../nios2-elf/lib/mno-hw-mul\libc.a(lib_a-vfprintf.o) (__swsetup_r)
c:/altera/13.0sp1/nios2eds/bin/gnu/h-i686-mingw32/bin/../lib/gcc/nios2-elf/4.1.2/../../../../nios2-elf/lib/mno-hw-mul\libc.a(lib_a-ctype_.o)
                              c:/altera/13.0sp1/nios2eds/bin/gnu/h-i686-mingw32/bin/../lib/gcc/nios2-elf/4.1.2/../../../../nios2-elf/lib/mno-hw-mul\libc.a(lib_a-strtol.o) (__ctype_ptr)
c:/altera/13.0sp1/nios2eds/bin/gnu/h-i686-mingw32/bin/../lib/gcc/nios2-elf/4.1.2/../../../../nios2-elf/lib/mno-hw-mul\libc.a(lib_a-dtoa.o)
                              c:/altera/13.0sp1/nios2eds/bin/gnu/h-i686-mingw32/bin/../lib/gcc/nios2-elf/4.1.2/../../../../nios2-elf/lib/mno-hw-mul\libc.a(lib_a-vfprintf.o) (_dtoa_r)
c:/altera/13.0sp1/nios2eds/bin/gnu/h-i686-mingw32/bin/../lib/gcc/nios2-elf/4.1.2/../../../../nios2-elf/lib/mno-hw-mul\libc.a(lib_a-fflush.o)
[...]
Memory Configuration

Name             Origin             Length             Attributes
sdram_0          0x00800000         0x00800000
reset            0x01400000         0x00000020
generic_tristate_controller_0 0x01400020         0x003fffe0
sram_0           0x01880000         0x00080000
onchip_memory2_0_BEFORE_EXCEPTION 0x01904000         0x00000020
onchip_memory2_0 0x01904020         0x00003fe0
*default*        0x00000000         0xffffffff

Linker script and memory map

LOAD ../FinalFlashedDE2_bsp//obj/HAL/src/crt0.o
LOAD obj/default/CHAP_9.o
LOAD obj/default/HAL4D13.o
LOAD obj/default/HID.o
LOAD obj/default/ISR.o
LOAD obj/default/MAINLOOP.o
LOAD obj/default/main.o
LOAD obj/default/usb_irq.o
LOAD c:/altera/13.0sp1/nios2eds/bin/gnu/h-i686-mingw32/bin/../lib/gcc/nios2-elf/4.1.2/../../../../nios2-elf/lib/mno-hw-mul\libstdc++.a
LOAD c:/altera/13.0sp1/nios2eds/bin/gnu/h-i686-mingw32/bin/../lib/gcc/nios2-elf/4.1.2/../../../../nios2-elf/lib/mno-hw-mul\libm.a
LOAD c:/altera/13.0sp1/nios2eds/bin/gnu/h-i686-mingw32/bin/../lib/gcc/nios2-elf/4.1.2/mno-hw-mul\libgcc.a
START GROUP
LOAD c:/altera/13.0sp1/nios2eds/bin/gnu/h-i686-mingw32/bin/../lib/gcc/nios2-elf/4.1.2/../../../../nios2-elf/lib/mno-hw-mul\libc.a
LOAD c:/altera/13.0sp1/nios2eds/bin/gnu/h-i686-mingw32/bin/../lib/gcc/nios2-elf/4.1.2/mno-hw-mul\libgcc.a
LOAD ../FinalFlashedDE2_bsp/\libhal_bsp.a
END GROUP
LOAD c:/altera/13.0sp1/nios2eds/bin/gnu/h-i686-mingw32/bin/../lib/gcc/nios2-elf/4.1.2/mno-hw-mul\libgcc.a
                0x00800000                __alt_mem_sdram_0 = 0x800000
                0x01400000                __alt_mem_generic_tristate_controller_0 = 0x1400000
                0x01880000                __alt_mem_sram_0 = 0x1880000
                0x01904000                __alt_mem_onchip_memory2_0 = 0x1904000

.entry          0x01400000        0x0
 *(.entry)
 .entry         0x01400000        0x0 ../FinalFlashedDE2_bsp//obj/HAL/src/crt0.o
                0x01400000                __reset

.exceptions     0x01904020      0x198
                0x01904020                PROVIDE (__ram_exceptions_start, ABSOLUTE (.))
                0x01904020                . = ALIGN (0x20)
 *(.irq)
 *(.exceptions.entry.label)
 .exceptions.entry.label
                0x01904020        0x0 ../FinalFlashedDE2_bsp/\libhal_bsp.a(alt_irq_entry.o)
                0x01904020                alt_irq_entry
 .exceptions.entry.label
                0x01904020        0x0 ../FinalFlashedDE2_bsp/\libhal_bsp.a(alt_exception_entry.o)
                0x01904020                alt_exception
 *(.exceptions.entry.user)
 *(.exceptions.entry)
 .exceptions.entry
                0x01904020       0x54 ../FinalFlashedDE2_bsp/\libhal_bsp.a(alt_exception_entry.o)
 *(.exceptions.irqtest.user)
 *(.exceptions.irqtest)
 .exceptions.irqtest
                0x01904074       0x10 ../FinalFlashedDE2_bsp/\libhal_bsp.a(alt_irq_entry.o)
 *(.exceptions.irqhandler.user)
 *(.exceptions.irqhandler)
 .exceptions.irqhandler
                0x01904084        0x4 ../FinalFlashedDE2_bsp/\libhal_bsp.a(alt_irq_entry.o)
 *(.exceptions.irqreturn.user)
 *(.exceptions.irqreturn)
 .exceptions.irqreturn
                0x01904088        0x4 ../FinalFlashedDE2_bsp/\libhal_bsp.a(alt_irq_entry.o)
 *(.exceptions.notirq.label)
 .exceptions.notirq.label
                0x0190408c        0x0 ../FinalFlashedDE2_bsp/\libhal_bsp.a(alt_irq_entry.o)
 *(.exceptions.notirq.user)
 *(.exceptions.notirq)
 .exceptions.notirq
                0x0190408c        0x8 ../FinalFlashedDE2_bsp/\libhal_bsp.a(alt_exception_entry.o)
 *(.exceptions.soft.user)
 *(.exceptions.soft)
 *(.exceptions.unknown.user)
 *(.exceptions.unknown)
 .exceptions.unknown
                0x01904094        0x4 ../FinalFlashedDE2_bsp/\libhal_bsp.a(alt_exception_entry.o)
 *(.exceptions.exit.label)
 .exceptions.exit.label
                0x01904098        0x0 ../FinalFlashedDE2_bsp/\libhal_bsp.a(alt_irq_entry.o)
 .exceptions.exit.label
                0x01904098        0x0 ../FinalFlashedDE2_bsp/\libhal_bsp.a(alt_exception_entry.o)
 *(.exceptions.exit.user)
 *(.exceptions.exit)
 .exceptions.exit
                0x01904098       0x54 ../FinalFlashedDE2_bsp/\libhal_bsp.a(alt_exception_entry.o)
 *(.exceptions)
 .exceptions    0x019040ec       0xcc ../FinalFlashedDE2_bsp/\libhal_bsp.a(alt_irq_handler.o)
                0x019040ec                alt_irq_handler
                0x019041b8                PROVIDE (__ram_exceptions_end, ABSOLUTE (.))
                0x01904020                PROVIDE (__flash_exceptions_start, LOADADDR (.exceptions))

.text           0x00800000    0x11d4c
                0x00800000                PROVIDE (stext, ABSOLUTE (.))
 *(.interp)
 *(.hash)
 *(.dynsym)
 *(.dynstr)
 *(.gnu.version)
 *(.gnu.version_d)
 *(.gnu.version_r)
 *(.rel.init)
 *(.rela.init)
 *(.rel.text .rel.text.* .rel.gnu.linkonce.t.*)
 *(.rela.text .rela.text.* .rela.gnu.linkonce.t.*)
 *(.rel.fini)
 *(.rela.fini)
 *(.rel.rodata .rel.rodata.* .rel.gnu.linkonce.r.*)
 *(.rela.rodata .rela.rodata.* .rela.gnu.linkonce.r.*)
 *(.rel.data .rel.data.* .rel.gnu.linkonce.d.*)
 *(.rela.data .rela.data.* .rela.gnu.linkonce.d.*)
 *(.rel.tdata .rel.tdata.* .rel.gnu.linkonce.td.*)
 *(.rela.tdata .rela.tdata.* .rela.gnu.linkonce.td.*)
 *(.rel.tbss .rel.tbss.* .rel.gnu.linkonce.tb.*)
 *(.rela.tbss .rela.tbss.* .rela.gnu.linkonce.tb.*)
 *(.rel.ctors)
 *(.rela.ctors)
 *(.rel.dtors)
 *(.rela.dtors)
 *(.rel.got)
 *(.rela.got)
 *(.rel.sdata .rel.sdata.* .rel.gnu.linkonce.s.*)
 *(.rela.sdata .rela.sdata.* .rela.gnu.linkonce.s.*)
 *(.rel.sbss .rel.sbss.* .rel.gnu.linkonce.sb.*)
 *(.rela.sbss .rela.sbss.* .rela.gnu.linkonce.sb.*)
 *(.rel.sdata2 .rel.sdata2.* .rel.gnu.linkonce.s2.*)
 *(.rela.sdata2 .rela.sdata2.* .rela.gnu.linkonce.s2.*)
 *(.rel.sbss2 .rel.sbss2.* .rel.gnu.linkonce.sb2.*)
 *(.rela.sbss2 .rela.sbss2.* .rela.gnu.linkonce.sb2.*)
 *(.rel.bss .rel.bss.* .rel.gnu.linkonce.b.*)
 *(.rela.bss .rela.bss.* .rela.gnu.linkonce.b.*)
 *(.rel.plt)
 *(.rela.plt)
 *(.rel.dyn)
 *(.init)
 *(.plt)
 *(.text .stub .text.* .gnu.linkonce.t.*)
 .text          0x00800000       0x38 ../FinalFlashedDE2_bsp//obj/HAL/src/crt0.o
                0x00800000                _start
 .text          0x00800038     0x13b0 obj/default/CHAP_9.o
                0x00800038                Chap9_GetStatus
                0x008002c8                Chap9_ClearFeature
                0x00800500                Chap9_SetFeature
                0x00800728                Chap9_SetAddress
                0x00800964                Chap9_GetDescriptor
                0x00800c08                Chap9_GetConfiguration
                0x00800cc8                Chap9_SetConfiguration
                0x00800ed4                Chap9_GetInterface
                0x00800f78                Chap9_SetInterface
                0x00801078                Chap9_StallEP0
                0x00801108                Chap9_StallEP0InControlWrite
                0x0080116c                Chap9_StallEP0InControlRead
                0x008011d0                Chap9_SingleTransmitEP0
                0x0080126c                Chap9_BurstTransmitEP0
 .text          0x008013e8     0x1120 obj/default/HAL4D13.o
                0x008013e8                Hal4D13_AcquireD13
                0x00801424                Hal4D13_ResetDevice
                0x00801450                Hal4D13_GetDevConfig
                0x00801490                Hal4D13_SetDevConfig
                0x008014d0                Hal4D13_SetMode
                0x00801510                Hal4D13_GetMode
                0x0080155c                Hal4D13_GetAddress
                0x008015a8                Hal4D13_SetAddressEnable
                0x00801618                Hal4D13_SoftConnect
                0x008016b0                Hal4D13_AcknowledgeSETUP
                0x008016dc                Hal4D13_ClearBuffer
                0x00801710                Hal4D13_ValidBuffer
                0x00801744                Hal4D13_ReadEndpoint
                0x00801840                Hal4D13_ReadBulkEndpoint
                0x0080193c                Hal4D13_ReadEndpointWOClearBuffer
                0x00801a38                Hal4D13_WriteEndpoint
                0x00801b60                Hal4D13_WriteBulkEndpoint
                0x00801c50                Hal4D13_GetIntEnable
                0x00801cac                Hal4D13_SetIntEnable
                0x00801d1c                Hal4D13_ReadInterruptRegister
                0x00801d8c                Hal4D13_GetEndpointStatusWInteruptClear
                0x00801de0                Hal4D13_GetEndpointStatusWOInteruptClear
                0x00801e34                Hal4D13_SetEndpointStatus
                0x00801e9c                Hal4D13_SetDMAConfig
                0x00801edc                Hal4D13_GetDMAConfig
                0x00801f1c                Hal4D13_SetDMACounter
                0x00801f5c                Hal4D13_GetDMACounter
                0x00801f9c                Hal4D13_GetDataFromChipRam
                0x00801fdc                Hal4D13_SetDataToChipRam
                0x0080201c                Hal4D13_ReadCurrentFrameNumber
                0x0080205c                Hal4D13_LockDevice
                0x008020b8                Hal4D13_ReadChipID
                0x008020f8                Hal4D13_GetErrorCode
                0x0080214c                Hal4D13_GetEndpointConfig
                0x008021a0                Hal4D13_SetEndpointConfig
                0x008021ec                Hal4D13_UnconfigDevice
                0x00802208                Hal4D13_ConfigDevice
                0x00802224                Hal4D13_SingleTransmitEP0
                0x0080226c                Hal4D13_RegAccess
                0x008023d4                Hal4D13_StallEP0InControlWrite
                0x00802410                Hal4D13_StallEP0InControlRead
                0x0080244c                Hal4D13_IsSetupPktInvalid
                0x0080248c                Write_HC_Config_Reg
                0x008024cc                Read_HC_Config_Reg
 .text          0x00802508      0x224 obj/default/HID.o
                0x00802508                HID_Get_Report
                0x008025a8                HID_Get_Idle
                0x008025d8                HID_Get_Protocol
                0x00802608                HID_Set_Report
                0x00802638                HID_Set_Idle
                0x008026fc                HID_Set_Protocol
 .text          0x0080272c      0x830 obj/default/ISR.o
                0x0080272c                fn_usb_isr
                0x00802760                usb_isr
                0x008028b4                Isr_BusReset
                0x008029a0                Isr_SuspendChange
                0x008029d0                Isr_SHORT_PACKET
                0x00802a00                Isr_DmaEot
                0x00802acc                Isr_SOF
                0x00802ae8                Isr_Ep00RxDone
                0x00802cec                Isr_Ep00TxDone
                0x00802f04                Isr_Ep01Done
 .text          0x00802f5c      0x7b8 obj/default/MAINLOOP.o
                0x00802f5c                SetupToken_Handler
                0x008031d0                DeviceRequest_Handler
                0x00803294                help_devreq
                0x008033c0                disconnect_USB_controller
                0x00803400                connect_USB_controller
                0x00803468                config_endpoints
                0x0080355c                reconnect_USB_controller
                0x00803588                change_suspend_state
                0x008035b8                ML_AcknowledgeSETUP
                0x00803614                ML_Reserved
                0x0080364c                CHECK_CHIP_ID
 .text          0x00803714     0x1574 obj/default/main.o
                0x00803714                main
                0x00804324                reportChanged
                0x008043c8                mapGestureToKeycodes
                0x008044c8                noMovement
                0x0080454c                largest
                0x008046c0                largestPalmLeft
                0x00804834                largestPalmRight
                0x008049a8                largestPalmUp
                0x00804b1c                orientation
 .text          0x00804c88       0x94 obj/default/usb_irq.o
                0x00804c88                disable_irq
                0x00804cd8                enable_irq
 .text          0x00804d1c      0x504 c:/altera/13.0sp1/nios2eds/bin/gnu/h-i686-mingw32/bin/../lib/gcc/nios2-elf/4.1.2/mno-hw-mul\libgcc.a(_addsub_df.o)
                0x0080512c                __subdf3
                0x008051ac                __adddf3
 .text          0x00805220       0xf8 c:/altera/13.0sp1/nios2eds/bin/gnu/h-i686-mingw32/bin/../lib/gcc/nios2-elf/4.1.2/mno-hw-mul\libgcc.a(_si_to_df.o)
                0x00805220                __floatsidf
 .text          0x00805318       0xd8 c:/altera/13.0sp1/nios2eds/bin/gnu/h-i686-mingw32/bin/../lib/gcc/nios2-elf/4.1.2/mno-hw-mul\libgcc.a(_df_to_si.o)
                0x00805318                __fixdfsi
 .text          0x008053f0        0x0 c:/altera/13.0sp1/nios2eds/bin/gnu/h-i686-mingw32/bin/../lib/gcc/nios2-elf/4.1.2/mno-hw-mul\libgcc.a(_thenan_df.o)
 .text          0x008053f0      0x14c c:/altera/13.0sp1/nios2eds/bin/gnu/h-i686-mingw32/bin/../lib/gcc/nios2-elf/4.1.2/mno-hw-mul\libgcc.a(lib2-divmod.o)
                0x0080546c                __divsi3
                0x008054cc                __modsi3
                0x0080552c                __udivsi3
                0x00805534                __umodsi3
 .text          0x0080553c       0x80 c:/altera/13.0sp1/nios2eds/bin/gnu/h-i686-mingw32/bin/../lib/gcc/nios2-elf/4.1.2/mno-hw-mul\libgcc.a(_clzsi2.o)
                0x0080553c                __clzsi2
 .text          0x008055bc      0x314 c:/altera/13.0sp1/nios2eds/bin/gnu/h-i686-mingw32/bin/../lib/gcc/nios2-elf/4.1.2/mno-hw-mul\libgcc.a(_pack_df.o)
                0x008055bc                __pack_d
 .text          0x008058d0      0x138 c:/altera/13.0sp1/nios2eds/bin/gnu/h-i686-mingw32/bin/../lib/gcc/nios2-elf/4.1.2/mno-hw-mul\libgcc.a(_unpack_df.o)
                0x008058d0                __unpack_d
 .text          0x00805a08        0x0 c:/altera/13.0sp1/nios2eds/bin/gnu/h-i686-mingw32/bin/../lib/gcc/nios2-elf/4.1.2/mno-hw-mul\libgcc.a(_clz.o)
 .text          0x00805a08       0x18 c:/altera/13.0sp1/nios2eds/bin/gnu/h-i686-mingw32/bin/../lib/gcc/nios2-elf/4.1.2/../../../../nios2-elf/lib/mno-hw-mul\libc.a(lib_a-atoi.o)
                0x00805a08                _atoi_r
                0x00805a14                atoi
 .text          0x00805a20       0x78 c:/altera/13.0sp1/nios2eds/bin/gnu/h-i686-mingw32/bin/../lib/gcc/nios2-elf/4.1.2/../../../../nios2-elf/lib/mno-hw-mul\libc.a(lib_a-printf.o)
                0x00805a20                printf
                0x00805a64                _printf_r
 .text          0x00805a98       0x24 c:/altera/13.0sp1/nios2eds/bin/gnu/h-i686-mingw32/bin/../lib/gcc/nios2-elf/4.1.2/../../../../nios2-elf/lib/mno-hw-mul\libc.a(lib_a-putchar.o)
                0x00805a98                putchar
                0x00805ab4                _putchar_r
 .text          0x00805abc       0xb4 c:/altera/13.0sp1/nios2eds/bin/gnu/h-i686-mingw32/bin/../lib/gcc/nios2-elf/4.1.2/../../../../nios2-elf/lib/mno-hw-mul\libc.a(lib_a-puts.o)
                0x00805abc                _puts_r
                0x00805b5c                puts
 .text          0x00805b70       0x74 c:/altera/13.0sp1/nios2eds/bin/gnu/h-i686-mingw32/bin/../lib/gcc/nios2-elf/4.1.2/../../../../nios2-elf/lib/mno-hw-mul\libc.a(lib_a-strlen.o)
                0x00805b70                strlen
 .text          0x00805be4      0x274 c:/altera/13.0sp1/nios2eds/bin/gnu/h-i686-mingw32/bin/../lib/gcc/nios2-elf/4.1.2/../../../../nios2-elf/lib/mno-hw-mul\libc.a(lib_a-strtol.o)
                0x00805be4                _strtol_r
                0x00805e34                strtol
 .text          0x00805e58     0x1f40 c:/altera/13.0sp1/nios2eds/bin/gnu/h-i686-mingw32/bin/../lib/gcc/nios2-elf/4.1.2/../../../../nios2-elf/lib/mno-hw-mul\libc.a(lib_a-vfprintf.o)
                0x00805eb0                ___vfprintf_internal_r
                0x00807d74                __vfprintf_internal
 .text          0x00807d98      0x13c c:/altera/13.0sp1/nios2eds/bin/gnu/h-i686-mingw32/bin/../lib/gcc/nios2-elf/4.1.2/../../../../nios2-elf/lib/mno-hw-mul\libc.a(lib_a-wsetup.o)
                0x00807d98                __swsetup_r
 .text          0x00807ed4        0x0 c:/altera/13.0sp1/nios2eds/bin/gnu/h-i686-mingw32/bin/../lib/gcc/nios2-elf/4.1.2/../../../../nios2-elf/lib/mno-hw-mul\libc.a(lib_a-ctype_.o)
 .text          0x00807ed4     0x17f8 c:/altera/13.0sp1/nios2eds/bin/gnu/h-i686-mingw32/bin/../lib/gcc/nios2-elf/4.1.2/../../../../nios2-elf/lib/mno-hw-mul\libc.a(lib_a-dtoa.o)
                0x00808118                _dtoa_r
 .text          0x008096cc      0x230 c:/altera/13.0sp1/nios2eds/bin/gnu/h-i686-mingw32/bin/../lib/gcc/nios2-elf/4.1.2/../../../../nios2-elf/lib/mno-hw-mul\libc.a(lib_a-fflush.o)
                0x008096cc                _fflush_r
                0x008098c8                fflush
 .text          0x008098fc      0x2f4 c:/altera/13.0sp1/nios2eds/bin/gnu/h-i686-mingw32/bin/../lib/gcc/nios2-elf/4.1.2/../../../../nios2-elf/lib/mno-hw-mul\libc.a(lib_a-findfp.o)
                0x00809954                __sfp_lock_acquire
                0x00809958                __sfp_lock_release
                0x0080995c                __sinit_lock_acquire
                0x00809960                __sinit_lock_release
                0x00809964                __sinit
                0x00809a18                __fp_unlock_all
                0x00809a30                __fp_lock_all
                0x00809a48                _cleanup_r
                0x00809a54                _cleanup
                0x00809a64                __sfmoreglue
                0x00809b00                __sfp
 .text          0x00809bf0      0x440 c:/altera/13.0sp1/nios2eds/bin/gnu/h-i686-mingw32/bin/../lib/gcc/nios2-elf/4.1.2/../../../../nios2-elf/lib/mno-hw-mul\libc.a(lib_a-freer.o)
                0x00809bf0                _malloc_trim_r
                0x00809d1c                _free_r
 .text          0x0080a030      0x49c c:/altera/13.0sp1/nios2eds/bin/gnu/h-i686-mingw32/bin/../lib/gcc/nios2-elf/4.1.2/../../../../nios2-elf/lib/mno-hw-mul\libc.a(lib_a-fvwrite.o)
                0x0080a030                __sfvwrite_r
 .text          0x0080a4cc      0x180 c:/altera/13.0sp1/nios2eds/bin/gnu/h-i686-mingw32/bin/../lib/gcc/nios2-elf/4.1.2/../../../../nios2-elf/lib/mno-hw-mul\libc.a(lib_a-fwalk.o)
                0x0080a4cc                _fwalk_reent
                0x0080a594                _fwalk
 .text          0x0080a64c        0x0 c:/altera/13.0sp1/nios2eds/bin/gnu/h-i686-mingw32/bin/../lib/gcc/nios2-elf/4.1.2/../../../../nios2-elf/lib/mno-hw-mul\libc.a(lib_a-impure.o)
 .text          0x0080a64c       0xc4 c:/altera/13.0sp1/nios2eds/bin/gnu/h-i686-mingw32/bin/../lib/gcc/nios2-elf/4.1.2/../../../../nios2-elf/lib/mno-hw-mul\libc.a(lib_a-locale.o)
                0x0080a64c                __locale_charset
                0x0080a654                _localeconv_r
                0x0080a660                localeconv
                0x0080a670                _setlocale_r
                0x0080a6f4                setlocale
 .text          0x0080a710      0x194 c:/altera/13.0sp1/nios2eds/bin/gnu/h-i686-mingw32/bin/../lib/gcc/nios2-elf/4.1.2/../../../../nios2-elf/lib/mno-hw-mul\libc.a(lib_a-makebuf.o)
                0x0080a710                __smakebuf_r
 .text          0x0080a8a4      0x740 c:/altera/13.0sp1/nios2eds/bin/gnu/h-i686-mingw32/bin/../lib/gcc/nios2-elf/4.1.2/../../../../nios2-elf/lib/mno-hw-mul\libc.a(lib_a-mallocr.o)
                0x0080a8a4                _malloc_r
 .text          0x0080afe4       0xe4 c:/altera/13.0sp1/nios2eds/bin/gnu/h-i686-mingw32/bin/../lib/gcc/nios2-elf/4.1.2/../../../../nios2-elf/lib/mno-hw-mul\libc.a(lib_a-memchr.o)
                0x0080afe4                memchr
 .text          0x0080b0c8       0xa0 c:/altera/13.0sp1/nios2eds/bin/gnu/h-i686-mingw32/bin/../lib/gcc/nios2-elf/4.1.2/../../../../nios2-elf/lib/mno-hw-mul\libc.a(lib_a-memcpy.o)
                0x0080b0c8                memcpy
 .text          0x0080b168       0xe0 c:/altera/13.0sp1/nios2eds/bin/gnu/h-i686-mingw32/bin/../lib/gcc/nios2-elf/4.1.2/../../../../nios2-elf/lib/mno-hw-mul\libc.a(lib_a-memmove.o)
                0x0080b168                memmove
 .text          0x0080b248       0x98 c:/altera/13.0sp1/nios2eds/bin/gnu/h-i686-mingw32/bin/../lib/gcc/nios2-elf/4.1.2/../../../../nios2-elf/lib/mno-hw-mul\libc.a(lib_a-memset.o)
                0x0080b248                memset
 .text          0x0080b2e0     0x108c c:/altera/13.0sp1/nios2eds/bin/gnu/h-i686-mingw32/bin/../lib/gcc/nios2-elf/4.1.2/../../../../nios2-elf/lib/mno-hw-mul\libc.a(lib_a-mprec.o)
                0x0080b2e0                _Bfree
                0x0080b308                __hi0bits
                0x0080b378                __lo0bits
                0x0080b43c                __mcmp
                0x0080b49c                __ulp
                0x0080b51c                __b2d
                0x0080b63c                __ratio
                0x0080b6ec                _mprec_log10
                0x0080b780                __copybits
                0x0080b7d8                __any_on
                0x0080b860                _Balloc
                0x0080b91c                __d2b
                0x0080ba98                __mdiff
                0x0080bc24                __lshift
                0x0080bd70                __multiply
                0x0080bfc4                __i2b
                0x0080c000                __multadd
                0x0080c12c                __pow5mult
                0x0080c24c                __s2b
 .text          0x0080c36c      0x1ec c:/altera/13.0sp1/nios2eds/bin/gnu/h-i686-mingw32/bin/../lib/gcc/nios2-elf/4.1.2/../../../../nios2-elf/lib/mno-hw-mul\libc.a(lib_a-putc.o)
                0x0080c36c                putc
                0x0080c470                _putc_r
 .text          0x0080c558      0x5f4 c:/altera/13.0sp1/nios2eds/bin/gnu/h-i686-mingw32/bin/../lib/gcc/nios2-elf/4.1.2/../../../../nios2-elf/lib/mno-hw-mul\libc.a(lib_a-reallocr.o)
                0x0080c558                _realloc_r
 .text          0x0080cb4c       0x40 c:/altera/13.0sp1/nios2eds/bin/gnu/h-i686-mingw32/bin/../lib/gcc/nios2-elf/4.1.2/../../../../nios2-elf/lib/mno-hw-mul\libc.a(lib_a-s_isinfd.o)
                0x0080cb4c                __isinfd
 .text          0x0080cb8c       0x30 c:/altera/13.0sp1/nios2eds/bin/gnu/h-i686-mingw32/bin/../lib/gcc/nios2-elf/4.1.2/../../../../nios2-elf/lib/mno-hw-mul\libc.a(lib_a-s_isnand.o)
                0x0080cb8c                __isnand
 .text          0x0080cbbc       0x70 c:/altera/13.0sp1/nios2eds/bin/gnu/h-i686-mingw32/bin/../lib/gcc/nios2-elf/4.1.2/../../../../nios2-elf/lib/mno-hw-mul\libc.a(lib_a-sbrkr.o)
                0x0080cbbc                _sbrk_r
 .text          0x0080cc2c      0x14c c:/altera/13.0sp1/nios2eds/bin/gnu/h-i686-mingw32/bin/../lib/gcc/nios2-elf/4.1.2/../../../../nios2-elf/lib/mno-hw-mul\libc.a(lib_a-stdio.o)
                0x0080cc2c                __sclose
                0x0080cc34                __sseek
                0x0080cc9c                __swrite
                0x0080cd18                __sread
 .text          0x0080cd78       0xbc c:/altera/13.0sp1/nios2eds/bin/gnu/h-i686-mingw32/bin/../lib/gcc/nios2-elf/4.1.2/../../../../nios2-elf/lib/mno-hw-mul\libc.a(lib_a-strcmp.o)
                0x0080cd78                strcmp
 .text          0x0080ce34      0x14c c:/altera/13.0sp1/nios2eds/bin/gnu/h-i686-mingw32/bin/../lib/gcc/nios2-elf/4.1.2/../../../../nios2-elf/lib/mno-hw-mul\libc.a(lib_a-wbuf.o)
                0x0080ce34                __swbuf_r
                0x0080cf64                __swbuf
 .text          0x0080cf80       0x78 c:/altera/13.0sp1/nios2eds/bin/gnu/h-i686-mingw32/bin/../lib/gcc/nios2-elf/4.1.2/../../../../nios2-elf/lib/mno-hw-mul\libc.a(lib_a-writer.o)
                0x0080cf80                _write_r
 .text          0x0080cff8       0xc8 c:/altera/13.0sp1/nios2eds/bin/gnu/h-i686-mingw32/bin/../lib/gcc/nios2-elf/4.1.2/../../../../nios2-elf/lib/mno-hw-mul\libc.a(lib_a-callocr.o)
                0x0080cff8                _calloc_r
 .text          0x0080d0c0       0x70 c:/altera/13.0sp1/nios2eds/bin/gnu/h-i686-mingw32/bin/../lib/gcc/nios2-elf/4.1.2/../../../../nios2-elf/lib/mno-hw-mul\libc.a(lib_a-closer.o)
                0x0080d0c0                _close_r
 .text          0x0080d130      0x124 c:/altera/13.0sp1/nios2eds/bin/gnu/h-i686-mingw32/bin/../lib/gcc/nios2-elf/4.1.2/../../../../nios2-elf/lib/mno-hw-mul\libc.a(lib_a-fclose.o)
                0x0080d130                _fclose_r
                0x0080d240                fclose
 .text          0x0080d254       0x74 c:/altera/13.0sp1/nios2eds/bin/gnu/h-i686-mingw32/bin/../lib/gcc/nios2-elf/4.1.2/../../../../nios2-elf/lib/mno-hw-mul\libc.a(lib_a-fstatr.o)
                0x0080d254                _fstat_r
 .text          0x0080d2c8        0x0 c:/altera/13.0sp1/nios2eds/bin/gnu/h-i686-mingw32/bin/../lib/gcc/nios2-elf/4.1.2/../../../../nios2-elf/lib/mno-hw-mul\libc.a(lib_a-int_errno.o)
 .text          0x0080d2c8       0x70 c:/altera/13.0sp1/nios2eds/bin/gnu/h-i686-mingw32/bin/../lib/gcc/nios2-elf/4.1.2/../../../../nios2-elf/lib/mno-hw-mul\libc.a(lib_a-isattyr.o)
                0x0080d2c8                _isatty_r
 .text          0x0080d338       0x78 c:/altera/13.0sp1/nios2eds/bin/gnu/h-i686-mingw32/bin/../lib/gcc/nios2-elf/4.1.2/../../../../nios2-elf/lib/mno-hw-mul\libc.a(lib_a-lseekr.o)
                0x0080d338                _lseek_r
 .text          0x0080d3b0       0x78 c:/altera/13.0sp1/nios2eds/bin/gnu/h-i686-mingw32/bin/../lib/gcc/nios2-elf/4.1.2/../../../../nios2-elf/lib/mno-hw-mul\libc.a(lib_a-readr.o)
                0x0080d3b0                _read_r
 .text          0x0080d428      0x66c c:/altera/13.0sp1/nios2eds/bin/gnu/h-i686-mingw32/bin/../lib/gcc/nios2-elf/4.1.2/mno-hw-mul\libgcc.a(_udivdi3.o)
                0x0080d428                __udivdi3
 .text          0x0080da94      0x660 c:/altera/13.0sp1/nios2eds/bin/gnu/h-i686-mingw32/bin/../lib/gcc/nios2-elf/4.1.2/mno-hw-mul\libgcc.a(_umoddi3.o)
                0x0080da94                __umoddi3
 .text          0x0080e0f4      0x3c4 c:/altera/13.0sp1/nios2eds/bin/gnu/h-i686-mingw32/bin/../lib/gcc/nios2-elf/4.1.2/mno-hw-mul\libgcc.a(_mul_df.o)
                0x0080e0f4                __muldf3
 .text          0x0080e4b8      0x258 c:/altera/13.0sp1/nios2eds/bin/gnu/h-i686-mingw32/bin/../lib/gcc/nios2-elf/4.1.2/mno-hw-mul\libgcc.a(_div_df.o)
                0x0080e4b8                __divdf3
 .text          0x0080e710       0x88 c:/altera/13.0sp1/nios2eds/bin/gnu/h-i686-mingw32/bin/../lib/gcc/nios2-elf/4.1.2/mno-hw-mul\libgcc.a(_eq_df.o)
                0x0080e710                __eqdf2
 .text          0x0080e798       0x88 c:/altera/13.0sp1/nios2eds/bin/gnu/h-i686-mingw32/bin/../lib/gcc/nios2-elf/4.1.2/mno-hw-mul\libgcc.a(_ne_df.o)
                0x0080e798                __nedf2
 .text          0x0080e820       0x88 c:/altera/13.0sp1/nios2eds/bin/gnu/h-i686-mingw32/bin/../lib/gcc/nios2-elf/4.1.2/mno-hw-mul\libgcc.a(_gt_df.o)
                0x0080e820                __gtdf2
 .text          0x0080e8a8       0x88 c:/altera/13.0sp1/nios2eds/bin/gnu/h-i686-mingw32/bin/../lib/gcc/nios2-elf/4.1.2/mno-hw-mul\libgcc.a(_ge_df.o)
                0x0080e8a8                __gedf2
 .text          0x0080e930       0x88 c:/altera/13.0sp1/nios2eds/bin/gnu/h-i686-mingw32/bin/../lib/gcc/nios2-elf/4.1.2/mno-hw-mul\libgcc.a(_lt_df.o)
                0x0080e930                __ltdf2
 .text          0x0080e9b8      0x194 c:/altera/13.0sp1/nios2eds/bin/gnu/h-i686-mingw32/bin/../lib/gcc/nios2-elf/4.1.2/mno-hw-mul\libgcc.a(_usi_to_df.o)
                0x0080e9b8                __floatunsidf
 .text          0x0080eb4c       0x38 c:/altera/13.0sp1/nios2eds/bin/gnu/h-i686-mingw32/bin/../lib/gcc/nios2-elf/4.1.2/mno-hw-mul\libgcc.a(lib2-mul.o)
                0x0080eb4c                __mulsi3
 .text          0x0080eb84      0x124 c:/altera/13.0sp1/nios2eds/bin/gnu/h-i686-mingw32/bin/../lib/gcc/nios2-elf/4.1.2/mno-hw-mul\libgcc.a(_muldi3.o)
                0x0080eb84                __muldi3
 .text          0x0080eca8       0xc8 c:/altera/13.0sp1/nios2eds/bin/gnu/h-i686-mingw32/bin/../lib/gcc/nios2-elf/4.1.2/mno-hw-mul\libgcc.a(_fpcmp_parts_df.o)
                0x0080eca8                __fpcmp_parts_d
 .text          0x0080ed70      0x160 ../FinalFlashedDE2_bsp/\libhal_bsp.a(alt_close.o)
                0x0080ed70                close
 .text          0x0080eed0       0x2c ../FinalFlashedDE2_bsp/\libhal_bsp.a(alt_dev.o)
 .text          0x0080eefc        0x0 ../FinalFlashedDE2_bsp/\libhal_bsp.a(alt_errno.o)
 .text          0x0080eefc      0x138 ../FinalFlashedDE2_bsp/\libhal_bsp.a(alt_fstat.o)
                0x0080eefc                fstat
 .text          0x0080f034      0x1c0 ../FinalFlashedDE2_bsp/\libhal_bsp.a(alt_irq_register.o)
                0x0080f034                alt_irq_register
 .text          0x0080f1f4        0x0 ../FinalFlashedDE2_bsp/\libhal_bsp.a(alt_irq_vars.o)
 .text          0x0080f1f4      0x124 ../FinalFlashedDE2_bsp/\libhal_bsp.a(alt_isatty.o)
                0x0080f1f4                isatty
 .text          0x0080f318      0x154 ../FinalFlashedDE2_bsp/\libhal_bsp.a(alt_lseek.o)
                0x0080f318                lseek
 .text          0x0080f46c       0x6c ../FinalFlashedDE2_bsp/\libhal_bsp.a(alt_main.o)
                0x0080f46c                alt_main
 .text          0x0080f4d8       0x40 ../FinalFlashedDE2_bsp/\libhal_bsp.a(alt_malloc_lock.o)
                0x0080f4d8                __malloc_lock
                0x0080f4f8                __malloc_unlock
 .text          0x0080f518      0x258 ../FinalFlashedDE2_bsp/\libhal_bsp.a(alt_printf.o)
                0x0080f518                alt_printf
 .text          0x0080f770       0x40 ../FinalFlashedDE2_bsp/\libhal_bsp.a(alt_putchar.o)
                0x0080f770                alt_putchar
 .text          0x0080f7b0      0x184 ../FinalFlashedDE2_bsp/\libhal_bsp.a(alt_read.o)
                0x0080f7b0                read
 .text          0x0080f934       0x78 ../FinalFlashedDE2_bsp/\libhal_bsp.a(alt_release_fd.o)
                0x0080f934                alt_release_fd
 .text          0x0080f9ac       0xbc ../FinalFlashedDE2_bsp/\libhal_bsp.a(alt_sbrk.o)
                0x0080f9ac                sbrk
 .text          0x0080fa68       0x30 ../FinalFlashedDE2_bsp/\libhal_bsp.a(alt_usleep.o)
                0x0080fa68                usleep
 .text          0x0080fa98      0x184 ../FinalFlashedDE2_bsp/\libhal_bsp.a(alt_write.o)
                0x0080fa98                write
 .text          0x0080fc1c       0xe0 ../FinalFlashedDE2_bsp/\libhal_bsp.a(alt_sys_init.o)
                0x0080fc1c                alt_irq_init
                0x0080fc50                alt_sys_init
 .text          0x0080fcfc      0x148 ../FinalFlashedDE2_bsp/\libhal_bsp.a(altera_avalon_jtag_uart_fd.o)
                0x0080fcfc                altera_avalon_jtag_uart_read_fd
                0x0080fd54                altera_avalon_jtag_uart_write_fd
                0x0080fdac                altera_avalon_jtag_uart_close_fd
                0x0080fdf4                altera_avalon_jtag_uart_ioctl_fd
 .text          0x0080fe44      0x408 ../FinalFlashedDE2_bsp/\libhal_bsp.a(altera_avalon_jtag_uart_init.o)
                0x0080fe44                altera_avalon_jtag_uart_init
                0x008101d8                altera_avalon_jtag_uart_close
 .text          0x0081024c       0xf4 ../FinalFlashedDE2_bsp/\libhal_bsp.a(altera_avalon_jtag_uart_ioctl.o)
                0x0081024c                altera_avalon_jtag_uart_ioctl
 .text          0x00810340      0x224 ../FinalFlashedDE2_bsp/\libhal_bsp.a(altera_avalon_jtag_uart_read.o)
                0x00810340                altera_avalon_jtag_uart_read
 .text          0x00810564      0x240 ../FinalFlashedDE2_bsp/\libhal_bsp.a(altera_avalon_jtag_uart_write.o)
                0x00810564                altera_avalon_jtag_uart_write
 .text          0x008107a4       0xfc ../FinalFlashedDE2_bsp/\libhal_bsp.a(altera_avalon_timer_sc.o)
                0x00810818                alt_avalon_timer_sc_init
 .text          0x008108a0      0x398 ../FinalFlashedDE2_bsp/\libhal_bsp.a(altera_up_avalon_rs232.o)
                0x008108a0                alt_up_rs232_enable_read_interrupt
                0x008108f4                alt_up_rs232_disable_read_interrupt
                0x0081094c                alt_up_rs232_get_used_space_in_read_FIFO
                0x00810988                alt_up_rs232_get_available_space_in_write_FIFO
                0x008109c8                alt_up_rs232_check_parity
                0x00810a18                alt_up_rs232_write_data
                0x00810a60                alt_up_rs232_read_data
                0x00810ad4                alt_up_rs232_read_fd
                0x00810b64                alt_up_rs232_write_fd
                0x00810bf8                alt_up_rs232_open_dev
 .text          0x00810c38      0x154 ../FinalFlashedDE2_bsp/\libhal_bsp.a(alt_alarm_start.o)
                0x00810c38                alt_alarm_start
 .text          0x00810d8c      0x15c ../FinalFlashedDE2_bsp/\libhal_bsp.a(alt_busy_sleep.o)
                0x00810d8c                alt_busy_sleep
 .text          0x00810ee8      0x114 ../FinalFlashedDE2_bsp/\libhal_bsp.a(alt_dev_llist_insert.o)
                0x00810ee8                alt_dev_llist_insert
 .text          0x00810ffc       0x64 ../FinalFlashedDE2_bsp/\libhal_bsp.a(alt_do_ctors.o)
                0x00810ffc                _do_ctors
 .text          0x00811060       0x64 ../FinalFlashedDE2_bsp/\libhal_bsp.a(alt_do_dtors.o)
                0x00811060                _do_dtors
 .text          0x008110c4       0x94 ../FinalFlashedDE2_bsp/\libhal_bsp.a(alt_find_dev.o)
                0x008110c4                alt_find_dev
 .text          0x00811158      0x150 ../FinalFlashedDE2_bsp/\libhal_bsp.a(alt_io_redirect.o)
                0x00811230                alt_io_redirect
 .text          0x008112a8        0x0 ../FinalFlashedDE2_bsp/\libhal_bsp.a(alt_irq_entry.o)
 .text          0x008112a8        0x0 ../FinalFlashedDE2_bsp/\libhal_bsp.a(alt_irq_handler.o)
 .text          0x008112a8      0x2e4 ../FinalFlashedDE2_bsp/\libhal_bsp.a(alt_open.o)
                0x008113a0                open
 .text          0x0081158c      0x1a4 ../FinalFlashedDE2_bsp/\libhal_bsp.a(alt_tick.o)
                0x0081158c                alt_alarm_stop
                0x00811624                alt_tick
 .text          0x00811730       0x20 ../FinalFlashedDE2_bsp/\libhal_bsp.a(altera_nios2_qsys_irq.o)
                0x00811730                altera_nios2_qsys_irq_init
 .text          0x00811750        0x0 ../FinalFlashedDE2_bsp/\libhal_bsp.a(alt_exception_entry.o)
 .text          0x00811750      0x120 ../FinalFlashedDE2_bsp/\libhal_bsp.a(alt_find_file.o)
                0x00811750                alt_find_file
 .text          0x00811870       0xd0 ../FinalFlashedDE2_bsp/\libhal_bsp.a(alt_get_fd.o)
                0x00811870                alt_get_fd
 .text          0x00811940       0x14 c:/altera/13.0sp1/nios2eds/bin/gnu/h-i686-mingw32/bin/../lib/gcc/nios2-elf/4.1.2/../../../../nios2-elf/lib/mno-hw-mul\libc.a(lib_a-atexit.o)
                0x00811940                atexit
 .text          0x00811954       0x38 c:/altera/13.0sp1/nios2eds/bin/gnu/h-i686-mingw32/bin/../lib/gcc/nios2-elf/4.1.2/../../../../nios2-elf/lib/mno-hw-mul\libc.a(lib_a-exit.o)
                0x00811954                exit
 .text          0x0081198c       0x74 c:/altera/13.0sp1/nios2eds/bin/gnu/h-i686-mingw32/bin/../lib/gcc/nios2-elf/4.1.2/../../../../nios2-elf/lib/mno-hw-mul\libc.a(lib_a-memcmp.o)
                0x0081198c                memcmp
 .text          0x00811a00      0x134 c:/altera/13.0sp1/nios2eds/bin/gnu/h-i686-mingw32/bin/../lib/gcc/nios2-elf/4.1.2/../../../../nios2-elf/lib/mno-hw-mul\libc.a(lib_a-__atexit.o)
                0x00811a00                __register_exitproc
 .text          0x00811b34      0x1b4 c:/altera/13.0sp1/nios2eds/bin/gnu/h-i686-mingw32/bin/../lib/gcc/nios2-elf/4.1.2/../../../../nios2-elf/lib/mno-hw-mul\libc.a(lib_a-__call_atexit.o)
                0x00811b38                __call_exitprocs
 .text          0x00811ce8       0x60 ../FinalFlashedDE2_bsp/\libhal_bsp.a(alt_exit.o)
                0x00811d28                _exit
 *(.gnu.warning.*)
 *(.fini)
                0x00811d48                PROVIDE (__etext, ABSOLUTE (.))
                0x00811d48                PROVIDE (_etext, ABSOLUTE (.))
                0x00811d48                PROVIDE (etext, ABSOLUTE (.))
 *(.eh_frame_hdr)
                0x00811d48                . = ALIGN (0x4)
                0x00811d48                PROVIDE (__preinit_array_start, ABSOLUTE (.))
 *(.preinit_array)
                0x00811d48                PROVIDE (__preinit_array_end, ABSOLUTE (.))
                0x00811d48                PROVIDE (__init_array_start, ABSOLUTE (.))
 *(.init_array)
                0x00811d48                PROVIDE (__init_array_end, ABSOLUTE (.))
                0x00811d48                PROVIDE (__fini_array_start, ABSOLUTE (.))
 *(.fini_array)
                0x00811d48                PROVIDE (__fini_array_end, ABSOLUTE (.))
 *(.eh_frame)
 *(.gcc_except_table)
 *(.dynamic)
                0x00811d48                PROVIDE (__CTOR_LIST__, ABSOLUTE (.))
 *(.ctors)
 *(SORT(.ctors.*))
 .ctors.65535   0x00811d48        0x4 c:/altera/13.0sp1/nios2eds/bin/gnu/h-i686-mingw32/bin/../lib/gcc/nios2-elf/4.1.2/../../../../nios2-elf/lib/mno-hw-mul\libc.a(lib_a-__call_atexit.o)
                0x00811d4c                PROVIDE (__CTOR_END__, ABSOLUTE (.))
                0x00811d4c                PROVIDE (__DTOR_LIST__, ABSOLUTE (.))
 *(.dtors)
 *(SORT(.dtors.*))
                0x00811d4c                PROVIDE (__DTOR_END__, ABSOLUTE (.))
 *(.jcr)
                0x00811d4c                . = ALIGN (0x4)

.rodata         0x00811d4c      0xc24
                0x00811d4c                PROVIDE (__ram_rodata_start, ABSOLUTE (.))
                0x00811d4c                . = ALIGN (0x4)
 *(.rodata .rodata.* .gnu.linkonce.r.*)
 .rodata        0x00811d4c       0x68 obj/default/CHAP_9.o
 .rodata        0x00811db4      0x140 obj/default/HAL4D13.o
 .rodata        0x00811ef4       0x48 obj/default/HID.o
 .rodata        0x00811f3c       0xbc obj/default/ISR.o
 .rodata        0x00811ff8      0x2d0 obj/default/MAINLOOP.o
 .rodata        0x008122c8       0xc8 obj/default/main.o
 .rodata        0x00812390       0x14 c:/altera/13.0sp1/nios2eds/bin/gnu/h-i686-mingw32/bin/../lib/gcc/nios2-elf/4.1.2/mno-hw-mul\libgcc.a(_thenan_df.o)
                0x00812390                __thenan_df
 .rodata        0x008123a4      0x100 c:/altera/13.0sp1/nios2eds/bin/gnu/h-i686-mingw32/bin/../lib/gcc/nios2-elf/4.1.2/mno-hw-mul\libgcc.a(_clz.o)
                0x008123a4                __clz_tab
 .rodata.str1.4
                0x008124a4        0x2 c:/altera/13.0sp1/nios2eds/bin/gnu/h-i686-mingw32/bin/../lib/gcc/nios2-elf/4.1.2/../../../../nios2-elf/lib/mno-hw-mul\libc.a(lib_a-puts.o)
                                  0x4 (size before relaxing)
 *fill*         0x008124a6        0x2 00
 .rodata.str1.4
                0x008124a8       0x5e c:/altera/13.0sp1/nios2eds/bin/gnu/h-i686-mingw32/bin/../lib/gcc/nios2-elf/4.1.2/../../../../nios2-elf/lib/mno-hw-mul\libc.a(lib_a-vfprintf.o)
                                 0x60 (size before relaxing)
 .rodata        0x00812506       0x20 c:/altera/13.0sp1/nios2eds/bin/gnu/h-i686-mingw32/bin/../lib/gcc/nios2-elf/4.1.2/../../../../nios2-elf/lib/mno-hw-mul\libc.a(lib_a-vfprintf.o)
 .rodata        0x00812526      0x281 c:/altera/13.0sp1/nios2eds/bin/gnu/h-i686-mingw32/bin/../lib/gcc/nios2-elf/4.1.2/../../../../nios2-elf/lib/mno-hw-mul\libc.a(lib_a-ctype_.o)
                0x00812526                _ctype_
 *fill*         0x008127a7        0x1 00
 .rodata.str1.4
                0x008127a8       0x10 c:/altera/13.0sp1/nios2eds/bin/gnu/h-i686-mingw32/bin/../lib/gcc/nios2-elf/4.1.2/../../../../nios2-elf/lib/mno-hw-mul\libc.a(lib_a-dtoa.o)
                                 0x14 (size before relaxing)
 .rodata.str1.4
                0x008127b8        0x2 c:/altera/13.0sp1/nios2eds/bin/gnu/h-i686-mingw32/bin/../lib/gcc/nios2-elf/4.1.2/../../../../nios2-elf/lib/mno-hw-mul\libc.a(lib_a-impure.o)
                                  0x4 (size before relaxing)
 *fill*         0x008127ba        0x2 00
 .rodata.str1.4
                0x008127bc       0x10 c:/altera/13.0sp1/nios2eds/bin/gnu/h-i686-mingw32/bin/../lib/gcc/nios2-elf/4.1.2/../../../../nios2-elf/lib/mno-hw-mul\libc.a(lib_a-locale.o)
                                 0x18 (size before relaxing)
 .rodata        0x008127cc       0x30 c:/altera/13.0sp1/nios2eds/bin/gnu/h-i686-mingw32/bin/../lib/gcc/nios2-elf/4.1.2/../../../../nios2-elf/lib/mno-hw-mul\libc.a(lib_a-locale.o)
 .rodata        0x008127fc      0x124 c:/altera/13.0sp1/nios2eds/bin/gnu/h-i686-mingw32/bin/../lib/gcc/nios2-elf/4.1.2/../../../../nios2-elf/lib/mno-hw-mul\libc.a(lib_a-mprec.o)
                0x008127fc                __mprec_tens
                0x008128c4                __mprec_bigtens
                0x008128ec                __mprec_tinytens
 .rodata        0x00812920        0xc ../FinalFlashedDE2_bsp/\libhal_bsp.a(alt_dev.o)
 .rodata        0x0081292c       0x14 ../FinalFlashedDE2_bsp/\libhal_bsp.a(alt_main.o)
 .rodata        0x00812940       0x30 ../FinalFlashedDE2_bsp/\libhal_bsp.a(alt_sys_init.o)
 *(.rodata1)
                0x00812970                . = ALIGN (0x4)
                0x00812970                PROVIDE (__ram_rodata_end, ABSOLUTE (.))
                0x00811d4c                PROVIDE (__flash_rodata_start, LOADADDR (.rodata))

.rwdata         0x00812970     0x1d90
                0x00812970                PROVIDE (__ram_rwdata_start, ABSOLUTE (.))
                0x00812970                . = ALIGN (0x4)
 *(.got.plt)
 *(.got)
 *(.data1)
 *(.data .data.* .gnu.linkonce.d.*)
 .data          0x00812970        0x0 ../FinalFlashedDE2_bsp//obj/HAL/src/crt0.o
 .data          0x00812970      0x194 obj/default/CHAP_9.o
                0x00812970                DeviceDescr
                0x00812982                ConfigDescr_a
                0x008129a4                ConfigDescr
                0x008129ec                REPORT_DESCRIPTOR2
                0x00812a19                REPORT_DESCRIPTOR
                0x00812a46                strInterface
                0x00812a5e                strConfiguration
                0x00812a70                strSerialNum
                0x00812a8a                strProduct
                0x00812acc                strManufacturer
 .data          0x00812b04        0x0 obj/default/HAL4D13.o
 .data          0x00812b04        0x0 obj/default/HID.o
 .data          0x00812b04        0x0 obj/default/ISR.o
 .data          0x00812b04      0x128 obj/default/MAINLOOP.o
                0x00812b04                StandardDeviceRequest
                0x00812b38                _NAME_USB_REQUEST_RECIPIENT
                0x00812b48                _NAME_USB_REQUEST_TYPE
                0x00812b58                _NAME_USB_STANDARD_REQUEST
                0x00812b8c                ClassDeviceRequest
                0x00812bbc                _NAME_USB_CLASS_REQUEST
                0x00812bec                _NAME_USB_VENDOR_REQUEST
 .data          0x00812c2c        0x0 obj/default/main.o
 .data          0x00812c2c        0x0 obj/default/usb_irq.o
 .data          0x00812c2c        0x0 c:/altera/13.0sp1/nios2eds/bin/gnu/h-i686-mingw32/bin/../lib/gcc/nios2-elf/4.1.2/mno-hw-mul\libgcc.a(_addsub_df.o)
 .data          0x00812c2c        0x0 c:/altera/13.0sp1/nios2eds/bin/gnu/h-i686-mingw32/bin/../lib/gcc/nios2-elf/4.1.2/mno-hw-mul\libgcc.a(_si_to_df.o)
 .data          0x00812c2c        0x0 c:/altera/13.0sp1/nios2eds/bin/gnu/h-i686-mingw32/bin/../lib/gcc/nios2-elf/4.1.2/mno-hw-mul\libgcc.a(_df_to_si.o)
 .data          0x00812c2c        0x0 c:/altera/13.0sp1/nios2eds/bin/gnu/h-i686-mingw32/bin/../lib/gcc/nios2-elf/4.1.2/mno-hw-mul\libgcc.a(_thenan_df.o)
 .data          0x00812c2c        0x0 c:/altera/13.0sp1/nios2eds/bin/gnu/h-i686-mingw32/bin/../lib/gcc/nios2-elf/4.1.2/mno-hw-mul\libgcc.a(lib2-divmod.o)
 .data          0x00812c2c        0x0 c:/altera/13.0sp1/nios2eds/bin/gnu/h-i686-mingw32/bin/../lib/gcc/nios2-elf/4.1.2/mno-hw-mul\libgcc.a(_clzsi2.o)
 .data          0x00812c2c        0x0 c:/altera/13.0sp1/nios2eds/bin/gnu/h-i686-mingw32/bin/../lib/gcc/nios2-elf/4.1.2/mno-hw-mul\libgcc.a(_pack_df.o)
 .data          0x00812c2c        0x0 c:/altera/13.0sp1/nios2eds/bin/gnu/h-i686-mingw32/bin/../lib/gcc/nios2-elf/4.1.2/mno-hw-mul\libgcc.a(_unpack_df.o)
 .data          0x00812c2c        0x0 c:/altera/13.0sp1/nios2eds/bin/gnu/h-i686-mingw32/bin/../lib/gcc/nios2-elf/4.1.2/mno-hw-mul\libgcc.a(_clz.o)
 .data          0x00812c2c        0x0 c:/altera/13.0sp1/nios2eds/bin/gnu/h-i686-mingw32/bin/../lib/gcc/nios2-elf/4.1.2/../../../../nios2-elf/lib/mno-hw-mul\libc.a(lib_a-atoi.o)
 .data          0x00812c2c        0x0 c:/altera/13.0sp1/nios2eds/bin/gnu/h-i686-mingw32/bin/../lib/gcc/nios2-elf/4.1.2/../../../../nios2-elf/lib/mno-hw-mul\libc.a(lib_a-printf.o)
 .data          0x00812c2c        0x0 c:/altera/13.0sp1/nios2eds/bin/gnu/h-i686-mingw32/bin/../lib/gcc/nios2-elf/4.1.2/../../../../nios2-elf/lib/mno-hw-mul\libc.a(lib_a-putchar.o)
 .data          0x00812c2c        0x0 c:/altera/13.0sp1/nios2eds/bin/gnu/h-i686-mingw32/bin/../lib/gcc/nios2-elf/4.1.2/../../../../nios2-elf/lib/mno-hw-mul\libc.a(lib_a-puts.o)
 .data          0x00812c2c        0x0 c:/altera/13.0sp1/nios2eds/bin/gnu/h-i686-mingw32/bin/../lib/gcc/nios2-elf/4.1.2/../../../../nios2-elf/lib/mno-hw-mul\libc.a(lib_a-strlen.o)
 .data          0x00812c2c        0x0 c:/altera/13.0sp1/nios2eds/bin/gnu/h-i686-mingw32/bin/../lib/gcc/nios2-elf/4.1.2/../../../../nios2-elf/lib/mno-hw-mul\libc.a(lib_a-strtol.o)
 .data          0x00812c2c        0x0 c:/altera/13.0sp1/nios2eds/bin/gnu/h-i686-mingw32/bin/../lib/gcc/nios2-elf/4.1.2/../../../../nios2-elf/lib/mno-hw-mul\libc.a(lib_a-vfprintf.o)
 .data          0x00812c2c        0x0 c:/altera/13.0sp1/nios2eds/bin/gnu/h-i686-mingw32/bin/../lib/gcc/nios2-elf/4.1.2/../../../../nios2-elf/lib/mno-hw-mul\libc.a(lib_a-wsetup.o)
 .data          0x00812c2c        0x0 c:/altera/13.0sp1/nios2eds/bin/gnu/h-i686-mingw32/bin/../lib/gcc/nios2-elf/4.1.2/../../../../nios2-elf/lib/mno-hw-mul\libc.a(lib_a-ctype_.o)
 .data          0x00812c2c        0x0 c:/altera/13.0sp1/nios2eds/bin/gnu/h-i686-mingw32/bin/../lib/gcc/nios2-elf/4.1.2/../../../../nios2-elf/lib/mno-hw-mul\libc.a(lib_a-dtoa.o)
 .data          0x00812c2c        0x0 c:/altera/13.0sp1/nios2eds/bin/gnu/h-i686-mingw32/bin/../lib/gcc/nios2-elf/4.1.2/../../../../nios2-elf/lib/mno-hw-mul\libc.a(lib_a-fflush.o)
 .data          0x00812c2c        0x0 c:/altera/13.0sp1/nios2eds/bin/gnu/h-i686-mingw32/bin/../lib/gcc/nios2-elf/4.1.2/../../../../nios2-elf/lib/mno-hw-mul\libc.a(lib_a-findfp.o)
 .data          0x00812c2c        0x0 c:/altera/13.0sp1/nios2eds/bin/gnu/h-i686-mingw32/bin/../lib/gcc/nios2-elf/4.1.2/../../../../nios2-elf/lib/mno-hw-mul\libc.a(lib_a-freer.o)
 .data          0x00812c2c        0x0 c:/altera/13.0sp1/nios2eds/bin/gnu/h-i686-mingw32/bin/../lib/gcc/nios2-elf/4.1.2/../../../../nios2-elf/lib/mno-hw-mul\libc.a(lib_a-fvwrite.o)
 .data          0x00812c2c        0x0 c:/altera/13.0sp1/nios2eds/bin/gnu/h-i686-mingw32/bin/../lib/gcc/nios2-elf/4.1.2/../../../../nios2-elf/lib/mno-hw-mul\libc.a(lib_a-fwalk.o)
 .data          0x00812c2c      0x400 c:/altera/13.0sp1/nios2eds/bin/gnu/h-i686-mingw32/bin/../lib/gcc/nios2-elf/4.1.2/../../../../nios2-elf/lib/mno-hw-mul\libc.a(lib_a-impure.o)
 .data          0x0081302c        0xc c:/altera/13.0sp1/nios2eds/bin/gnu/h-i686-mingw32/bin/../lib/gcc/nios2-elf/4.1.2/../../../../nios2-elf/lib/mno-hw-mul\libc.a(lib_a-locale.o)
                0x0081302c                __lc_ctype
 .data          0x00813038        0x0 c:/altera/13.0sp1/nios2eds/bin/gnu/h-i686-mingw32/bin/../lib/gcc/nios2-elf/4.1.2/../../../../nios2-elf/lib/mno-hw-mul\libc.a(lib_a-makebuf.o)
 .data          0x00813038      0x408 c:/altera/13.0sp1/nios2eds/bin/gnu/h-i686-mingw32/bin/../lib/gcc/nios2-elf/4.1.2/../../../../nios2-elf/lib/mno-hw-mul\libc.a(lib_a-mallocr.o)
                0x00813038                __malloc_av_
 .data          0x00813440        0x0 c:/altera/13.0sp1/nios2eds/bin/gnu/h-i686-mingw32/bin/../lib/gcc/nios2-elf/4.1.2/../../../../nios2-elf/lib/mno-hw-mul\libc.a(lib_a-memchr.o)
 .data          0x00813440        0x0 c:/altera/13.0sp1/nios2eds/bin/gnu/h-i686-mingw32/bin/../lib/gcc/nios2-elf/4.1.2/../../../../nios2-elf/lib/mno-hw-mul\libc.a(lib_a-memcpy.o)
 .data          0x00813440        0x0 c:/altera/13.0sp1/nios2eds/bin/gnu/h-i686-mingw32/bin/../lib/gcc/nios2-elf/4.1.2/../../../../nios2-elf/lib/mno-hw-mul\libc.a(lib_a-memmove.o)
 .data          0x00813440        0x0 c:/altera/13.0sp1/nios2eds/bin/gnu/h-i686-mingw32/bin/../lib/gcc/nios2-elf/4.1.2/../../../../nios2-elf/lib/mno-hw-mul\libc.a(lib_a-memset.o)
 .data          0x00813440        0x0 c:/altera/13.0sp1/nios2eds/bin/gnu/h-i686-mingw32/bin/../lib/gcc/nios2-elf/4.1.2/../../../../nios2-elf/lib/mno-hw-mul\libc.a(lib_a-mprec.o)
 .data          0x00813440        0x0 c:/altera/13.0sp1/nios2eds/bin/gnu/h-i686-mingw32/bin/../lib/gcc/nios2-elf/4.1.2/../../../../nios2-elf/lib/mno-hw-mul\libc.a(lib_a-putc.o)
 .data          0x00813440        0x0 c:/altera/13.0sp1/nios2eds/bin/gnu/h-i686-mingw32/bin/../lib/gcc/nios2-elf/4.1.2/../../../../nios2-elf/lib/mno-hw-mul\libc.a(lib_a-reallocr.o)
 .data          0x00813440        0x0 c:/altera/13.0sp1/nios2eds/bin/gnu/h-i686-mingw32/bin/../lib/gcc/nios2-elf/4.1.2/../../../../nios2-elf/lib/mno-hw-mul\libc.a(lib_a-s_isinfd.o)
 .data          0x00813440        0x0 c:/altera/13.0sp1/nios2eds/bin/gnu/h-i686-mingw32/bin/../lib/gcc/nios2-elf/4.1.2/../../../../nios2-elf/lib/mno-hw-mul\libc.a(lib_a-s_isnand.o)
 .data          0x00813440        0x0 c:/altera/13.0sp1/nios2eds/bin/gnu/h-i686-mingw32/bin/../lib/gcc/nios2-elf/4.1.2/../../../../nios2-elf/lib/mno-hw-mul\libc.a(lib_a-sbrkr.o)
 .data          0x00813440        0x0 c:/altera/13.0sp1/nios2eds/bin/gnu/h-i686-mingw32/bin/../lib/gcc/nios2-elf/4.1.2/../../../../nios2-elf/lib/mno-hw-mul\libc.a(lib_a-stdio.o)
 .data          0x00813440        0x0 c:/altera/13.0sp1/nios2eds/bin/gnu/h-i686-mingw32/bin/../lib/gcc/nios2-elf/4.1.2/../../../../nios2-elf/lib/mno-hw-mul\libc.a(lib_a-strcmp.o)
 .data          0x00813440        0x0 c:/altera/13.0sp1/nios2eds/bin/gnu/h-i686-mingw32/bin/../lib/gcc/nios2-elf/4.1.2/../../../../nios2-elf/lib/mno-hw-mul\libc.a(lib_a-wbuf.o)
 .data          0x00813440        0x0 c:/altera/13.0sp1/nios2eds/bin/gnu/h-i686-mingw32/bin/../lib/gcc/nios2-elf/4.1.2/../../../../nios2-elf/lib/mno-hw-mul\libc.a(lib_a-writer.o)
 .data          0x00813440        0x0 c:/altera/13.0sp1/nios2eds/bin/gnu/h-i686-mingw32/bin/../lib/gcc/nios2-elf/4.1.2/../../../../nios2-elf/lib/mno-hw-mul\libc.a(lib_a-callocr.o)
 .data          0x00813440        0x0 c:/altera/13.0sp1/nios2eds/bin/gnu/h-i686-mingw32/bin/../lib/gcc/nios2-elf/4.1.2/../../../../nios2-elf/lib/mno-hw-mul\libc.a(lib_a-closer.o)
 .data          0x00813440        0x0 c:/altera/13.0sp1/nios2eds/bin/gnu/h-i686-mingw32/bin/../lib/gcc/nios2-elf/4.1.2/../../../../nios2-elf/lib/mno-hw-mul\libc.a(lib_a-fclose.o)
 .data          0x00813440        0x0 c:/altera/13.0sp1/nios2eds/bin/gnu/h-i686-mingw32/bin/../lib/gcc/nios2-elf/4.1.2/../../../../nios2-elf/lib/mno-hw-mul\libc.a(lib_a-fstatr.o)
 .data          0x00813440        0x0 c:/altera/13.0sp1/nios2eds/bin/gnu/h-i686-mingw32/bin/../lib/gcc/nios2-elf/4.1.2/../../../../nios2-elf/lib/mno-hw-mul\libc.a(lib_a-int_errno.o)
 .data          0x00813440        0x0 c:/altera/13.0sp1/nios2eds/bin/gnu/h-i686-mingw32/bin/../lib/gcc/nios2-elf/4.1.2/../../../../nios2-elf/lib/mno-hw-mul\libc.a(lib_a-isattyr.o)
 .data          0x00813440        0x0 c:/altera/13.0sp1/nios2eds/bin/gnu/h-i686-mingw32/bin/../lib/gcc/nios2-elf/4.1.2/../../../../nios2-elf/lib/mno-hw-mul\libc.a(lib_a-lseekr.o)
 .data          0x00813440        0x0 c:/altera/13.0sp1/nios2eds/bin/gnu/h-i686-mingw32/bin/../lib/gcc/nios2-elf/4.1.2/../../../../nios2-elf/lib/mno-hw-mul\libc.a(lib_a-readr.o)
 .data          0x00813440        0x0 c:/altera/13.0sp1/nios2eds/bin/gnu/h-i686-mingw32/bin/../lib/gcc/nios2-elf/4.1.2/mno-hw-mul\libgcc.a(_udivdi3.o)
 .data          0x00813440        0x0 c:/altera/13.0sp1/nios2eds/bin/gnu/h-i686-mingw32/bin/../lib/gcc/nios2-elf/4.1.2/mno-hw-mul\libgcc.a(_umoddi3.o)
 .data          0x00813440        0x0 c:/altera/13.0sp1/nios2eds/bin/gnu/h-i686-mingw32/bin/../lib/gcc/nios2-elf/4.1.2/mno-hw-mul\libgcc.a(_mul_df.o)
 .data          0x00813440        0x0 c:/altera/13.0sp1/nios2eds/bin/gnu/h-i686-mingw32/bin/../lib/gcc/nios2-elf/4.1.2/mno-hw-mul\libgcc.a(_div_df.o)
 .data          0x00813440        0x0 c:/altera/13.0sp1/nios2eds/bin/gnu/h-i686-mingw32/bin/../lib/gcc/nios2-elf/4.1.2/mno-hw-mul\libgcc.a(_eq_df.o)
 .data          0x00813440        0x0 c:/altera/13.0sp1/nios2eds/bin/gnu/h-i686-mingw32/bin/../lib/gcc/nios2-elf/4.1.2/mno-hw-mul\libgcc.a(_ne_df.o)
 .data          0x00813440        0x0 c:/altera/13.0sp1/nios2eds/bin/gnu/h-i686-mingw32/bin/../lib/gcc/nios2-elf/4.1.2/mno-hw-mul\libgcc.a(_gt_df.o)
 .data          0x00813440        0x0 c:/altera/13.0sp1/nios2eds/bin/gnu/h-i686-mingw32/bin/../lib/gcc/nios2-elf/4.1.2/mno-hw-mul\libgcc.a(_ge_df.o)
 .data          0x00813440        0x0 c:/altera/13.0sp1/nios2eds/bin/gnu/h-i686-mingw32/bin/../lib/gcc/nios2-elf/4.1.2/mno-hw-mul\libgcc.a(_lt_df.o)
 .data          0x00813440        0x0 c:/altera/13.0sp1/nios2eds/bin/gnu/h-i686-mingw32/bin/../lib/gcc/nios2-elf/4.1.2/mno-hw-mul\libgcc.a(_usi_to_df.o)
 .data          0x00813440        0x0 c:/altera/13.0sp1/nios2eds/bin/gnu/h-i686-mingw32/bin/../lib/gcc/nios2-elf/4.1.2/mno-hw-mul\libgcc.a(lib2-mul.o)
 .data          0x00813440        0x0 c:/altera/13.0sp1/nios2eds/bin/gnu/h-i686-mingw32/bin/../lib/gcc/nios2-elf/4.1.2/mno-hw-mul\libgcc.a(_muldi3.o)
 .data          0x00813440        0x0 c:/altera/13.0sp1/nios2eds/bin/gnu/h-i686-mingw32/bin/../lib/gcc/nios2-elf/4.1.2/mno-hw-mul\libgcc.a(_fpcmp_parts_df.o)
 .data          0x00813440        0x0 ../FinalFlashedDE2_bsp/\libhal_bsp.a(alt_close.o)
 .data          0x00813440      0x1a8 ../FinalFlashedDE2_bsp/\libhal_bsp.a(alt_dev.o)
                0x00813440                alt_dev_null
                0x00813468                alt_fd_list
 .data          0x008135e8        0x0 ../FinalFlashedDE2_bsp/\libhal_bsp.a(alt_errno.o)
 .data          0x008135e8        0x0 ../FinalFlashedDE2_bsp/\libhal_bsp.a(alt_fstat.o)
 .data          0x008135e8        0x0 ../FinalFlashedDE2_bsp/\libhal_bsp.a(alt_irq_register.o)
 .data          0x008135e8        0x0 ../FinalFlashedDE2_bsp/\libhal_bsp.a(alt_irq_vars.o)
 .data          0x008135e8        0x0 ../FinalFlashedDE2_bsp/\libhal_bsp.a(alt_isatty.o)
 .data          0x008135e8        0x0 ../FinalFlashedDE2_bsp/\libhal_bsp.a(alt_lseek.o)
 .data          0x008135e8        0x0 ../FinalFlashedDE2_bsp/\libhal_bsp.a(alt_main.o)
 .data          0x008135e8        0x0 ../FinalFlashedDE2_bsp/\libhal_bsp.a(alt_malloc_lock.o)
 .data          0x008135e8        0x0 ../FinalFlashedDE2_bsp/\libhal_bsp.a(alt_printf.o)
 .data          0x008135e8        0x0 ../FinalFlashedDE2_bsp/\libhal_bsp.a(alt_putchar.o)
 .data          0x008135e8        0x0 ../FinalFlashedDE2_bsp/\libhal_bsp.a(alt_read.o)
 .data          0x008135e8        0x0 ../FinalFlashedDE2_bsp/\libhal_bsp.a(alt_release_fd.o)
 .data          0x008135e8        0x0 ../FinalFlashedDE2_bsp/\libhal_bsp.a(alt_sbrk.o)
 .data          0x008135e8        0x0 ../FinalFlashedDE2_bsp/\libhal_bsp.a(alt_usleep.o)
 .data          0x008135e8        0x0 ../FinalFlashedDE2_bsp/\libhal_bsp.a(alt_write.o)
 .data          0x008135e8     0x10c0 ../FinalFlashedDE2_bsp/\libhal_bsp.a(alt_sys_init.o)
 .data          0x008146a8        0x0 ../FinalFlashedDE2_bsp/\libhal_bsp.a(altera_avalon_jtag_uart_fd.o)
 .data          0x008146a8        0x0 ../FinalFlashedDE2_bsp/\libhal_bsp.a(altera_avalon_jtag_uart_init.o)
 .data          0x008146a8        0x0 ../FinalFlashedDE2_bsp/\libhal_bsp.a(altera_avalon_jtag_uart_ioctl.o)
 .data          0x008146a8        0x0 ../FinalFlashedDE2_bsp/\libhal_bsp.a(altera_avalon_jtag_uart_read.o)
 .data          0x008146a8        0x0 ../FinalFlashedDE2_bsp/\libhal_bsp.a(altera_avalon_jtag_uart_write.o)
 .data          0x008146a8        0x0 ../FinalFlashedDE2_bsp/\libhal_bsp.a(altera_avalon_timer_sc.o)
 .data          0x008146a8        0x0 ../FinalFlashedDE2_bsp/\libhal_bsp.a(altera_up_avalon_rs232.o)
 .data          0x008146a8        0x0 ../FinalFlashedDE2_bsp/\libhal_bsp.a(alt_alarm_start.o)
 .data          0x008146a8        0x0 ../FinalFlashedDE2_bsp/\libhal_bsp.a(alt_busy_sleep.o)
 .data          0x008146a8        0x0 ../FinalFlashedDE2_bsp/\libhal_bsp.a(alt_dev_llist_insert.o)
 .data          0x008146a8        0x0 ../FinalFlashedDE2_bsp/\libhal_bsp.a(alt_do_ctors.o)
 .data          0x008146a8        0x0 ../FinalFlashedDE2_bsp/\libhal_bsp.a(alt_do_dtors.o)
 .data          0x008146a8        0x0 ../FinalFlashedDE2_bsp/\libhal_bsp.a(alt_find_dev.o)
 .data          0x008146a8        0x0 ../FinalFlashedDE2_bsp/\libhal_bsp.a(alt_io_redirect.o)
 .data          0x008146a8        0x0 ../FinalFlashedDE2_bsp/\libhal_bsp.a(alt_irq_entry.o)
 .data          0x008146a8        0x0 ../FinalFlashedDE2_bsp/\libhal_bsp.a(alt_irq_handler.o)
 .data          0x008146a8        0x0 ../FinalFlashedDE2_bsp/\libhal_bsp.a(alt_open.o)
 .data          0x008146a8        0x0 ../FinalFlashedDE2_bsp/\libhal_bsp.a(alt_tick.o)
 .data          0x008146a8        0x0 ../FinalFlashedDE2_bsp/\libhal_bsp.a(altera_nios2_qsys_irq.o)
 .data          0x008146a8        0x0 ../FinalFlashedDE2_bsp/\libhal_bsp.a(alt_exception_entry.o)
 .data          0x008146a8        0x0 ../FinalFlashedDE2_bsp/\libhal_bsp.a(alt_find_file.o)
 .data          0x008146a8        0x0 ../FinalFlashedDE2_bsp/\libhal_bsp.a(alt_get_fd.o)
 .data          0x008146a8        0x0 c:/altera/13.0sp1/nios2eds/bin/gnu/h-i686-mingw32/bin/../lib/gcc/nios2-elf/4.1.2/../../../../nios2-elf/lib/mno-hw-mul\libc.a(lib_a-atexit.o)
 .data          0x008146a8        0x0 c:/altera/13.0sp1/nios2eds/bin/gnu/h-i686-mingw32/bin/../lib/gcc/nios2-elf/4.1.2/../../../../nios2-elf/lib/mno-hw-mul\libc.a(lib_a-exit.o)
 .data          0x008146a8        0x0 c:/altera/13.0sp1/nios2eds/bin/gnu/h-i686-mingw32/bin/../lib/gcc/nios2-elf/4.1.2/../../../../nios2-elf/lib/mno-hw-mul\libc.a(lib_a-memcmp.o)
 .data          0x008146a8        0x0 c:/altera/13.0sp1/nios2eds/bin/gnu/h-i686-mingw32/bin/../lib/gcc/nios2-elf/4.1.2/../../../../nios2-elf/lib/mno-hw-mul\libc.a(lib_a-__atexit.o)
 .data          0x008146a8        0x0 c:/altera/13.0sp1/nios2eds/bin/gnu/h-i686-mingw32/bin/../lib/gcc/nios2-elf/4.1.2/../../../../nios2-elf/lib/mno-hw-mul\libc.a(lib_a-__call_atexit.o)
 .data          0x008146a8        0x0 ../FinalFlashedDE2_bsp/\libhal_bsp.a(alt_exit.o)
                0x0081c6a8                _gp = ABSOLUTE ((. + 0x8000))
                0x0081c6a8                PROVIDE (gp, _gp)
 *(.rwdata .rwdata.*)
 *(.sdata .sdata.* .gnu.linkonce.s.*)
 .sdata         0x008146a8        0x4 obj/default/CHAP_9.o
                0x008146a8                strLanguage
 .sdata         0x008146ac        0xc obj/default/MAINLOOP.o
                0x008146ac                _NAME_USB_REQUEST_DIRECTION
                0x008146b4                VendorDeviceRequest
 .sdata         0x008146b8        0x1 obj/default/usb_irq.o
                0x008146b8                INT_Enabled
 *fill*         0x008146b9        0x3 00
 .sdata         0x008146bc        0x4 c:/altera/13.0sp1/nios2eds/bin/gnu/h-i686-mingw32/bin/../lib/gcc/nios2-elf/4.1.2/../../../../nios2-elf/lib/mno-hw-mul\libc.a(lib_a-ctype_.o)
                0x008146bc                __ctype_ptr
 .sdata         0x008146c0        0x8 c:/altera/13.0sp1/nios2eds/bin/gnu/h-i686-mingw32/bin/../lib/gcc/nios2-elf/4.1.2/../../../../nios2-elf/lib/mno-hw-mul\libc.a(lib_a-impure.o)
                0x008146c0                _impure_ptr
                0x008146c4                _global_impure_ptr
 .sdata         0x008146c8        0x8 c:/altera/13.0sp1/nios2eds/bin/gnu/h-i686-mingw32/bin/../lib/gcc/nios2-elf/4.1.2/../../../../nios2-elf/lib/mno-hw-mul\libc.a(lib_a-locale.o)
                0x008146c8                __mb_cur_max
 .sdata         0x008146d0        0x8 c:/altera/13.0sp1/nios2eds/bin/gnu/h-i686-mingw32/bin/../lib/gcc/nios2-elf/4.1.2/../../../../nios2-elf/lib/mno-hw-mul\libc.a(lib_a-mallocr.o)
                0x008146d0                __malloc_trim_threshold
                0x008146d4                __malloc_sbrk_base
 .sdata         0x008146d8       0x14 ../FinalFlashedDE2_bsp/\libhal_bsp.a(alt_dev.o)
                0x008146d8                alt_fs_list
                0x008146e0                alt_dev_list
                0x008146e8                alt_max_fd
 .sdata         0x008146ec        0x4 ../FinalFlashedDE2_bsp/\libhal_bsp.a(alt_errno.o)
                0x008146ec                alt_errno
 .sdata         0x008146f0        0x4 ../FinalFlashedDE2_bsp/\libhal_bsp.a(alt_irq_vars.o)
                0x008146f0                alt_priority_mask
 .sdata         0x008146f4        0x4 ../FinalFlashedDE2_bsp/\libhal_bsp.a(alt_sbrk.o)
 .sdata         0x008146f8        0x8 ../FinalFlashedDE2_bsp/\libhal_bsp.a(alt_tick.o)
                0x008146f8                alt_alarm_list
 *(.sdata2 .sdata2.* .gnu.linkonce.s2.*)
                0x00814700                . = ALIGN (0x4)
                0x00814700                _edata = ABSOLUTE (.)
                0x00814700                PROVIDE (edata, ABSOLUTE (.))
                0x00814700                PROVIDE (__ram_rwdata_end, ABSOLUTE (.))
                0x00812970                PROVIDE (__flash_rwdata_start, LOADADDR (.rwdata))

.bss            0x00814700      0x338
                0x00814700                __bss_start = ABSOLUTE (.)
                0x00814700                PROVIDE (__sbss_start, ABSOLUTE (.))
                0x00814700                PROVIDE (___sbss_start, ABSOLUTE (.))
 *(.dynsbss)
 *(.sbss .sbss.* .gnu.linkonce.sb.*)
 .sbss          0x00814700        0x1 obj/default/CHAP_9.o
                0x00814700                ALTERNATIVE_SETTING
 *fill*         0x00814701        0x3 00
 .sbss          0x00814704       0x1f obj/default/main.o
                0x00814704                bD13flags
                0x00814708                new_report
                0x00814710                ioRequest
                0x00814718                hid_settings
                0x00814720                bUSBCheck_Device_State
 *fill*         0x00814723        0x1 00
 .sbss          0x00814724        0x4 obj/default/usb_irq.o
                0x00814724                status
 .sbss          0x00814728        0xc c:/altera/13.0sp1/nios2eds/bin/gnu/h-i686-mingw32/bin/../lib/gcc/nios2-elf/4.1.2/../../../../nios2-elf/lib/mno-hw-mul\libc.a(lib_a-locale.o)
                0x00814728                __nlocale_changed
                0x0081472c                __mlocale_changed
                0x00814730                _PathLocale
 .sbss          0x00814734        0xc c:/altera/13.0sp1/nios2eds/bin/gnu/h-i686-mingw32/bin/../lib/gcc/nios2-elf/4.1.2/../../../../nios2-elf/lib/mno-hw-mul\libc.a(lib_a-mallocr.o)
                0x00814734                __malloc_top_pad
                0x00814738                __malloc_max_sbrked_mem
                0x0081473c                __malloc_max_total_mem
 .sbss          0x00814740        0x4 c:/altera/13.0sp1/nios2eds/bin/gnu/h-i686-mingw32/bin/../lib/gcc/nios2-elf/4.1.2/../../../../nios2-elf/lib/mno-hw-mul\libc.a(lib_a-int_errno.o)
                0x00814740                errno
 .sbss          0x00814744        0x4 ../FinalFlashedDE2_bsp/\libhal_bsp.a(alt_irq_vars.o)
                0x00814744                alt_irq_active
 .sbss          0x00814748        0xc ../FinalFlashedDE2_bsp/\libhal_bsp.a(alt_main.o)
                0x00814748                alt_argc
                0x0081474c                alt_argv
                0x00814750                alt_envp
 .sbss          0x00814754        0x8 ../FinalFlashedDE2_bsp/\libhal_bsp.a(alt_tick.o)
                0x00814754                _alt_tick_rate
                0x00814758                _alt_nticks
 *(.sbss2 .sbss2.* .gnu.linkonce.sb2.*)
 *(.scommon)
                0x0081475c                PROVIDE (__sbss_end, ABSOLUTE (.))
                0x0081475c                PROVIDE (___sbss_end, ABSOLUTE (.))
 *(.dynbss)
 *(.bss .bss.* .gnu.linkonce.b.*)
 .bss           0x0081475c        0x0 ../FinalFlashedDE2_bsp//obj/HAL/src/crt0.o
 .bss           0x0081475c        0x0 obj/default/CHAP_9.o
 .bss           0x0081475c        0x0 obj/default/HAL4D13.o
 .bss           0x0081475c        0x0 obj/default/HID.o
 .bss           0x0081475c        0x0 obj/default/ISR.o
 .bss           0x0081475c        0x0 obj/default/MAINLOOP.o
 .bss           0x0081475c        0x0 obj/default/main.o
 .bss           0x0081475c        0x0 obj/default/usb_irq.o
 .bss           0x0081475c        0x0 c:/altera/13.0sp1/nios2eds/bin/gnu/h-i686-mingw32/bin/../lib/gcc/nios2-elf/4.1.2/mno-hw-mul\libgcc.a(_addsub_df.o)
 .bss           0x0081475c        0x0 c:/altera/13.0sp1/nios2eds/bin/gnu/h-i686-mingw32/bin/../lib/gcc/nios2-elf/4.1.2/mno-hw-mul\libgcc.a(_si_to_df.o)
 .bss           0x0081475c        0x0 c:/altera/13.0sp1/nios2eds/bin/gnu/h-i686-mingw32/bin/../lib/gcc/nios2-elf/4.1.2/mno-hw-mul\libgcc.a(_df_to_si.o)
 .bss           0x0081475c        0x0 c:/altera/13.0sp1/nios2eds/bin/gnu/h-i686-mingw32/bin/../lib/gcc/nios2-elf/4.1.2/mno-hw-mul\libgcc.a(_thenan_df.o)
 .bss           0x0081475c        0x0 c:/altera/13.0sp1/nios2eds/bin/gnu/h-i686-mingw32/bin/../lib/gcc/nios2-elf/4.1.2/mno-hw-mul\libgcc.a(lib2-divmod.o)
 .bss           0x0081475c        0x0 c:/altera/13.0sp1/nios2eds/bin/gnu/h-i686-mingw32/bin/../lib/gcc/nios2-elf/4.1.2/mno-hw-mul\libgcc.a(_clzsi2.o)
 .bss           0x0081475c        0x0 c:/altera/13.0sp1/nios2eds/bin/gnu/h-i686-mingw32/bin/../lib/gcc/nios2-elf/4.1.2/mno-hw-mul\libgcc.a(_pack_df.o)
 .bss           0x0081475c        0x0 c:/altera/13.0sp1/nios2eds/bin/gnu/h-i686-mingw32/bin/../lib/gcc/nios2-elf/4.1.2/mno-hw-mul\libgcc.a(_unpack_df.o)
 .bss           0x0081475c        0x0 c:/altera/13.0sp1/nios2eds/bin/gnu/h-i686-mingw32/bin/../lib/gcc/nios2-elf/4.1.2/mno-hw-mul\libgcc.a(_clz.o)
 .bss           0x0081475c        0x0 c:/altera/13.0sp1/nios2eds/bin/gnu/h-i686-mingw32/bin/../lib/gcc/nios2-elf/4.1.2/../../../../nios2-elf/lib/mno-hw-mul\libc.a(lib_a-atoi.o)
 .bss           0x0081475c        0x0 c:/altera/13.0sp1/nios2eds/bin/gnu/h-i686-mingw32/bin/../lib/gcc/nios2-elf/4.1.2/../../../../nios2-elf/lib/mno-hw-mul\libc.a(lib_a-printf.o)
 .bss           0x0081475c        0x0 c:/altera/13.0sp1/nios2eds/bin/gnu/h-i686-mingw32/bin/../lib/gcc/nios2-elf/4.1.2/../../../../nios2-elf/lib/mno-hw-mul\libc.a(lib_a-putchar.o)
 .bss           0x0081475c        0x0 c:/altera/13.0sp1/nios2eds/bin/gnu/h-i686-mingw32/bin/../lib/gcc/nios2-elf/4.1.2/../../../../nios2-elf/lib/mno-hw-mul\libc.a(lib_a-puts.o)
 .bss           0x0081475c        0x0 c:/altera/13.0sp1/nios2eds/bin/gnu/h-i686-mingw32/bin/../lib/gcc/nios2-elf/4.1.2/../../../../nios2-elf/lib/mno-hw-mul\libc.a(lib_a-strlen.o)
 .bss           0x0081475c        0x0 c:/altera/13.0sp1/nios2eds/bin/gnu/h-i686-mingw32/bin/../lib/gcc/nios2-elf/4.1.2/../../../../nios2-elf/lib/mno-hw-mul\libc.a(lib_a-strtol.o)
 .bss           0x0081475c        0x0 c:/altera/13.0sp1/nios2eds/bin/gnu/h-i686-mingw32/bin/../lib/gcc/nios2-elf/4.1.2/../../../../nios2-elf/lib/mno-hw-mul\libc.a(lib_a-vfprintf.o)
 .bss           0x0081475c        0x0 c:/altera/13.0sp1/nios2eds/bin/gnu/h-i686-mingw32/bin/../lib/gcc/nios2-elf/4.1.2/../../../../nios2-elf/lib/mno-hw-mul\libc.a(lib_a-wsetup.o)
 .bss           0x0081475c        0x0 c:/altera/13.0sp1/nios2eds/bin/gnu/h-i686-mingw32/bin/../lib/gcc/nios2-elf/4.1.2/../../../../nios2-elf/lib/mno-hw-mul\libc.a(lib_a-ctype_.o)
 .bss           0x0081475c        0x0 c:/altera/13.0sp1/nios2eds/bin/gnu/h-i686-mingw32/bin/../lib/gcc/nios2-elf/4.1.2/../../../../nios2-elf/lib/mno-hw-mul\libc.a(lib_a-dtoa.o)
 .bss           0x0081475c        0x0 c:/altera/13.0sp1/nios2eds/bin/gnu/h-i686-mingw32/bin/../lib/gcc/nios2-elf/4.1.2/../../../../nios2-elf/lib/mno-hw-mul\libc.a(lib_a-fflush.o)
 .bss           0x0081475c        0x0 c:/altera/13.0sp1/nios2eds/bin/gnu/h-i686-mingw32/bin/../lib/gcc/nios2-elf/4.1.2/../../../../nios2-elf/lib/mno-hw-mul\libc.a(lib_a-findfp.o)
 .bss           0x0081475c        0x0 c:/altera/13.0sp1/nios2eds/bin/gnu/h-i686-mingw32/bin/../lib/gcc/nios2-elf/4.1.2/../../../../nios2-elf/lib/mno-hw-mul\libc.a(lib_a-freer.o)
 .bss           0x0081475c        0x0 c:/altera/13.0sp1/nios2eds/bin/gnu/h-i686-mingw32/bin/../lib/gcc/nios2-elf/4.1.2/../../../../nios2-elf/lib/mno-hw-mul\libc.a(lib_a-fvwrite.o)
 .bss           0x0081475c        0x0 c:/altera/13.0sp1/nios2eds/bin/gnu/h-i686-mingw32/bin/../lib/gcc/nios2-elf/4.1.2/../../../../nios2-elf/lib/mno-hw-mul\libc.a(lib_a-fwalk.o)
 .bss           0x0081475c        0x0 c:/altera/13.0sp1/nios2eds/bin/gnu/h-i686-mingw32/bin/../lib/gcc/nios2-elf/4.1.2/../../../../nios2-elf/lib/mno-hw-mul\libc.a(lib_a-impure.o)
 .bss           0x0081475c        0x0 c:/altera/13.0sp1/nios2eds/bin/gnu/h-i686-mingw32/bin/../lib/gcc/nios2-elf/4.1.2/../../../../nios2-elf/lib/mno-hw-mul\libc.a(lib_a-locale.o)
 .bss           0x0081475c        0x0 c:/altera/13.0sp1/nios2eds/bin/gnu/h-i686-mingw32/bin/../lib/gcc/nios2-elf/4.1.2/../../../../nios2-elf/lib/mno-hw-mul\libc.a(lib_a-makebuf.o)
 .bss           0x0081475c       0x28 c:/altera/13.0sp1/nios2eds/bin/gnu/h-i686-mingw32/bin/../lib/gcc/nios2-elf/4.1.2/../../../../nios2-elf/lib/mno-hw-mul\libc.a(lib_a-mallocr.o)
                0x0081475c                __malloc_current_mallinfo
 .bss           0x00814784        0x0 c:/altera/13.0sp1/nios2eds/bin/gnu/h-i686-mingw32/bin/../lib/gcc/nios2-elf/4.1.2/../../../../nios2-elf/lib/mno-hw-mul\libc.a(lib_a-memchr.o)
 .bss           0x00814784        0x0 c:/altera/13.0sp1/nios2eds/bin/gnu/h-i686-mingw32/bin/../lib/gcc/nios2-elf/4.1.2/../../../../nios2-elf/lib/mno-hw-mul\libc.a(lib_a-memcpy.o)
 .bss           0x00814784        0x0 c:/altera/13.0sp1/nios2eds/bin/gnu/h-i686-mingw32/bin/../lib/gcc/nios2-elf/4.1.2/../../../../nios2-elf/lib/mno-hw-mul\libc.a(lib_a-memmove.o)
 .bss           0x00814784        0x0 c:/altera/13.0sp1/nios2eds/bin/gnu/h-i686-mingw32/bin/../lib/gcc/nios2-elf/4.1.2/../../../../nios2-elf/lib/mno-hw-mul\libc.a(lib_a-memset.o)
 .bss           0x00814784        0x0 c:/altera/13.0sp1/nios2eds/bin/gnu/h-i686-mingw32/bin/../lib/gcc/nios2-elf/4.1.2/../../../../nios2-elf/lib/mno-hw-mul\libc.a(lib_a-mprec.o)
 .bss           0x00814784        0x0 c:/altera/13.0sp1/nios2eds/bin/gnu/h-i686-mingw32/bin/../lib/gcc/nios2-elf/4.1.2/../../../../nios2-elf/lib/mno-hw-mul\libc.a(lib_a-putc.o)
 .bss           0x00814784        0x0 c:/altera/13.0sp1/nios2eds/bin/gnu/h-i686-mingw32/bin/../lib/gcc/nios2-elf/4.1.2/../../../../nios2-elf/lib/mno-hw-mul\libc.a(lib_a-reallocr.o)
 .bss           0x00814784        0x0 c:/altera/13.0sp1/nios2eds/bin/gnu/h-i686-mingw32/bin/../lib/gcc/nios2-elf/4.1.2/../../../../nios2-elf/lib/mno-hw-mul\libc.a(lib_a-s_isinfd.o)
 .bss           0x00814784        0x0 c:/altera/13.0sp1/nios2eds/bin/gnu/h-i686-mingw32/bin/../lib/gcc/nios2-elf/4.1.2/../../../../nios2-elf/lib/mno-hw-mul\libc.a(lib_a-s_isnand.o)
 .bss           0x00814784        0x0 c:/altera/13.0sp1/nios2eds/bin/gnu/h-i686-mingw32/bin/../lib/gcc/nios2-elf/4.1.2/../../../../nios2-elf/lib/mno-hw-mul\libc.a(lib_a-sbrkr.o)
 .bss           0x00814784        0x0 c:/altera/13.0sp1/nios2eds/bin/gnu/h-i686-mingw32/bin/../lib/gcc/nios2-elf/4.1.2/../../../../nios2-elf/lib/mno-hw-mul\libc.a(lib_a-stdio.o)
 .bss           0x00814784        0x0 c:/altera/13.0sp1/nios2eds/bin/gnu/h-i686-mingw32/bin/../lib/gcc/nios2-elf/4.1.2/../../../../nios2-elf/lib/mno-hw-mul\libc.a(lib_a-strcmp.o)
 .bss           0x00814784        0x0 c:/altera/13.0sp1/nios2eds/bin/gnu/h-i686-mingw32/bin/../lib/gcc/nios2-elf/4.1.2/../../../../nios2-elf/lib/mno-hw-mul\libc.a(lib_a-wbuf.o)
 .bss           0x00814784        0x0 c:/altera/13.0sp1/nios2eds/bin/gnu/h-i686-mingw32/bin/../lib/gcc/nios2-elf/4.1.2/../../../../nios2-elf/lib/mno-hw-mul\libc.a(lib_a-writer.o)
 .bss           0x00814784        0x0 c:/altera/13.0sp1/nios2eds/bin/gnu/h-i686-mingw32/bin/../lib/gcc/nios2-elf/4.1.2/../../../../nios2-elf/lib/mno-hw-mul\libc.a(lib_a-callocr.o)
 .bss           0x00814784        0x0 c:/altera/13.0sp1/nios2eds/bin/gnu/h-i686-mingw32/bin/../lib/gcc/nios2-elf/4.1.2/../../../../nios2-elf/lib/mno-hw-mul\libc.a(lib_a-closer.o)
 .bss           0x00814784        0x0 c:/altera/13.0sp1/nios2eds/bin/gnu/h-i686-mingw32/bin/../lib/gcc/nios2-elf/4.1.2/../../../../nios2-elf/lib/mno-hw-mul\libc.a(lib_a-fclose.o)
 .bss           0x00814784        0x0 c:/altera/13.0sp1/nios2eds/bin/gnu/h-i686-mingw32/bin/../lib/gcc/nios2-elf/4.1.2/../../../../nios2-elf/lib/mno-hw-mul\libc.a(lib_a-fstatr.o)
 .bss           0x00814784        0x0 c:/altera/13.0sp1/nios2eds/bin/gnu/h-i686-mingw32/bin/../lib/gcc/nios2-elf/4.1.2/../../../../nios2-elf/lib/mno-hw-mul\libc.a(lib_a-int_errno.o)
 .bss           0x00814784        0x0 c:/altera/13.0sp1/nios2eds/bin/gnu/h-i686-mingw32/bin/../lib/gcc/nios2-elf/4.1.2/../../../../nios2-elf/lib/mno-hw-mul\libc.a(lib_a-isattyr.o)
 .bss           0x00814784        0x0 c:/altera/13.0sp1/nios2eds/bin/gnu/h-i686-mingw32/bin/../lib/gcc/nios2-elf/4.1.2/../../../../nios2-elf/lib/mno-hw-mul\libc.a(lib_a-lseekr.o)
 .bss           0x00814784        0x0 c:/altera/13.0sp1/nios2eds/bin/gnu/h-i686-mingw32/bin/../lib/gcc/nios2-elf/4.1.2/../../../../nios2-elf/lib/mno-hw-mul\libc.a(lib_a-readr.o)
 .bss           0x00814784        0x0 c:/altera/13.0sp1/nios2eds/bin/gnu/h-i686-mingw32/bin/../lib/gcc/nios2-elf/4.1.2/mno-hw-mul\libgcc.a(_udivdi3.o)
 .bss           0x00814784        0x0 c:/altera/13.0sp1/nios2eds/bin/gnu/h-i686-mingw32/bin/../lib/gcc/nios2-elf/4.1.2/mno-hw-mul\libgcc.a(_umoddi3.o)
 .bss           0x00814784        0x0 c:/altera/13.0sp1/nios2eds/bin/gnu/h-i686-mingw32/bin/../lib/gcc/nios2-elf/4.1.2/mno-hw-mul\libgcc.a(_mul_df.o)
 .bss           0x00814784        0x0 c:/altera/13.0sp1/nios2eds/bin/gnu/h-i686-mingw32/bin/../lib/gcc/nios2-elf/4.1.2/mno-hw-mul\libgcc.a(_div_df.o)
 .bss           0x00814784        0x0 c:/altera/13.0sp1/nios2eds/bin/gnu/h-i686-mingw32/bin/../lib/gcc/nios2-elf/4.1.2/mno-hw-mul\libgcc.a(_eq_df.o)
 .bss           0x00814784        0x0 c:/altera/13.0sp1/nios2eds/bin/gnu/h-i686-mingw32/bin/../lib/gcc/nios2-elf/4.1.2/mno-hw-mul\libgcc.a(_ne_df.o)
 .bss           0x00814784        0x0 c:/altera/13.0sp1/nios2eds/bin/gnu/h-i686-mingw32/bin/../lib/gcc/nios2-elf/4.1.2/mno-hw-mul\libgcc.a(_gt_df.o)
 .bss           0x00814784        0x0 c:/altera/13.0sp1/nios2eds/bin/gnu/h-i686-mingw32/bin/../lib/gcc/nios2-elf/4.1.2/mno-hw-mul\libgcc.a(_ge_df.o)
 .bss           0x00814784        0x0 c:/altera/13.0sp1/nios2eds/bin/gnu/h-i686-mingw32/bin/../lib/gcc/nios2-elf/4.1.2/mno-hw-mul\libgcc.a(_lt_df.o)
 .bss           0x00814784        0x0 c:/altera/13.0sp1/nios2eds/bin/gnu/h-i686-mingw32/bin/../lib/gcc/nios2-elf/4.1.2/mno-hw-mul\libgcc.a(_usi_to_df.o)
 .bss           0x00814784        0x0 c:/altera/13.0sp1/nios2eds/bin/gnu/h-i686-mingw32/bin/../lib/gcc/nios2-elf/4.1.2/mno-hw-mul\libgcc.a(lib2-mul.o)
 .bss           0x00814784        0x0 c:/altera/13.0sp1/nios2eds/bin/gnu/h-i686-mingw32/bin/../lib/gcc/nios2-elf/4.1.2/mno-hw-mul\libgcc.a(_muldi3.o)
 .bss           0x00814784        0x0 c:/altera/13.0sp1/nios2eds/bin/gnu/h-i686-mingw32/bin/../lib/gcc/nios2-elf/4.1.2/mno-hw-mul\libgcc.a(_fpcmp_parts_df.o)
 .bss           0x00814784        0x0 ../FinalFlashedDE2_bsp/\libhal_bsp.a(alt_close.o)
 .bss           0x00814784        0x0 ../FinalFlashedDE2_bsp/\libhal_bsp.a(alt_dev.o)
 .bss           0x00814784        0x0 ../FinalFlashedDE2_bsp/\libhal_bsp.a(alt_errno.o)
 .bss           0x00814784        0x0 ../FinalFlashedDE2_bsp/\libhal_bsp.a(alt_fstat.o)
 .bss           0x00814784        0x0 ../FinalFlashedDE2_bsp/\libhal_bsp.a(alt_irq_register.o)
 .bss           0x00814784        0x0 ../FinalFlashedDE2_bsp/\libhal_bsp.a(alt_irq_vars.o)
 .bss           0x00814784        0x0 ../FinalFlashedDE2_bsp/\libhal_bsp.a(alt_isatty.o)
 .bss           0x00814784        0x0 ../FinalFlashedDE2_bsp/\libhal_bsp.a(alt_lseek.o)
 .bss           0x00814784        0x0 ../FinalFlashedDE2_bsp/\libhal_bsp.a(alt_main.o)
 .bss           0x00814784        0x0 ../FinalFlashedDE2_bsp/\libhal_bsp.a(alt_malloc_lock.o)
 .bss           0x00814784        0x0 ../FinalFlashedDE2_bsp/\libhal_bsp.a(alt_printf.o)
 .bss           0x00814784        0x0 ../FinalFlashedDE2_bsp/\libhal_bsp.a(alt_putchar.o)
 .bss           0x00814784        0x0 ../FinalFlashedDE2_bsp/\libhal_bsp.a(alt_read.o)
 .bss           0x00814784        0x0 ../FinalFlashedDE2_bsp/\libhal_bsp.a(alt_release_fd.o)
 .bss           0x00814784        0x0 ../FinalFlashedDE2_bsp/\libhal_bsp.a(alt_sbrk.o)
 .bss           0x00814784        0x0 ../FinalFlashedDE2_bsp/\libhal_bsp.a(alt_usleep.o)
 .bss           0x00814784        0x0 ../FinalFlashedDE2_bsp/\libhal_bsp.a(alt_write.o)
 .bss           0x00814784        0x0 ../FinalFlashedDE2_bsp/\libhal_bsp.a(alt_sys_init.o)
 .bss           0x00814784        0x0 ../FinalFlashedDE2_bsp/\libhal_bsp.a(altera_avalon_jtag_uart_fd.o)
 .bss           0x00814784        0x0 ../FinalFlashedDE2_bsp/\libhal_bsp.a(altera_avalon_jtag_uart_init.o)
 .bss           0x00814784        0x0 ../FinalFlashedDE2_bsp/\libhal_bsp.a(altera_avalon_jtag_uart_ioctl.o)
 .bss           0x00814784        0x0 ../FinalFlashedDE2_bsp/\libhal_bsp.a(altera_avalon_jtag_uart_read.o)
 .bss           0x00814784        0x0 ../FinalFlashedDE2_bsp/\libhal_bsp.a(altera_avalon_jtag_uart_write.o)
 .bss           0x00814784        0x0 ../FinalFlashedDE2_bsp/\libhal_bsp.a(altera_avalon_timer_sc.o)
 .bss           0x00814784        0x0 ../FinalFlashedDE2_bsp/\libhal_bsp.a(altera_up_avalon_rs232.o)
 .bss           0x00814784        0x0 ../FinalFlashedDE2_bsp/\libhal_bsp.a(alt_alarm_start.o)
 .bss           0x00814784        0x0 ../FinalFlashedDE2_bsp/\libhal_bsp.a(alt_busy_sleep.o)
 .bss           0x00814784        0x0 ../FinalFlashedDE2_bsp/\libhal_bsp.a(alt_dev_llist_insert.o)
 .bss           0x00814784        0x0 ../FinalFlashedDE2_bsp/\libhal_bsp.a(alt_do_ctors.o)
 .bss           0x00814784        0x0 ../FinalFlashedDE2_bsp/\libhal_bsp.a(alt_do_dtors.o)
 .bss           0x00814784        0x0 ../FinalFlashedDE2_bsp/\libhal_bsp.a(alt_find_dev.o)
 .bss           0x00814784        0x0 ../FinalFlashedDE2_bsp/\libhal_bsp.a(alt_io_redirect.o)
 .bss           0x00814784        0x0 ../FinalFlashedDE2_bsp/\libhal_bsp.a(alt_irq_entry.o)
 .bss           0x00814784        0x0 ../FinalFlashedDE2_bsp/\libhal_bsp.a(alt_irq_handler.o)
 .bss           0x00814784        0x0 ../FinalFlashedDE2_bsp/\libhal_bsp.a(alt_open.o)
 .bss           0x00814784        0x0 ../FinalFlashedDE2_bsp/\libhal_bsp.a(alt_tick.o)
 .bss           0x00814784        0x0 ../FinalFlashedDE2_bsp/\libhal_bsp.a(altera_nios2_qsys_irq.o)
 .bss           0x00814784        0x0 ../FinalFlashedDE2_bsp/\libhal_bsp.a(alt_exception_entry.o)
 .bss           0x00814784        0x0 ../FinalFlashedDE2_bsp/\libhal_bsp.a(alt_find_file.o)
 .bss           0x00814784        0x0 ../FinalFlashedDE2_bsp/\libhal_bsp.a(alt_get_fd.o)
 .bss           0x00814784        0x0 c:/altera/13.0sp1/nios2eds/bin/gnu/h-i686-mingw32/bin/../lib/gcc/nios2-elf/4.1.2/../../../../nios2-elf/lib/mno-hw-mul\libc.a(lib_a-atexit.o)
 .bss           0x00814784        0x0 c:/altera/13.0sp1/nios2eds/bin/gnu/h-i686-mingw32/bin/../lib/gcc/nios2-elf/4.1.2/../../../../nios2-elf/lib/mno-hw-mul\libc.a(lib_a-exit.o)
 .bss           0x00814784        0x0 c:/altera/13.0sp1/nios2eds/bin/gnu/h-i686-mingw32/bin/../lib/gcc/nios2-elf/4.1.2/../../../../nios2-elf/lib/mno-hw-mul\libc.a(lib_a-memcmp.o)
 .bss           0x00814784        0x0 c:/altera/13.0sp1/nios2eds/bin/gnu/h-i686-mingw32/bin/../lib/gcc/nios2-elf/4.1.2/../../../../nios2-elf/lib/mno-hw-mul\libc.a(lib_a-__atexit.o)
 .bss           0x00814784        0x0 c:/altera/13.0sp1/nios2eds/bin/gnu/h-i686-mingw32/bin/../lib/gcc/nios2-elf/4.1.2/../../../../nios2-elf/lib/mno-hw-mul\libc.a(lib_a-__call_atexit.o)
 .bss           0x00814784        0x0 ../FinalFlashedDE2_bsp/\libhal_bsp.a(alt_exit.o)
 *(COMMON)
 COMMON         0x00814784       0x24 obj/default/main.o
                0x00814784                ControlData
 COMMON         0x008147a8      0x100 ../FinalFlashedDE2_bsp/\libhal_bsp.a(alt_irq_handler.o)
                0x008147a8                alt_irq
 COMMON         0x008148a8      0x190 c:/altera/13.0sp1/nios2eds/bin/gnu/h-i686-mingw32/bin/../lib/gcc/nios2-elf/4.1.2/../../../../nios2-elf/lib/mno-hw-mul\libc.a(lib_a-atexit.o)
                0x008148a8                _atexit0
                0x00814a38                . = ALIGN (0x4)
                0x00814a38                __bss_end = ABSOLUTE (.)

.sdram_0        0x00814a38        0x0
                0x00814a38                PROVIDE (_alt_partition_sdram_0_start, ABSOLUTE (.))
 *(.sdram_0. sdram_0.*)
                0x00814a38                . = ALIGN (0x4)
                0x00814a38                PROVIDE (_alt_partition_sdram_0_end, ABSOLUTE (.))
                0x00814a38                _end = ABSOLUTE (.)
                0x00814a38                end = ABSOLUTE (.)
                0x00814a38                __alt_stack_base = ABSOLUTE (.)
                0x00814a38                PROVIDE (_alt_partition_sdram_0_load_addr, LOADADDR (.sdram_0))

.generic_tristate_controller_0
                0x01400020        0x0
                0x01400020                PROVIDE (_alt_partition_generic_tristate_controller_0_start, ABSOLUTE (.))
 *(.generic_tristate_controller_0. generic_tristate_controller_0.*)
                0x01400020                . = ALIGN (0x4)
                0x01400020                PROVIDE (_alt_partition_generic_tristate_controller_0_end, ABSOLUTE (.))
                0x01400020                PROVIDE (_alt_partition_generic_tristate_controller_0_load_addr, LOADADDR (.generic_tristate_controller_0))

.sram_0         0x01880000        0x0
                0x01880000                PROVIDE (_alt_partition_sram_0_start, ABSOLUTE (.))
 *(.sram_0. sram_0.*)
                0x01880000                . = ALIGN (0x4)
                0x01880000                PROVIDE (_alt_partition_sram_0_end, ABSOLUTE (.))
                0x01880000                PROVIDE (_alt_partition_sram_0_load_addr, LOADADDR (.sram_0))

.onchip_memory2_0
                0x019041b8        0x0
                0x019041b8                PROVIDE (_alt_partition_onchip_memory2_0_start, ABSOLUTE (.))
 *(.onchip_memory2_0. onchip_memory2_0.*)
                0x019041b8                . = ALIGN (0x4)
                0x019041b8                PROVIDE (_alt_partition_onchip_memory2_0_end, ABSOLUTE (.))
                0x019041b8                PROVIDE (_alt_partition_onchip_memory2_0_load_addr, LOADADDR (.onchip_memory2_0))

.stab
 *(.stab)

.stabstr
 *(.stabstr)

.stab.excl
 *(.stab.excl)

.stab.exclstr
 *(.stab.exclstr)

.stab.index
 *(.stab.index)

.stab.indexstr
 *(.stab.indexstr)

.comment        0x00000000       0x26
 *(.comment)
 .comment       0x00000000       0x26 obj/default/CHAP_9.o
                                 0x27 (size before relaxing)
 .comment       0x00000000       0x27 obj/default/HAL4D13.o
 .comment       0x00000000       0x27 obj/default/HID.o
 .comment       0x00000000       0x27 obj/default/ISR.o
 .comment       0x00000000       0x27 obj/default/MAINLOOP.o
 .comment       0x00000000       0x27 obj/default/main.o
 .comment       0x00000000       0x27 obj/default/usb_irq.o
 .comment       0x00000000       0x27 c:/altera/13.0sp1/nios2eds/bin/gnu/h-i686-mingw32/bin/../lib/gcc/nios2-elf/4.1.2/mno-hw-mul\libgcc.a(_addsub_df.o)
 .comment       0x00000000       0x27 c:/altera/13.0sp1/nios2eds/bin/gnu/h-i686-mingw32/bin/../lib/gcc/nios2-elf/4.1.2/mno-hw-mul\libgcc.a(_si_to_df.o)
 .comment       0x00000000       0x27 c:/altera/13.0sp1/nios2eds/bin/gnu/h-i686-mingw32/bin/../lib/gcc/nios2-elf/4.1.2/mno-hw-mul\libgcc.a(_df_to_si.o)
 .comment       0x00000000       0x27 c:/altera/13.0sp1/nios2eds/bin/gnu/h-i686-mingw32/bin/../lib/gcc/nios2-elf/4.1.2/mno-hw-mul\libgcc.a(_thenan_df.o)
 .comment       0x00000000       0x27 c:/altera/13.0sp1/nios2eds/bin/gnu/h-i686-mingw32/bin/../lib/gcc/nios2-elf/4.1.2/mno-hw-mul\libgcc.a(lib2-divmod.o)
 .comment       0x00000000       0x27 c:/altera/13.0sp1/nios2eds/bin/gnu/h-i686-mingw32/bin/../lib/gcc/nios2-elf/4.1.2/mno-hw-mul\libgcc.a(_clzsi2.o)
 .comment       0x00000000       0x27 c:/altera/13.0sp1/nios2eds/bin/gnu/h-i686-mingw32/bin/../lib/gcc/nios2-elf/4.1.2/mno-hw-mul\libgcc.a(_pack_df.o)
 .comment       0x00000000       0x27 c:/altera/13.0sp1/nios2eds/bin/gnu/h-i686-mingw32/bin/../lib/gcc/nios2-elf/4.1.2/mno-hw-mul\libgcc.a(_unpack_df.o)
 .comment       0x00000000       0x27 c:/altera/13.0sp1/nios2eds/bin/gnu/h-i686-mingw32/bin/../lib/gcc/nios2-elf/4.1.2/mno-hw-mul\libgcc.a(_clz.o)
 .comment       0x00000000       0x27 c:/altera/13.0sp1/nios2eds/bin/gnu/h-i686-mingw32/bin/../lib/gcc/nios2-elf/4.1.2/../../../../nios2-elf/lib/mno-hw-mul\libc.a(lib_a-atoi.o)
 .comment       0x00000000       0x27 c:/altera/13.0sp1/nios2eds/bin/gnu/h-i686-mingw32/bin/../lib/gcc/nios2-elf/4.1.2/../../../../nios2-elf/lib/mno-hw-mul\libc.a(lib_a-printf.o)
 .comment       0x00000000       0x27 c:/altera/13.0sp1/nios2eds/bin/gnu/h-i686-mingw32/bin/../lib/gcc/nios2-elf/4.1.2/../../../../nios2-elf/lib/mno-hw-mul\libc.a(lib_a-putchar.o)
 .comment       0x00000000       0x27 c:/altera/13.0sp1/nios2eds/bin/gnu/h-i686-mingw32/bin/../lib/gcc/nios2-elf/4.1.2/../../../../nios2-elf/lib/mno-hw-mul\libc.a(lib_a-puts.o)
 .comment       0x00000000       0x27 c:/altera/13.0sp1/nios2eds/bin/gnu/h-i686-mingw32/bin/../lib/gcc/nios2-elf/4.1.2/../../../../nios2-elf/lib/mno-hw-mul\libc.a(lib_a-strlen.o)
 .comment       0x00000000       0x27 c:/altera/13.0sp1/nios2eds/bin/gnu/h-i686-mingw32/bin/../lib/gcc/nios2-elf/4.1.2/../../../../nios2-elf/lib/mno-hw-mul\libc.a(lib_a-strtol.o)
 .comment       0x00000000       0x27 c:/altera/13.0sp1/nios2eds/bin/gnu/h-i686-mingw32/bin/../lib/gcc/nios2-elf/4.1.2/../../../../nios2-elf/lib/mno-hw-mul\libc.a(lib_a-vfprintf.o)
 .comment       0x00000000       0x27 c:/altera/13.0sp1/nios2eds/bin/gnu/h-i686-mingw32/bin/../lib/gcc/nios2-elf/4.1.2/../../../../nios2-elf/lib/mno-hw-mul\libc.a(lib_a-wsetup.o)
 .comment       0x00000000       0x27 c:/altera/13.0sp1/nios2eds/bin/gnu/h-i686-mingw32/bin/../lib/gcc/nios2-elf/4.1.2/../../../../nios2-elf/lib/mno-hw-mul\libc.a(lib_a-ctype_.o)
 .comment       0x00000000       0x27 c:/altera/13.0sp1/nios2eds/bin/gnu/h-i686-mingw32/bin/../lib/gcc/nios2-elf/4.1.2/../../../../nios2-elf/lib/mno-hw-mul\libc.a(lib_a-dtoa.o)
 .comment       0x00000000       0x27 c:/altera/13.0sp1/nios2eds/bin/gnu/h-i686-mingw32/bin/../lib/gcc/nios2-elf/4.1.2/../../../../nios2-elf/lib/mno-hw-mul\libc.a(lib_a-fflush.o)
 .comment       0x00000000       0x27 c:/altera/13.0sp1/nios2eds/bin/gnu/h-i686-mingw32/bin/../lib/gcc/nios2-elf/4.1.2/../../../../nios2-elf/lib/mno-hw-mul\libc.a(lib_a-findfp.o)
 .comment       0x00000000       0x27 c:/altera/13.0sp1/nios2eds/bin/gnu/h-i686-mingw32/bin/../lib/gcc/nios2-elf/4.1.2/../../../../nios2-elf/lib/mno-hw-mul\libc.a(lib_a-freer.o)
 .comment       0x00000000       0x27 c:/altera/13.0sp1/nios2eds/bin/gnu/h-i686-mingw32/bin/../lib/gcc/nios2-elf/4.1.2/../../../../nios2-elf/lib/mno-hw-mul\libc.a(lib_a-fvwrite.o)
 .comment       0x00000000       0x27 c:/altera/13.0sp1/nios2eds/bin/gnu/h-i686-mingw32/bin/../lib/gcc/nios2-elf/4.1.2/../../../../nios2-elf/lib/mno-hw-mul\libc.a(lib_a-fwalk.o)
 .comment       0x00000000       0x27 c:/altera/13.0sp1/nios2eds/bin/gnu/h-i686-mingw32/bin/../lib/gcc/nios2-elf/4.1.2/../../../../nios2-elf/lib/mno-hw-mul\libc.a(lib_a-impure.o)
 .comment       0x00000000       0x27 c:/altera/13.0sp1/nios2eds/bin/gnu/h-i686-mingw32/bin/../lib/gcc/nios2-elf/4.1.2/../../../../nios2-elf/lib/mno-hw-mul\libc.a(lib_a-locale.o)
 .comment       0x00000000       0x27 c:/altera/13.0sp1/nios2eds/bin/gnu/h-i686-mingw32/bin/../lib/gcc/nios2-elf/4.1.2/../../../../nios2-elf/lib/mno-hw-mul\libc.a(lib_a-makebuf.o)
 .comment       0x00000000       0x27 c:/altera/13.0sp1/nios2eds/bin/gnu/h-i686-mingw32/bin/../lib/gcc/nios2-elf/4.1.2/../../../../nios2-elf/lib/mno-hw-mul\libc.a(lib_a-mallocr.o)
 .comment       0x00000000       0x27 c:/altera/13.0sp1/nios2eds/bin/gnu/h-i686-mingw32/bin/../lib/gcc/nios2-elf/4.1.2/../../../../nios2-elf/lib/mno-hw-mul\libc.a(lib_a-memchr.o)
 .comment       0x00000000       0x27 c:/altera/13.0sp1/nios2eds/bin/gnu/h-i686-mingw32/bin/../lib/gcc/nios2-elf/4.1.2/../../../../nios2-elf/lib/mno-hw-mul\libc.a(lib_a-memcpy.o)
 .comment       0x00000000       0x27 c:/altera/13.0sp1/nios2eds/bin/gnu/h-i686-mingw32/bin/../lib/gcc/nios2-elf/4.1.2/../../../../nios2-elf/lib/mno-hw-mul\libc.a(lib_a-memmove.o)
 .comment       0x00000000       0x27 c:/altera/13.0sp1/nios2eds/bin/gnu/h-i686-mingw32/bin/../lib/gcc/nios2-elf/4.1.2/../../../../nios2-elf/lib/mno-hw-mul\libc.a(lib_a-memset.o)
 .comment       0x00000000       0x27 c:/altera/13.0sp1/nios2eds/bin/gnu/h-i686-mingw32/bin/../lib/gcc/nios2-elf/4.1.2/../../../../nios2-elf/lib/mno-hw-mul\libc.a(lib_a-mprec.o)
 .comment       0x00000000       0x27 c:/altera/13.0sp1/nios2eds/bin/gnu/h-i686-mingw32/bin/../lib/gcc/nios2-elf/4.1.2/../../../../nios2-elf/lib/mno-hw-mul\libc.a(lib_a-putc.o)
 .comment       0x00000000       0x27 c:/altera/13.0sp1/nios2eds/bin/gnu/h-i686-mingw32/bin/../lib/gcc/nios2-elf/4.1.2/../../../../nios2-elf/lib/mno-hw-mul\libc.a(lib_a-reallocr.o)
 .comment       0x00000000       0x27 c:/altera/13.0sp1/nios2eds/bin/gnu/h-i686-mingw32/bin/../lib/gcc/nios2-elf/4.1.2/../../../../nios2-elf/lib/mno-hw-mul\libc.a(lib_a-s_isinfd.o)
 .comment       0x00000000       0x27 c:/altera/13.0sp1/nios2eds/bin/gnu/h-i686-mingw32/bin/../lib/gcc/nios2-elf/4.1.2/../../../../nios2-elf/lib/mno-hw-mul\libc.a(lib_a-s_isnand.o)
 .comment       0x00000000       0x27 c:/altera/13.0sp1/nios2eds/bin/gnu/h-i686-mingw32/bin/../lib/gcc/nios2-elf/4.1.2/../../../../nios2-elf/lib/mno-hw-mul\libc.a(lib_a-sbrkr.o)
 .comment       0x00000000       0x27 c:/altera/13.0sp1/nios2eds/bin/gnu/h-i686-mingw32/bin/../lib/gcc/nios2-elf/4.1.2/../../../../nios2-elf/lib/mno-hw-mul\libc.a(lib_a-stdio.o)
 .comment       0x00000000       0x27 c:/altera/13.0sp1/nios2eds/bin/gnu/h-i686-mingw32/bin/../lib/gcc/nios2-elf/4.1.2/../../../../nios2-elf/lib/mno-hw-mul\libc.a(lib_a-strcmp.o)
 .comment       0x00000000       0x27 c:/altera/13.0sp1/nios2eds/bin/gnu/h-i686-mingw32/bin/../lib/gcc/nios2-elf/4.1.2/../../../../nios2-elf/lib/mno-hw-mul\libc.a(lib_a-wbuf.o)
 .comment       0x00000000       0x27 c:/altera/13.0sp1/nios2eds/bin/gnu/h-i686-mingw32/bin/../lib/gcc/nios2-elf/4.1.2/../../../../nios2-elf/lib/mno-hw-mul\libc.a(lib_a-writer.o)
 .comment       0x00000000       0x27 c:/altera/13.0sp1/nios2eds/bin/gnu/h-i686-mingw32/bin/../lib/gcc/nios2-elf/4.1.2/../../../../nios2-elf/lib/mno-hw-mul\libc.a(lib_a-callocr.o)
 .comment       0x00000000       0x27 c:/altera/13.0sp1/nios2eds/bin/gnu/h-i686-mingw32/bin/../lib/gcc/nios2-elf/4.1.2/../../../../nios2-elf/lib/mno-hw-mul\libc.a(lib_a-closer.o)
 .comment       0x00000000       0x27 c:/altera/13.0sp1/nios2eds/bin/gnu/h-i686-mingw32/bin/../lib/gcc/nios2-elf/4.1.2/../../../../nios2-elf/lib/mno-hw-mul\libc.a(lib_a-fclose.o)
 .comment       0x00000000       0x27 c:/altera/13.0sp1/nios2eds/bin/gnu/h-i686-mingw32/bin/../lib/gcc/nios2-elf/4.1.2/../../../../nios2-elf/lib/mno-hw-mul\libc.a(lib_a-fstatr.o)
 .comment       0x00000000       0x27 c:/altera/13.0sp1/nios2eds/bin/gnu/h-i686-mingw32/bin/../lib/gcc/nios2-elf/4.1.2/../../../../nios2-elf/lib/mno-hw-mul\libc.a(lib_a-int_errno.o)
 .comment       0x00000000       0x27 c:/altera/13.0sp1/nios2eds/bin/gnu/h-i686-mingw32/bin/../lib/gcc/nios2-elf/4.1.2/../../../../nios2-elf/lib/mno-hw-mul\libc.a(lib_a-isattyr.o)
 .comment       0x00000000       0x27 c:/altera/13.0sp1/nios2eds/bin/gnu/h-i686-mingw32/bin/../lib/gcc/nios2-elf/4.1.2/../../../../nios2-elf/lib/mno-hw-mul\libc.a(lib_a-lseekr.o)
 .comment       0x00000000       0x27 c:/altera/13.0sp1/nios2eds/bin/gnu/h-i686-mingw32/bin/../lib/gcc/nios2-elf/4.1.2/../../../../nios2-elf/lib/mno-hw-mul\libc.a(lib_a-readr.o)
 .comment       0x00000000       0x27 c:/altera/13.0sp1/nios2eds/bin/gnu/h-i686-mingw32/bin/../lib/gcc/nios2-elf/4.1.2/mno-hw-mul\libgcc.a(_udivdi3.o)
 .comment       0x00000000       0x27 c:/altera/13.0sp1/nios2eds/bin/gnu/h-i686-mingw32/bin/../lib/gcc/nios2-elf/4.1.2/mno-hw-mul\libgcc.a(_umoddi3.o)
 .comment       0x00000000       0x27 c:/altera/13.0sp1/nios2eds/bin/gnu/h-i686-mingw32/bin/../lib/gcc/nios2-elf/4.1.2/mno-hw-mul\libgcc.a(_mul_df.o)
 .comment       0x00000000       0x27 c:/altera/13.0sp1/nios2eds/bin/gnu/h-i686-mingw32/bin/../lib/gcc/nios2-elf/4.1.2/mno-hw-mul\libgcc.a(_div_df.o)
 .comment       0x00000000       0x27 c:/altera/13.0sp1/nios2eds/bin/gnu/h-i686-mingw32/bin/../lib/gcc/nios2-elf/4.1.2/mno-hw-mul\libgcc.a(_eq_df.o)
 .comment       0x00000000       0x27 c:/altera/13.0sp1/nios2eds/bin/gnu/h-i686-mingw32/bin/../lib/gcc/nios2-elf/4.1.2/mno-hw-mul\libgcc.a(_ne_df.o)
 .comment       0x00000000       0x27 c:/altera/13.0sp1/nios2eds/bin/gnu/h-i686-mingw32/bin/../lib/gcc/nios2-elf/4.1.2/mno-hw-mul\libgcc.a(_gt_df.o)
 .comment       0x00000000       0x27 c:/altera/13.0sp1/nios2eds/bin/gnu/h-i686-mingw32/bin/../lib/gcc/nios2-elf/4.1.2/mno-hw-mul\libgcc.a(_ge_df.o)
 .comment       0x00000000       0x27 c:/altera/13.0sp1/nios2eds/bin/gnu/h-i686-mingw32/bin/../lib/gcc/nios2-elf/4.1.2/mno-hw-mul\libgcc.a(_lt_df.o)
 .comment       0x00000000       0x27 c:/altera/13.0sp1/nios2eds/bin/gnu/h-i686-mingw32/bin/../lib/gcc/nios2-elf/4.1.2/mno-hw-mul\libgcc.a(_usi_to_df.o)