Archive member included because of file (symbol)

c:/altera/13.0sp1/nios2eds/bin/gnu/h-i686-mingw32/bin/../lib/gcc/nios2-elf/4.1.2/mno-hw-mul\libgcc.a(_addsub_df.o)
                              obj/default/hello_world.o (__adddf3)
c:/altera/13.0sp1/nios2eds/bin/gnu/h-i686-mingw32/bin/../lib/gcc/nios2-elf/4.1.2/mno-hw-mul\libgcc.a(_si_to_df.o)
                              obj/default/hello_world.o (__floatsidf)
c:/altera/13.0sp1/nios2eds/bin/gnu/h-i686-mingw32/bin/../lib/gcc/nios2-elf/4.1.2/mno-hw-mul\libgcc.a(_df_to_si.o)
                              obj/default/hello_world.o (__fixdfsi)
c:/altera/13.0sp1/nios2eds/bin/gnu/h-i686-mingw32/bin/../lib/gcc/nios2-elf/4.1.2/mno-hw-mul\libgcc.a(_thenan_df.o)
                              c:/altera/13.0sp1/nios2eds/bin/gnu/h-i686-mingw32/bin/../lib/gcc/nios2-elf/4.1.2/mno-hw-mul\libgcc.a(_addsub_df.o) (__thenan_df)
c:/altera/13.0sp1/nios2eds/bin/gnu/h-i686-mingw32/bin/../lib/gcc/nios2-elf/4.1.2/mno-hw-mul\libgcc.a(lib2-divmod.o)
                              obj/default/hello_world.o (__divsi3)
c:/altera/13.0sp1/nios2eds/bin/gnu/h-i686-mingw32/bin/../lib/gcc/nios2-elf/4.1.2/mno-hw-mul\libgcc.a(_clzsi2.o)
                              c:/altera/13.0sp1/nios2eds/bin/gnu/h-i686-mingw32/bin/../lib/gcc/nios2-elf/4.1.2/mno-hw-mul\libgcc.a(_si_to_df.o) (__clzsi2)
c:/altera/13.0sp1/nios2eds/bin/gnu/h-i686-mingw32/bin/../lib/gcc/nios2-elf/4.1.2/mno-hw-mul\libgcc.a(_pack_df.o)
                              c:/altera/13.0sp1/nios2eds/bin/gnu/h-i686-mingw32/bin/../lib/gcc/nios2-elf/4.1.2/mno-hw-mul\libgcc.a(_addsub_df.o) (__pack_d)
c:/altera/13.0sp1/nios2eds/bin/gnu/h-i686-mingw32/bin/../lib/gcc/nios2-elf/4.1.2/mno-hw-mul\libgcc.a(_unpack_df.o)
                              c:/altera/13.0sp1/nios2eds/bin/gnu/h-i686-mingw32/bin/../lib/gcc/nios2-elf/4.1.2/mno-hw-mul\libgcc.a(_addsub_df.o) (__unpack_d)
c:/altera/13.0sp1/nios2eds/bin/gnu/h-i686-mingw32/bin/../lib/gcc/nios2-elf/4.1.2/mno-hw-mul\libgcc.a(_clz.o)
                              c:/altera/13.0sp1/nios2eds/bin/gnu/h-i686-mingw32/bin/../lib/gcc/nios2-elf/4.1.2/mno-hw-mul\libgcc.a(_clzsi2.o) (__clz_tab)
c:/altera/13.0sp1/nios2eds/bin/gnu/h-i686-mingw32/bin/../lib/gcc/nios2-elf/4.1.2/../../../../nios2-elf/lib/mno-hw-mul\libc.a(lib_a-atoi.o)
                              obj/default/hello_world.o (atoi)
c:/altera/13.0sp1/nios2eds/bin/gnu/h-i686-mingw32/bin/../lib/gcc/nios2-elf/4.1.2/../../../../nios2-elf/lib/mno-hw-mul\libc.a(lib_a-memcpy.o)
                              obj/default/D13BUS.o (memcpy)
c:/altera/13.0sp1/nios2eds/bin/gnu/h-i686-mingw32/bin/../lib/gcc/nios2-elf/4.1.2/../../../../nios2-elf/lib/mno-hw-mul\libc.a(lib_a-printf.o)
                              obj/default/CHAP_9.o (printf)
c:/altera/13.0sp1/nios2eds/bin/gnu/h-i686-mingw32/bin/../lib/gcc/nios2-elf/4.1.2/../../../../nios2-elf/lib/mno-hw-mul\libc.a(lib_a-putchar.o)
                              obj/default/D13BUS.o (putchar)
c:/altera/13.0sp1/nios2eds/bin/gnu/h-i686-mingw32/bin/../lib/gcc/nios2-elf/4.1.2/../../../../nios2-elf/lib/mno-hw-mul\libc.a(lib_a-puts.o)
                              obj/default/CHAP_9.o (puts)
c:/altera/13.0sp1/nios2eds/bin/gnu/h-i686-mingw32/bin/../lib/gcc/nios2-elf/4.1.2/../../../../nios2-elf/lib/mno-hw-mul\libc.a(lib_a-strlen.o)
                              c:/altera/13.0sp1/nios2eds/bin/gnu/h-i686-mingw32/bin/../lib/gcc/nios2-elf/4.1.2/../../../../nios2-elf/lib/mno-hw-mul\libc.a(lib_a-puts.o) (strlen)
c:/altera/13.0sp1/nios2eds/bin/gnu/h-i686-mingw32/bin/../lib/gcc/nios2-elf/4.1.2/../../../../nios2-elf/lib/mno-hw-mul\libc.a(lib_a-strtol.o)
                              c:/altera/13.0sp1/nios2eds/bin/gnu/h-i686-mingw32/bin/../lib/gcc/nios2-elf/4.1.2/../../../../nios2-elf/lib/mno-hw-mul\libc.a(lib_a-atoi.o) (_strtol_r)
c:/altera/13.0sp1/nios2eds/bin/gnu/h-i686-mingw32/bin/../lib/gcc/nios2-elf/4.1.2/../../../../nios2-elf/lib/mno-hw-mul\libc.a(lib_a-vfprintf.o)
                              c:/altera/13.0sp1/nios2eds/bin/gnu/h-i686-mingw32/bin/../lib/gcc/nios2-elf/4.1.2/../../../../nios2-elf/lib/mno-hw-mul\libc.a(lib_a-printf.o) (___vfprintf_internal_r)
c:/altera/13.0sp1/nios2eds/bin/gnu/h-i686-mingw32/bin/../lib/gcc/nios2-elf/4.1.2/../../../../nios2-elf/lib/mno-hw-mul\libc.a(lib_a-wsetup.o)
                              c:/altera/13.0sp1/nios2eds/bin/gnu/h-i686-mingw32/bin/../lib/gcc/nios2-elf/4.1.2/../../../../nios2-elf/lib/mno-hw-mul\libc.a(lib_a-vfprintf.o) (__swsetup_r)
c:/altera/13.0sp1/nios2eds/bin/gnu/h-i686-mingw32/bin/../lib/gcc/nios2-elf/4.1.2/../../../../nios2-elf/lib/mno-hw-mul\libc.a(lib_a-ctype_.o)
                              c:/altera/13.0sp1/nios2eds/bin/gnu/h-i686-mingw32/bin/../lib/gcc/nios2-elf/4.1.2/../../../../nios2-elf/lib/mno-hw-mul\libc.a(lib_a-strtol.o) (__ctype_ptr)
c:/altera/13.0sp1/nios2eds/bin/gnu/h-i686-mingw32/bin/../lib/gcc/nios2-elf/4.1.2/../../../../nios2-elf/lib/mno-hw-mul\libc.a(lib_a-dtoa.o)
[...]
Memory Configuration

Name             Origin             Length             Attributes
sdram_0          0x00800000         0x00800000
sram_0           0x01080000         0x00080000
reset            0x01104000         0x00000020
onchip_memory2_0 0x01104020         0x00003fe0
*default*        0x00000000         0xffffffff

Linker script and memory map

LOAD ../IntegratedTest_bsp//obj/HAL/src/crt0.o
LOAD obj/default/CHAP_9.o
LOAD obj/default/D13BUS.o
LOAD obj/default/HAL4D13.o
LOAD obj/default/HID.o
LOAD obj/default/ISR.o
LOAD obj/default/IntegratedMain.o
LOAD obj/default/MAINLOOP.o
LOAD obj/default/hello_world.o
LOAD obj/default/usb_irq.o
LOAD c:/altera/13.0sp1/nios2eds/bin/gnu/h-i686-mingw32/bin/../lib/gcc/nios2-elf/4.1.2/../../../../nios2-elf/lib/mno-hw-mul\libstdc++.a
LOAD c:/altera/13.0sp1/nios2eds/bin/gnu/h-i686-mingw32/bin/../lib/gcc/nios2-elf/4.1.2/../../../../nios2-elf/lib/mno-hw-mul\libm.a
LOAD c:/altera/13.0sp1/nios2eds/bin/gnu/h-i686-mingw32/bin/../lib/gcc/nios2-elf/4.1.2/mno-hw-mul\libgcc.a
START GROUP
LOAD c:/altera/13.0sp1/nios2eds/bin/gnu/h-i686-mingw32/bin/../lib/gcc/nios2-elf/4.1.2/../../../../nios2-elf/lib/mno-hw-mul\libc.a
LOAD c:/altera/13.0sp1/nios2eds/bin/gnu/h-i686-mingw32/bin/../lib/gcc/nios2-elf/4.1.2/mno-hw-mul\libgcc.a
LOAD ../IntegratedTest_bsp/\libhal_bsp.a
END GROUP
LOAD c:/altera/13.0sp1/nios2eds/bin/gnu/h-i686-mingw32/bin/../lib/gcc/nios2-elf/4.1.2/mno-hw-mul\libgcc.a
                0x00800000                __alt_mem_sdram_0 = 0x800000
                0x01080000                __alt_mem_sram_0 = 0x1080000
                0x01104000                __alt_mem_onchip_memory2_0 = 0x1104000

.entry          0x01104000       0x20
 *(.entry)
 .entry         0x01104000       0x20 ../IntegratedTest_bsp//obj/HAL/src/crt0.o
                0x01104000                __reset

.exceptions     0x01104020      0x198 load address 0x00800000
                0x01104020                PROVIDE (__ram_exceptions_start, ABSOLUTE (.))
                0x01104020                . = ALIGN (0x20)
 *(.irq)
 *(.exceptions.entry.label)
 .exceptions.entry.label
                0x01104020        0x0 ../IntegratedTest_bsp/\libhal_bsp.a(alt_irq_entry.o)
                0x01104020                alt_irq_entry
 .exceptions.entry.label
                0x01104020        0x0 ../IntegratedTest_bsp/\libhal_bsp.a(alt_exception_entry.o)
                0x01104020                alt_exception
 *(.exceptions.entry.user)
 *(.exceptions.entry)
 .exceptions.entry
                0x01104020       0x54 ../IntegratedTest_bsp/\libhal_bsp.a(alt_exception_entry.o)
 *(.exceptions.irqtest.user)
 *(.exceptions.irqtest)
 .exceptions.irqtest
                0x01104074       0x10 ../IntegratedTest_bsp/\libhal_bsp.a(alt_irq_entry.o)
 *(.exceptions.irqhandler.user)
 *(.exceptions.irqhandler)
 .exceptions.irqhandler
                0x01104084        0x4 ../IntegratedTest_bsp/\libhal_bsp.a(alt_irq_entry.o)
 *(.exceptions.irqreturn.user)
 *(.exceptions.irqreturn)
 .exceptions.irqreturn
                0x01104088        0x4 ../IntegratedTest_bsp/\libhal_bsp.a(alt_irq_entry.o)
 *(.exceptions.notirq.label)
 .exceptions.notirq.label
                0x0110408c        0x0 ../IntegratedTest_bsp/\libhal_bsp.a(alt_irq_entry.o)
 *(.exceptions.notirq.user)
 *(.exceptions.notirq)
 .exceptions.notirq
                0x0110408c        0x8 ../IntegratedTest_bsp/\libhal_bsp.a(alt_exception_entry.o)
 *(.exceptions.soft.user)
 *(.exceptions.soft)
 *(.exceptions.unknown.user)
 *(.exceptions.unknown)
 .exceptions.unknown
                0x01104094        0x4 ../IntegratedTest_bsp/\libhal_bsp.a(alt_exception_entry.o)
 *(.exceptions.exit.label)
 .exceptions.exit.label
                0x01104098        0x0 ../IntegratedTest_bsp/\libhal_bsp.a(alt_irq_entry.o)
 .exceptions.exit.label
                0x01104098        0x0 ../IntegratedTest_bsp/\libhal_bsp.a(alt_exception_entry.o)
 *(.exceptions.exit.user)
 *(.exceptions.exit)
 .exceptions.exit
                0x01104098       0x54 ../IntegratedTest_bsp/\libhal_bsp.a(alt_exception_entry.o)
 *(.exceptions)
 .exceptions    0x011040ec       0xcc ../IntegratedTest_bsp/\libhal_bsp.a(alt_irq_handler.o)
                0x011040ec                alt_irq_handler
                0x011041b8                PROVIDE (__ram_exceptions_end, ABSOLUTE (.))
                0x00800000                PROVIDE (__flash_exceptions_start, LOADADDR (.exceptions))

.text           0x00800198    0x125f8
                0x00800198                PROVIDE (stext, ABSOLUTE (.))
 *(.interp)
 *(.hash)
 *(.dynsym)
 *(.dynstr)
 *(.gnu.version)
 *(.gnu.version_d)
 *(.gnu.version_r)
 *(.rel.init)
 *(.rela.init)
 *(.rel.text .rel.text.* .rel.gnu.linkonce.t.*)
 *(.rela.text .rela.text.* .rela.gnu.linkonce.t.*)
 *(.rel.fini)
 *(.rela.fini)
 *(.rel.rodata .rel.rodata.* .rel.gnu.linkonce.r.*)
 *(.rela.rodata .rela.rodata.* .rela.gnu.linkonce.r.*)
 *(.rel.data .rel.data.* .rel.gnu.linkonce.d.*)
 *(.rela.data .rela.data.* .rela.gnu.linkonce.d.*)
 *(.rel.tdata .rel.tdata.* .rel.gnu.linkonce.td.*)
 *(.rela.tdata .rela.tdata.* .rela.gnu.linkonce.td.*)
 *(.rel.tbss .rel.tbss.* .rel.gnu.linkonce.tb.*)
 *(.rela.tbss .rela.tbss.* .rela.gnu.linkonce.tb.*)
 *(.rel.ctors)
 *(.rela.ctors)
 *(.rel.dtors)
 *(.rela.dtors)
 *(.rel.got)
 *(.rela.got)
 *(.rel.sdata .rel.sdata.* .rel.gnu.linkonce.s.*)
 *(.rela.sdata .rela.sdata.* .rela.gnu.linkonce.s.*)
 *(.rel.sbss .rel.sbss.* .rel.gnu.linkonce.sb.*)
 *(.rela.sbss .rela.sbss.* .rela.gnu.linkonce.sb.*)
 *(.rel.sdata2 .rel.sdata2.* .rel.gnu.linkonce.s2.*)
 *(.rela.sdata2 .rela.sdata2.* .rela.gnu.linkonce.s2.*)
 *(.rel.sbss2 .rel.sbss2.* .rel.gnu.linkonce.sb2.*)
 *(.rela.sbss2 .rela.sbss2.* .rela.gnu.linkonce.sb2.*)
 *(.rel.bss .rel.bss.* .rel.gnu.linkonce.b.*)
 *(.rela.bss .rela.bss.* .rela.gnu.linkonce.b.*)
 *(.rel.plt)
 *(.rela.plt)
 *(.rel.dyn)
 *(.init)
 *(.plt)
 *(.text .stub .text.* .gnu.linkonce.t.*)
 .text          0x00800198       0x3c ../IntegratedTest_bsp//obj/HAL/src/crt0.o
                0x00800198                _start
 .text          0x008001d4     0x13b0 obj/default/CHAP_9.o
                0x008001d4                Chap9_GetStatus
                0x00800464                Chap9_ClearFeature
                0x0080069c                Chap9_SetFeature
                0x008008c4                Chap9_SetAddress
                0x00800b00                Chap9_GetDescriptor
                0x00800da4                Chap9_GetConfiguration
                0x00800e64                Chap9_SetConfiguration
                0x00801070                Chap9_GetInterface
                0x00801114                Chap9_SetInterface
                0x00801214                Chap9_StallEP0
                0x008012a4                Chap9_StallEP0InControlWrite
                0x00801308                Chap9_StallEP0InControlRead
                0x0080136c                Chap9_SingleTransmitEP0
                0x00801408                Chap9_BurstTransmitEP0
 .text          0x00801584      0x5d0 obj/default/D13BUS.o
                0x00801584                D13Bus_ControlEntry
                0x008015ac                reserved
                0x008015d4                read_write_register
                0x008017e4                setup_dma_request
                0x008018d4                get_firmware_version
                0x0080190c                D13Bus_StallEP0
                0x00801934                D13Bus_SingleTransmitEP0
                0x008019d0                D13Bus_BurstTransmitEP0
 .text          0x00801b54     0x1120 obj/default/HAL4D13.o
                0x00801b54                Hal4D13_AcquireD13
                0x00801b90                Hal4D13_ResetDevice
                0x00801bbc                Hal4D13_GetDevConfig
                0x00801bfc                Hal4D13_SetDevConfig
                0x00801c3c                Hal4D13_SetMode
                0x00801c7c                Hal4D13_GetMode
                0x00801cc8                Hal4D13_GetAddress
                0x00801d14                Hal4D13_SetAddressEnable
                0x00801d84                Hal4D13_SoftConnect
                0x00801e1c                Hal4D13_AcknowledgeSETUP
                0x00801e48                Hal4D13_ClearBuffer
                0x00801e7c                Hal4D13_ValidBuffer
                0x00801eb0                Hal4D13_ReadEndpoint
                0x00801fac                Hal4D13_ReadBulkEndpoint
                0x008020a8                Hal4D13_ReadEndpointWOClearBuffer
                0x008021a4                Hal4D13_WriteEndpoint
                0x008022cc                Hal4D13_WriteBulkEndpoint
                0x008023bc                Hal4D13_GetIntEnable
                0x00802418                Hal4D13_SetIntEnable
                0x00802488                Hal4D13_ReadInterruptRegister
                0x008024f8                Hal4D13_GetEndpointStatusWInteruptClear
                0x0080254c                Hal4D13_GetEndpointStatusWOInteruptClear
                0x008025a0                Hal4D13_SetEndpointStatus
                0x00802608                Hal4D13_SetDMAConfig
                0x00802648                Hal4D13_GetDMAConfig
                0x00802688                Hal4D13_SetDMACounter
                0x008026c8                Hal4D13_GetDMACounter
                0x00802708                Hal4D13_GetDataFromChipRam
                0x00802748                Hal4D13_SetDataToChipRam
                0x00802788                Hal4D13_ReadCurrentFrameNumber
                0x008027c8                Hal4D13_LockDevice
                0x00802824                Hal4D13_ReadChipID
                0x00802864                Hal4D13_GetErrorCode
                0x008028b8                Hal4D13_GetEndpointConfig
                0x0080290c                Hal4D13_SetEndpointConfig
                0x00802958                Hal4D13_UnconfigDevice
                0x00802974                Hal4D13_ConfigDevice
                0x00802990                Hal4D13_SingleTransmitEP0
                0x008029d8                Hal4D13_RegAccess
                0x00802b40                Hal4D13_StallEP0InControlWrite
                0x00802b7c                Hal4D13_StallEP0InControlRead
                0x00802bb8                Hal4D13_IsSetupPktInvalid
                0x00802bf8                Write_HC_Config_Reg
                0x00802c38                Read_HC_Config_Reg
 .text          0x00802c74      0x244 obj/default/HID.o
                0x00802c74                HID_Get_Report
                0x00802d14                HID_Get_Idle
                0x00802d44                HID_Get_Protocol
                0x00802d74                HID_Set_Report
                0x00802da4                HID_Set_Idle
                0x00802e88                HID_Set_Protocol
 .text          0x00802eb8      0x83c obj/default/ISR.o
                0x00802eb8                fn_usb_isr
                0x00802eec                usb_isr
                0x00803040                Isr_BusReset
                0x0080312c                Isr_SuspendChange
                0x0080315c                Isr_SHORT_PACKET
                0x0080318c                Isr_DmaEot
                0x00803258                Isr_SOF
                0x00803274                Isr_Ep00RxDone
                0x00803478                Isr_Ep00TxDone
                0x00803690                Isr_Ep01Done
 .text          0x008036f4        0x0 obj/default/IntegratedMain.o
 .text          0x008036f4      0x804 obj/default/MAINLOOP.o
                0x008036f4                SetupToken_Handler
                0x00803968                DeviceRequest_Handler
                0x00803a78                help_devreq
                0x00803ba4                disconnect_USB_controller
                0x00803be4                connect_USB_controller
                0x00803c4c                config_endpoints
                0x00803d40                reconnect_USB_controller
                0x00803d6c                change_suspend_state
                0x00803d9c                ML_AcknowledgeSETUP
                0x00803df8                ML_Reserved
                0x00803e30                CHECK_CHIP_ID
 .text          0x00803ef8     0x16b0 obj/default/hello_world.o
                0x00803ef8                main
                0x00804c20                reportChanged
                0x00804cc4                readGesture
                0x00804ce8                mapGestureToKeycodes
                0x00804de8                noMovement
                0x00804e6c                largest
                0x00804fe0                largestPalmLeft
                0x00805154                largestPalmRight
                0x008052c8                largestPalmUp
                0x0080543c                orientation
 .text          0x008055a8       0x94 obj/default/usb_irq.o
                0x008055a8                disable_irq
                0x008055f8                enable_irq
 .text          0x0080563c      0x504 c:/altera/13.0sp1/nios2eds/bin/gnu/h-i686-mingw32/bin/../lib/gcc/nios2-elf/4.1.2/mno-hw-mul\libgcc.a(_addsub_df.o)
                0x00805a4c                __subdf3
                0x00805acc                __adddf3
 .text          0x00805b40       0xf8 c:/altera/13.0sp1/nios2eds/bin/gnu/h-i686-mingw32/bin/../lib/gcc/nios2-elf/4.1.2/mno-hw-mul\libgcc.a(_si_to_df.o)
                0x00805b40                __floatsidf
 .text          0x00805c38       0xd8 c:/altera/13.0sp1/nios2eds/bin/gnu/h-i686-mingw32/bin/../lib/gcc/nios2-elf/4.1.2/mno-hw-mul\libgcc.a(_df_to_si.o)
                0x00805c38                __fixdfsi
 .text          0x00805d10        0x0 c:/altera/13.0sp1/nios2eds/bin/gnu/h-i686-mingw32/bin/../lib/gcc/nios2-elf/4.1.2/mno-hw-mul\libgcc.a(_thenan_df.o)
 .text          0x00805d10      0x14c c:/altera/13.0sp1/nios2eds/bin/gnu/h-i686-mingw32/bin/../lib/gcc/nios2-elf/4.1.2/mno-hw-mul\libgcc.a(lib2-divmod.o)
                0x00805d8c                __divsi3
                0x00805dec                __modsi3
                0x00805e4c                __udivsi3
                0x00805e54                __umodsi3
 .text          0x00805e5c       0x80 c:/altera/13.0sp1/nios2eds/bin/gnu/h-i686-mingw32/bin/../lib/gcc/nios2-elf/4.1.2/mno-hw-mul\libgcc.a(_clzsi2.o)
                0x00805e5c                __clzsi2
 .text          0x00805edc      0x314 c:/altera/13.0sp1/nios2eds/bin/gnu/h-i686-mingw32/bin/../lib/gcc/nios2-elf/4.1.2/mno-hw-mul\libgcc.a(_pack_df.o)
                0x00805edc                __pack_d
 .text          0x008061f0      0x138 c:/altera/13.0sp1/nios2eds/bin/gnu/h-i686-mingw32/bin/../lib/gcc/nios2-elf/4.1.2/mno-hw-mul\libgcc.a(_unpack_df.o)
                0x008061f0                __unpack_d
 .text          0x00806328        0x0 c:/altera/13.0sp1/nios2eds/bin/gnu/h-i686-mingw32/bin/../lib/gcc/nios2-elf/4.1.2/mno-hw-mul\libgcc.a(_clz.o)
 .text          0x00806328       0x18 c:/altera/13.0sp1/nios2eds/bin/gnu/h-i686-mingw32/bin/../lib/gcc/nios2-elf/4.1.2/../../../../nios2-elf/lib/mno-hw-mul\libc.a(lib_a-atoi.o)
                0x00806328                _atoi_r
                0x00806334                atoi
 .text          0x00806340       0xa0 c:/altera/13.0sp1/nios2eds/bin/gnu/h-i686-mingw32/bin/../lib/gcc/nios2-elf/4.1.2/../../../../nios2-elf/lib/mno-hw-mul\libc.a(lib_a-memcpy.o)
                0x00806340                memcpy
 .text          0x008063e0       0x78 c:/altera/13.0sp1/nios2eds/bin/gnu/h-i686-mingw32/bin/../lib/gcc/nios2-elf/4.1.2/../../../../nios2-elf/lib/mno-hw-mul\libc.a(lib_a-printf.o)
                0x008063e0                printf
                0x00806424                _printf_r
 .text          0x00806458       0x24 c:/altera/13.0sp1/nios2eds/bin/gnu/h-i686-mingw32/bin/../lib/gcc/nios2-elf/4.1.2/../../../../nios2-elf/lib/mno-hw-mul\libc.a(lib_a-putchar.o)
                0x00806458                putchar
                0x00806474                _putchar_r
 .text          0x0080647c       0xb4 c:/altera/13.0sp1/nios2eds/bin/gnu/h-i686-mingw32/bin/../lib/gcc/nios2-elf/4.1.2/../../../../nios2-elf/lib/mno-hw-mul\libc.a(lib_a-puts.o)
                0x0080647c                _puts_r
                0x0080651c                puts
 .text          0x00806530       0x74 c:/altera/13.0sp1/nios2eds/bin/gnu/h-i686-mingw32/bin/../lib/gcc/nios2-elf/4.1.2/../../../../nios2-elf/lib/mno-hw-mul\libc.a(lib_a-strlen.o)
                0x00806530                strlen
 .text          0x008065a4      0x274 c:/altera/13.0sp1/nios2eds/bin/gnu/h-i686-mingw32/bin/../lib/gcc/nios2-elf/4.1.2/../../../../nios2-elf/lib/mno-hw-mul\libc.a(lib_a-strtol.o)
                0x008065a4                _strtol_r
                0x008067f4                strtol
 .text          0x00806818     0x1f40 c:/altera/13.0sp1/nios2eds/bin/gnu/h-i686-mingw32/bin/../lib/gcc/nios2-elf/4.1.2/../../../../nios2-elf/lib/mno-hw-mul\libc.a(lib_a-vfprintf.o)
                0x00806870                ___vfprintf_internal_r
                0x00808734                __vfprintf_internal
 .text          0x00808758      0x13c c:/altera/13.0sp1/nios2eds/bin/gnu/h-i686-mingw32/bin/../lib/gcc/nios2-elf/4.1.2/../../../../nios2-elf/lib/mno-hw-mul\libc.a(lib_a-wsetup.o)
                0x00808758                __swsetup_r
 .text          0x00808894        0x0 c:/altera/13.0sp1/nios2eds/bin/gnu/h-i686-mingw32/bin/../lib/gcc/nios2-elf/4.1.2/../../../../nios2-elf/lib/mno-hw-mul\libc.a(lib_a-ctype_.o)
 .text          0x00808894     0x17f8 c:/altera/13.0sp1/nios2eds/bin/gnu/h-i686-mingw32/bin/../lib/gcc/nios2-elf/4.1.2/../../../../nios2-elf/lib/mno-hw-mul\libc.a(lib_a-dtoa.o)
                0x00808ad8                _dtoa_r
 .text          0x0080a08c      0x230 c:/altera/13.0sp1/nios2eds/bin/gnu/h-i686-mingw32/bin/../lib/gcc/nios2-elf/4.1.2/../../../../nios2-elf/lib/mno-hw-mul\libc.a(lib_a-fflush.o)
                0x0080a08c                _fflush_r
                0x0080a288                fflush
 .text          0x0080a2bc      0x2f4 c:/altera/13.0sp1/nios2eds/bin/gnu/h-i686-mingw32/bin/../lib/gcc/nios2-elf/4.1.2/../../../../nios2-elf/lib/mno-hw-mul\libc.a(lib_a-findfp.o)
                0x0080a314                __sfp_lock_acquire
                0x0080a318                __sfp_lock_release
                0x0080a31c                __sinit_lock_acquire
                0x0080a320                __sinit_lock_release
                0x0080a324                __sinit
                0x0080a3d8                __fp_unlock_all
                0x0080a3f0                __fp_lock_all
                0x0080a408                _cleanup_r
                0x0080a414                _cleanup
                0x0080a424                __sfmoreglue
                0x0080a4c0                __sfp
 .text          0x0080a5b0      0x440 c:/altera/13.0sp1/nios2eds/bin/gnu/h-i686-mingw32/bin/../lib/gcc/nios2-elf/4.1.2/../../../../nios2-elf/lib/mno-hw-mul\libc.a(lib_a-freer.o)
                0x0080a5b0                _malloc_trim_r
                0x0080a6dc                _free_r
 .text          0x0080a9f0      0x49c c:/altera/13.0sp1/nios2eds/bin/gnu/h-i686-mingw32/bin/../lib/gcc/nios2-elf/4.1.2/../../../../nios2-elf/lib/mno-hw-mul\libc.a(lib_a-fvwrite.o)
                0x0080a9f0                __sfvwrite_r
 .text          0x0080ae8c      0x180 c:/altera/13.0sp1/nios2eds/bin/gnu/h-i686-mingw32/bin/../lib/gcc/nios2-elf/4.1.2/../../../../nios2-elf/lib/mno-hw-mul\libc.a(lib_a-fwalk.o)
                0x0080ae8c                _fwalk_reent
                0x0080af54                _fwalk
 .text          0x0080b00c        0x0 c:/altera/13.0sp1/nios2eds/bin/gnu/h-i686-mingw32/bin/../lib/gcc/nios2-elf/4.1.2/../../../../nios2-elf/lib/mno-hw-mul\libc.a(lib_a-impure.o)
 .text          0x0080b00c       0xc4 c:/altera/13.0sp1/nios2eds/bin/gnu/h-i686-mingw32/bin/../lib/gcc/nios2-elf/4.1.2/../../../../nios2-elf/lib/mno-hw-mul\libc.a(lib_a-locale.o)
                0x0080b00c                __locale_charset
                0x0080b014                _localeconv_r
                0x0080b020                localeconv
                0x0080b030                _setlocale_r
                0x0080b0b4                setlocale
 .text          0x0080b0d0      0x194 c:/altera/13.0sp1/nios2eds/bin/gnu/h-i686-mingw32/bin/../lib/gcc/nios2-elf/4.1.2/../../../../nios2-elf/lib/mno-hw-mul\libc.a(lib_a-makebuf.o)
                0x0080b0d0                __smakebuf_r
 .text          0x0080b264      0x740 c:/altera/13.0sp1/nios2eds/bin/gnu/h-i686-mingw32/bin/../lib/gcc/nios2-elf/4.1.2/../../../../nios2-elf/lib/mno-hw-mul\libc.a(lib_a-mallocr.o)
                0x0080b264                _malloc_r
 .text          0x0080b9a4       0xe4 c:/altera/13.0sp1/nios2eds/bin/gnu/h-i686-mingw32/bin/../lib/gcc/nios2-elf/4.1.2/../../../../nios2-elf/lib/mno-hw-mul\libc.a(lib_a-memchr.o)
                0x0080b9a4                memchr
 .text          0x0080ba88       0xe0 c:/altera/13.0sp1/nios2eds/bin/gnu/h-i686-mingw32/bin/../lib/gcc/nios2-elf/4.1.2/../../../../nios2-elf/lib/mno-hw-mul\libc.a(lib_a-memmove.o)
                0x0080ba88                memmove
 .text          0x0080bb68       0x98 c:/altera/13.0sp1/nios2eds/bin/gnu/h-i686-mingw32/bin/../lib/gcc/nios2-elf/4.1.2/../../../../nios2-elf/lib/mno-hw-mul\libc.a(lib_a-memset.o)
                0x0080bb68                memset
 .text          0x0080bc00     0x108c c:/altera/13.0sp1/nios2eds/bin/gnu/h-i686-mingw32/bin/../lib/gcc/nios2-elf/4.1.2/../../../../nios2-elf/lib/mno-hw-mul\libc.a(lib_a-mprec.o)
                0x0080bc00                _Bfree
                0x0080bc28                __hi0bits
                0x0080bc98                __lo0bits
                0x0080bd5c                __mcmp
                0x0080bdbc                __ulp
                0x0080be3c                __b2d
                0x0080bf5c                __ratio
                0x0080c00c                _mprec_log10
                0x0080c0a0                __copybits
                0x0080c0f8                __any_on
                0x0080c180                _Balloc
                0x0080c23c                __d2b
                0x0080c3b8                __mdiff
                0x0080c544                __lshift
                0x0080c690                __multiply
                0x0080c8e4                __i2b
                0x0080c920                __multadd
                0x0080ca4c                __pow5mult
                0x0080cb6c                __s2b
 .text          0x0080cc8c      0x1ec c:/altera/13.0sp1/nios2eds/bin/gnu/h-i686-mingw32/bin/../lib/gcc/nios2-elf/4.1.2/../../../../nios2-elf/lib/mno-hw-mul\libc.a(lib_a-putc.o)
                0x0080cc8c                putc
                0x0080cd90                _putc_r
 .text          0x0080ce78      0x5f4 c:/altera/13.0sp1/nios2eds/bin/gnu/h-i686-mingw32/bin/../lib/gcc/nios2-elf/4.1.2/../../../../nios2-elf/lib/mno-hw-mul\libc.a(lib_a-reallocr.o)
                0x0080ce78                _realloc_r
 .text          0x0080d46c       0x40 c:/altera/13.0sp1/nios2eds/bin/gnu/h-i686-mingw32/bin/../lib/gcc/nios2-elf/4.1.2/../../../../nios2-elf/lib/mno-hw-mul\libc.a(lib_a-s_isinfd.o)
                0x0080d46c                __isinfd
 .text          0x0080d4ac       0x30 c:/altera/13.0sp1/nios2eds/bin/gnu/h-i686-mingw32/bin/../lib/gcc/nios2-elf/4.1.2/../../../../nios2-elf/lib/mno-hw-mul\libc.a(lib_a-s_isnand.o)
                0x0080d4ac                __isnand
 .text          0x0080d4dc       0x70 c:/altera/13.0sp1/nios2eds/bin/gnu/h-i686-mingw32/bin/../lib/gcc/nios2-elf/4.1.2/../../../../nios2-elf/lib/mno-hw-mul\libc.a(lib_a-sbrkr.o)
                0x0080d4dc                _sbrk_r
 .text          0x0080d54c      0x14c c:/altera/13.0sp1/nios2eds/bin/gnu/h-i686-mingw32/bin/../lib/gcc/nios2-elf/4.1.2/../../../../nios2-elf/lib/mno-hw-mul\libc.a(lib_a-stdio.o)
                0x0080d54c                __sclose
                0x0080d554                __sseek
                0x0080d5bc                __swrite
                0x0080d638                __sread
 .text          0x0080d698       0xbc c:/altera/13.0sp1/nios2eds/bin/gnu/h-i686-mingw32/bin/../lib/gcc/nios2-elf/4.1.2/../../../../nios2-elf/lib/mno-hw-mul\libc.a(lib_a-strcmp.o)
                0x0080d698                strcmp
 .text          0x0080d754      0x14c c:/altera/13.0sp1/nios2eds/bin/gnu/h-i686-mingw32/bin/../lib/gcc/nios2-elf/4.1.2/../../../../nios2-elf/lib/mno-hw-mul\libc.a(lib_a-wbuf.o)
                0x0080d754                __swbuf_r
                0x0080d884                __swbuf
 .text          0x0080d8a0       0x78 c:/altera/13.0sp1/nios2eds/bin/gnu/h-i686-mingw32/bin/../lib/gcc/nios2-elf/4.1.2/../../../../nios2-elf/lib/mno-hw-mul\libc.a(lib_a-writer.o)
                0x0080d8a0                _write_r
 .text          0x0080d918       0xc8 c:/altera/13.0sp1/nios2eds/bin/gnu/h-i686-mingw32/bin/../lib/gcc/nios2-elf/4.1.2/../../../../nios2-elf/lib/mno-hw-mul\libc.a(lib_a-callocr.o)
                0x0080d918                _calloc_r
 .text          0x0080d9e0       0x70 c:/altera/13.0sp1/nios2eds/bin/gnu/h-i686-mingw32/bin/../lib/gcc/nios2-elf/4.1.2/../../../../nios2-elf/lib/mno-hw-mul\libc.a(lib_a-closer.o)
                0x0080d9e0                _close_r
 .text          0x0080da50      0x124 c:/altera/13.0sp1/nios2eds/bin/gnu/h-i686-mingw32/bin/../lib/gcc/nios2-elf/4.1.2/../../../../nios2-elf/lib/mno-hw-mul\libc.a(lib_a-fclose.o)
                0x0080da50                _fclose_r
                0x0080db60                fclose
 .text          0x0080db74       0x74 c:/altera/13.0sp1/nios2eds/bin/gnu/h-i686-mingw32/bin/../lib/gcc/nios2-elf/4.1.2/../../../../nios2-elf/lib/mno-hw-mul\libc.a(lib_a-fstatr.o)
                0x0080db74                _fstat_r
 .text          0x0080dbe8        0x0 c:/altera/13.0sp1/nios2eds/bin/gnu/h-i686-mingw32/bin/../lib/gcc/nios2-elf/4.1.2/../../../../nios2-elf/lib/mno-hw-mul\libc.a(lib_a-int_errno.o)
 .text          0x0080dbe8       0x70 c:/altera/13.0sp1/nios2eds/bin/gnu/h-i686-mingw32/bin/../lib/gcc/nios2-elf/4.1.2/../../../../nios2-elf/lib/mno-hw-mul\libc.a(lib_a-isattyr.o)
                0x0080dbe8                _isatty_r
 .text          0x0080dc58       0x78 c:/altera/13.0sp1/nios2eds/bin/gnu/h-i686-mingw32/bin/../lib/gcc/nios2-elf/4.1.2/../../../../nios2-elf/lib/mno-hw-mul\libc.a(lib_a-lseekr.o)
                0x0080dc58                _lseek_r
 .text          0x0080dcd0       0x78 c:/altera/13.0sp1/nios2eds/bin/gnu/h-i686-mingw32/bin/../lib/gcc/nios2-elf/4.1.2/../../../../nios2-elf/lib/mno-hw-mul\libc.a(lib_a-readr.o)
                0x0080dcd0                _read_r
 .text          0x0080dd48      0x66c c:/altera/13.0sp1/nios2eds/bin/gnu/h-i686-mingw32/bin/../lib/gcc/nios2-elf/4.1.2/mno-hw-mul\libgcc.a(_udivdi3.o)
                0x0080dd48                __udivdi3
 .text          0x0080e3b4      0x660 c:/altera/13.0sp1/nios2eds/bin/gnu/h-i686-mingw32/bin/../lib/gcc/nios2-elf/4.1.2/mno-hw-mul\libgcc.a(_umoddi3.o)
                0x0080e3b4                __umoddi3
 .text          0x0080ea14      0x3c4 c:/altera/13.0sp1/nios2eds/bin/gnu/h-i686-mingw32/bin/../lib/gcc/nios2-elf/4.1.2/mno-hw-mul\libgcc.a(_mul_df.o)
                0x0080ea14                __muldf3
 .text          0x0080edd8      0x258 c:/altera/13.0sp1/nios2eds/bin/gnu/h-i686-mingw32/bin/../lib/gcc/nios2-elf/4.1.2/mno-hw-mul\libgcc.a(_div_df.o)
                0x0080edd8                __divdf3
 .text          0x0080f030       0x88 c:/altera/13.0sp1/nios2eds/bin/gnu/h-i686-mingw32/bin/../lib/gcc/nios2-elf/4.1.2/mno-hw-mul\libgcc.a(_eq_df.o)
                0x0080f030                __eqdf2
 .text          0x0080f0b8       0x88 c:/altera/13.0sp1/nios2eds/bin/gnu/h-i686-mingw32/bin/../lib/gcc/nios2-elf/4.1.2/mno-hw-mul\libgcc.a(_ne_df.o)
                0x0080f0b8                __nedf2
 .text          0x0080f140       0x88 c:/altera/13.0sp1/nios2eds/bin/gnu/h-i686-mingw32/bin/../lib/gcc/nios2-elf/4.1.2/mno-hw-mul\libgcc.a(_gt_df.o)
                0x0080f140                __gtdf2
 .text          0x0080f1c8       0x88 c:/altera/13.0sp1/nios2eds/bin/gnu/h-i686-mingw32/bin/../lib/gcc/nios2-elf/4.1.2/mno-hw-mul\libgcc.a(_ge_df.o)
                0x0080f1c8                __gedf2
 .text          0x0080f250       0x88 c:/altera/13.0sp1/nios2eds/bin/gnu/h-i686-mingw32/bin/../lib/gcc/nios2-elf/4.1.2/mno-hw-mul\libgcc.a(_lt_df.o)
                0x0080f250                __ltdf2
 .text          0x0080f2d8      0x194 c:/altera/13.0sp1/nios2eds/bin/gnu/h-i686-mingw32/bin/../lib/gcc/nios2-elf/4.1.2/mno-hw-mul\libgcc.a(_usi_to_df.o)
                0x0080f2d8                __floatunsidf
 .text          0x0080f46c       0x38 c:/altera/13.0sp1/nios2eds/bin/gnu/h-i686-mingw32/bin/../lib/gcc/nios2-elf/4.1.2/mno-hw-mul\libgcc.a(lib2-mul.o)
                0x0080f46c                __mulsi3
 .text          0x0080f4a4      0x124 c:/altera/13.0sp1/nios2eds/bin/gnu/h-i686-mingw32/bin/../lib/gcc/nios2-elf/4.1.2/mno-hw-mul\libgcc.a(_muldi3.o)
                0x0080f4a4                __muldi3
 .text          0x0080f5c8       0xc8 c:/altera/13.0sp1/nios2eds/bin/gnu/h-i686-mingw32/bin/../lib/gcc/nios2-elf/4.1.2/mno-hw-mul\libgcc.a(_fpcmp_parts_df.o)
                0x0080f5c8                __fpcmp_parts_d
 .text          0x0080f690      0x160 ../IntegratedTest_bsp/\libhal_bsp.a(alt_close.o)
                0x0080f690                close
 .text          0x0080f7f0       0x2c ../IntegratedTest_bsp/\libhal_bsp.a(alt_dev.o)
 .text          0x0080f81c        0x0 ../IntegratedTest_bsp/\libhal_bsp.a(alt_errno.o)
 .text          0x0080f81c      0x138 ../IntegratedTest_bsp/\libhal_bsp.a(alt_fstat.o)
                0x0080f81c                fstat
 .text          0x0080f954      0x1c0 ../IntegratedTest_bsp/\libhal_bsp.a(alt_irq_register.o)
                0x0080f954                alt_irq_register
 .text          0x0080fb14        0x0 ../IntegratedTest_bsp/\libhal_bsp.a(alt_irq_vars.o)
 .text          0x0080fb14      0x124 ../IntegratedTest_bsp/\libhal_bsp.a(alt_isatty.o)
                0x0080fb14                isatty
 .text          0x0080fc38       0xec ../IntegratedTest_bsp/\libhal_bsp.a(alt_load.o)
                0x0080fc38                alt_load
 .text          0x0080fd24      0x154 ../IntegratedTest_bsp/\libhal_bsp.a(alt_lseek.o)
                0x0080fd24                lseek
 .text          0x0080fe78       0x6c ../IntegratedTest_bsp/\libhal_bsp.a(alt_main.o)
                0x0080fe78                alt_main
 .text          0x0080fee4       0x40 ../IntegratedTest_bsp/\libhal_bsp.a(alt_malloc_lock.o)
                0x0080fee4                __malloc_lock
                0x0080ff04                __malloc_unlock
 .text          0x0080ff24      0x258 ../IntegratedTest_bsp/\libhal_bsp.a(alt_printf.o)
                0x0080ff24                alt_printf
 .text          0x0081017c       0x40 ../IntegratedTest_bsp/\libhal_bsp.a(alt_putchar.o)
                0x0081017c                alt_putchar
 .text          0x008101bc      0x184 ../IntegratedTest_bsp/\libhal_bsp.a(alt_read.o)
                0x008101bc                read
 .text          0x00810340       0x78 ../IntegratedTest_bsp/\libhal_bsp.a(alt_release_fd.o)
                0x00810340                alt_release_fd
 .text          0x008103b8       0xbc ../IntegratedTest_bsp/\libhal_bsp.a(alt_sbrk.o)
                0x008103b8                sbrk
 .text          0x00810474       0x30 ../IntegratedTest_bsp/\libhal_bsp.a(alt_usleep.o)
                0x00810474                usleep
 .text          0x008104a4      0x184 ../IntegratedTest_bsp/\libhal_bsp.a(alt_write.o)
                0x008104a4                write
 .text          0x00810628       0xe0 ../IntegratedTest_bsp/\libhal_bsp.a(alt_sys_init.o)
                0x00810628                alt_irq_init
                0x0081065c                alt_sys_init
 .text          0x00810708      0x148 ../IntegratedTest_bsp/\libhal_bsp.a(altera_avalon_jtag_uart_fd.o)
                0x00810708                altera_avalon_jtag_uart_read_fd
                0x00810760                altera_avalon_jtag_uart_write_fd
                0x008107b8                altera_avalon_jtag_uart_close_fd
                0x00810800                altera_avalon_jtag_uart_ioctl_fd
 .text          0x00810850      0x408 ../IntegratedTest_bsp/\libhal_bsp.a(altera_avalon_jtag_uart_init.o)
                0x00810850                altera_avalon_jtag_uart_init
                0x00810be4                altera_avalon_jtag_uart_close
 .text          0x00810c58       0xf4 ../IntegratedTest_bsp/\libhal_bsp.a(altera_avalon_jtag_uart_ioctl.o)
                0x00810c58                altera_avalon_jtag_uart_ioctl
 .text          0x00810d4c      0x224 ../IntegratedTest_bsp/\libhal_bsp.a(altera_avalon_jtag_uart_read.o)
                0x00810d4c                altera_avalon_jtag_uart_read
 .text          0x00810f70      0x240 ../IntegratedTest_bsp/\libhal_bsp.a(altera_avalon_jtag_uart_write.o)
                0x00810f70                altera_avalon_jtag_uart_write
 .text          0x008111b0       0xfc ../IntegratedTest_bsp/\libhal_bsp.a(altera_avalon_timer_sc.o)
                0x00811224                alt_avalon_timer_sc_init
 .text          0x008112ac      0x398 ../IntegratedTest_bsp/\libhal_bsp.a(altera_up_avalon_rs232.o)
                0x008112ac                alt_up_rs232_enable_read_interrupt
                0x00811300                alt_up_rs232_disable_read_interrupt
                0x00811358                alt_up_rs232_get_used_space_in_read_FIFO
                0x00811394                alt_up_rs232_get_available_space_in_write_FIFO
                0x008113d4                alt_up_rs232_check_parity
                0x00811424                alt_up_rs232_write_data
                0x0081146c                alt_up_rs232_read_data
                0x008114e0                alt_up_rs232_read_fd
                0x00811570                alt_up_rs232_write_fd
                0x00811604                alt_up_rs232_open_dev
 .text          0x00811644      0x154 ../IntegratedTest_bsp/\libhal_bsp.a(alt_alarm_start.o)
                0x00811644                alt_alarm_start
 .text          0x00811798      0x15c ../IntegratedTest_bsp/\libhal_bsp.a(alt_busy_sleep.o)
                0x00811798                alt_busy_sleep
 .text          0x008118f4       0x1c ../IntegratedTest_bsp/\libhal_bsp.a(alt_dcache_flush_all.o)
                0x008118f4                alt_dcache_flush_all
 .text          0x00811910      0x114 ../IntegratedTest_bsp/\libhal_bsp.a(alt_dev_llist_insert.o)
                0x00811910                alt_dev_llist_insert
 .text          0x00811a24       0x64 ../IntegratedTest_bsp/\libhal_bsp.a(alt_do_ctors.o)
                0x00811a24                _do_ctors
 .text          0x00811a88       0x64 ../IntegratedTest_bsp/\libhal_bsp.a(alt_do_dtors.o)
                0x00811a88                _do_dtors
 .text          0x00811aec       0x94 ../IntegratedTest_bsp/\libhal_bsp.a(alt_find_dev.o)
                0x00811aec                alt_find_dev
 .text          0x00811b80       0x1c ../IntegratedTest_bsp/\libhal_bsp.a(alt_icache_flush_all.o)
                0x00811b80                alt_icache_flush_all
 .text          0x00811b9c      0x150 ../IntegratedTest_bsp/\libhal_bsp.a(alt_io_redirect.o)
                0x00811c74                alt_io_redirect
 .text          0x00811cec        0x0 ../IntegratedTest_bsp/\libhal_bsp.a(alt_irq_entry.o)
 .text          0x00811cec        0x0 ../IntegratedTest_bsp/\libhal_bsp.a(alt_irq_handler.o)
 .text          0x00811cec      0x2e4 ../IntegratedTest_bsp/\libhal_bsp.a(alt_open.o)
                0x00811de4                open
 .text          0x00811fd0      0x1a4 ../IntegratedTest_bsp/\libhal_bsp.a(alt_tick.o)
                0x00811fd0                alt_alarm_stop
                0x00812068                alt_tick
 .text          0x00812174       0x20 ../IntegratedTest_bsp/\libhal_bsp.a(altera_nios2_qsys_irq.o)
                0x00812174                altera_nios2_qsys_irq_init
 .text          0x00812194        0x0 ../IntegratedTest_bsp/\libhal_bsp.a(alt_exception_entry.o)
 .text          0x00812194      0x120 ../IntegratedTest_bsp/\libhal_bsp.a(alt_find_file.o)
                0x00812194                alt_find_file
 .text          0x008122b4       0xd0 ../IntegratedTest_bsp/\libhal_bsp.a(alt_get_fd.o)
                0x008122b4                alt_get_fd
 .text          0x00812384       0x14 c:/altera/13.0sp1/nios2eds/bin/gnu/h-i686-mingw32/bin/../lib/gcc/nios2-elf/4.1.2/../../../../nios2-elf/lib/mno-hw-mul\libc.a(lib_a-atexit.o)
                0x00812384                atexit
 .text          0x00812398       0x38 c:/altera/13.0sp1/nios2eds/bin/gnu/h-i686-mingw32/bin/../lib/gcc/nios2-elf/4.1.2/../../../../nios2-elf/lib/mno-hw-mul\libc.a(lib_a-exit.o)
                0x00812398                exit
 .text          0x008123d0       0x74 c:/altera/13.0sp1/nios2eds/bin/gnu/h-i686-mingw32/bin/../lib/gcc/nios2-elf/4.1.2/../../../../nios2-elf/lib/mno-hw-mul\libc.a(lib_a-memcmp.o)
                0x008123d0                memcmp
 .text          0x00812444      0x134 c:/altera/13.0sp1/nios2eds/bin/gnu/h-i686-mingw32/bin/../lib/gcc/nios2-elf/4.1.2/../../../../nios2-elf/lib/mno-hw-mul\libc.a(lib_a-__atexit.o)
                0x00812444                __register_exitproc
 .text          0x00812578      0x1b4 c:/altera/13.0sp1/nios2eds/bin/gnu/h-i686-mingw32/bin/../lib/gcc/nios2-elf/4.1.2/../../../../nios2-elf/lib/mno-hw-mul\libc.a(lib_a-__call_atexit.o)
                0x0081257c                __call_exitprocs
 .text          0x0081272c       0x60 ../IntegratedTest_bsp/\libhal_bsp.a(alt_exit.o)
                0x0081276c                _exit
 *(.gnu.warning.*)
 *(.fini)
                0x0081278c                PROVIDE (__etext, ABSOLUTE (.))
                0x0081278c                PROVIDE (_etext, ABSOLUTE (.))
                0x0081278c                PROVIDE (etext, ABSOLUTE (.))
 *(.eh_frame_hdr)
                0x0081278c                . = ALIGN (0x4)
                0x0081278c                PROVIDE (__preinit_array_start, ABSOLUTE (.))
 *(.preinit_array)
                0x0081278c                PROVIDE (__preinit_array_end, ABSOLUTE (.))
                0x0081278c                PROVIDE (__init_array_start, ABSOLUTE (.))
 *(.init_array)
                0x0081278c                PROVIDE (__init_array_end, ABSOLUTE (.))
                0x0081278c                PROVIDE (__fini_array_start, ABSOLUTE (.))
 *(.fini_array)
                0x0081278c                PROVIDE (__fini_array_end, ABSOLUTE (.))
 *(.eh_frame)
 *(.gcc_except_table)
 *(.dynamic)
                0x0081278c                PROVIDE (__CTOR_LIST__, ABSOLUTE (.))
 *(.ctors)
 *(SORT(.ctors.*))
 .ctors.65535   0x0081278c        0x4 c:/altera/13.0sp1/nios2eds/bin/gnu/h-i686-mingw32/bin/../lib/gcc/nios2-elf/4.1.2/../../../../nios2-elf/lib/mno-hw-mul\libc.a(lib_a-__call_atexit.o)
                0x00812790                PROVIDE (__CTOR_END__, ABSOLUTE (.))
                0x00812790                PROVIDE (__DTOR_LIST__, ABSOLUTE (.))
 *(.dtors)
 *(SORT(.dtors.*))
                0x00812790                PROVIDE (__DTOR_END__, ABSOLUTE (.))
 *(.jcr)
                0x00812790                . = ALIGN (0x4)

.rodata         0x00812790      0xe28
                0x00812790                PROVIDE (__ram_rodata_start, ABSOLUTE (.))
                0x00812790                . = ALIGN (0x4)
 *(.rodata .rodata.* .gnu.linkonce.r.*)
 .rodata        0x00812790       0x68 obj/default/CHAP_9.o
 .rodata        0x008127f8       0xd8 obj/default/D13BUS.o
 .rodata        0x008128d0      0x140 obj/default/HAL4D13.o
 .rodata        0x00812a10       0x70 obj/default/HID.o
 .rodata        0x00812a80       0xd4 obj/default/ISR.o
 .rodata        0x00812b54      0x2e0 obj/default/MAINLOOP.o
 .rodata        0x00812e34      0x1a4 obj/default/hello_world.o
 .rodata        0x00812fd8       0x14 c:/altera/13.0sp1/nios2eds/bin/gnu/h-i686-mingw32/bin/../lib/gcc/nios2-elf/4.1.2/mno-hw-mul\libgcc.a(_thenan_df.o)
                0x00812fd8                __thenan_df
 .rodata        0x00812fec      0x100 c:/altera/13.0sp1/nios2eds/bin/gnu/h-i686-mingw32/bin/../lib/gcc/nios2-elf/4.1.2/mno-hw-mul\libgcc.a(_clz.o)
                0x00812fec                __clz_tab
 .rodata.str1.4
                0x008130ec        0x2 c:/altera/13.0sp1/nios2eds/bin/gnu/h-i686-mingw32/bin/../lib/gcc/nios2-elf/4.1.2/../../../../nios2-elf/lib/mno-hw-mul\libc.a(lib_a-puts.o)
                                  0x4 (size before relaxing)
 *fill*         0x008130ee        0x2 00
 .rodata.str1.4
                0x008130f0       0x5e c:/altera/13.0sp1/nios2eds/bin/gnu/h-i686-mingw32/bin/../lib/gcc/nios2-elf/4.1.2/../../../../nios2-elf/lib/mno-hw-mul\libc.a(lib_a-vfprintf.o)
                                 0x60 (size before relaxing)
 .rodata        0x0081314e       0x20 c:/altera/13.0sp1/nios2eds/bin/gnu/h-i686-mingw32/bin/../lib/gcc/nios2-elf/4.1.2/../../../../nios2-elf/lib/mno-hw-mul\libc.a(lib_a-vfprintf.o)
 .rodata        0x0081316e      0x281 c:/altera/13.0sp1/nios2eds/bin/gnu/h-i686-mingw32/bin/../lib/gcc/nios2-elf/4.1.2/../../../../nios2-elf/lib/mno-hw-mul\libc.a(lib_a-ctype_.o)
                0x0081316e                _ctype_
 *fill*         0x008133ef        0x1 00
 .rodata.str1.4
                0x008133f0       0x10 c:/altera/13.0sp1/nios2eds/bin/gnu/h-i686-mingw32/bin/../lib/gcc/nios2-elf/4.1.2/../../../../nios2-elf/lib/mno-hw-mul\libc.a(lib_a-dtoa.o)
                                 0x14 (size before relaxing)
 .rodata.str1.4
                0x00813400        0x2 c:/altera/13.0sp1/nios2eds/bin/gnu/h-i686-mingw32/bin/../lib/gcc/nios2-elf/4.1.2/../../../../nios2-elf/lib/mno-hw-mul\libc.a(lib_a-impure.o)
                                  0x4 (size before relaxing)
 *fill*         0x00813402        0x2 00
 .rodata.str1.4
                0x00813404       0x10 c:/altera/13.0sp1/nios2eds/bin/gnu/h-i686-mingw32/bin/../lib/gcc/nios2-elf/4.1.2/../../../../nios2-elf/lib/mno-hw-mul\libc.a(lib_a-locale.o)
                                 0x18 (size before relaxing)
 .rodata        0x00813414       0x30 c:/altera/13.0sp1/nios2eds/bin/gnu/h-i686-mingw32/bin/../lib/gcc/nios2-elf/4.1.2/../../../../nios2-elf/lib/mno-hw-mul\libc.a(lib_a-locale.o)
 .rodata        0x00813444      0x124 c:/altera/13.0sp1/nios2eds/bin/gnu/h-i686-mingw32/bin/../lib/gcc/nios2-elf/4.1.2/../../../../nios2-elf/lib/mno-hw-mul\libc.a(lib_a-mprec.o)
                0x00813444                __mprec_tens
                0x0081350c                __mprec_bigtens
                0x00813534                __mprec_tinytens
 .rodata        0x00813568        0xc ../IntegratedTest_bsp/\libhal_bsp.a(alt_dev.o)
 .rodata        0x00813574       0x14 ../IntegratedTest_bsp/\libhal_bsp.a(alt_main.o)
 .rodata        0x00813588       0x30 ../IntegratedTest_bsp/\libhal_bsp.a(alt_sys_init.o)
 *(.rodata1)
                0x008135b8                . = ALIGN (0x4)
                0x008135b8                PROVIDE (__ram_rodata_end, ABSOLUTE (.))
                0x00812790                PROVIDE (__flash_rodata_start, LOADADDR (.rodata))

.rwdata         0x008135b8     0x1dd8 load address 0x00815390
                0x008135b8                PROVIDE (__ram_rwdata_start, ABSOLUTE (.))
                0x008135b8                . = ALIGN (0x4)
 *(.got.plt)
 *(.got)
 *(.data1)
 *(.data .data.* .gnu.linkonce.d.*)
 .data          0x008135b8        0x0 ../IntegratedTest_bsp//obj/HAL/src/crt0.o
 .data          0x008135b8      0x1a0 obj/default/CHAP_9.o
                0x008135b8                DeviceDescr
                0x008135ca                ConfigDescr_a
                0x008135ec                ConfigDescr
                0x00813634                InterfaceDescr0
                0x0081363d                REPORT_DESCRIPTOR2
                0x0081366a                REPORT_DESCRIPTOR
                0x00813697                strInterface
                0x008136af                strConfiguration
                0x008136c1                strSerialNum
                0x008136db                strProduct
                0x0081371d                strManufacturer
 .data          0x00813758        0x0 obj/default/D13BUS.o
 .data          0x00813758        0x0 obj/default/HAL4D13.o
 .data          0x00813758        0x0 obj/default/HID.o
 .data          0x00813758        0x0 obj/default/ISR.o
 .data          0x00813758        0x0 obj/default/IntegratedMain.o
 .data          0x00813758      0x168 obj/default/MAINLOOP.o
                0x00813758                StandardDeviceRequest
                0x0081378c                _NAME_USB_REQUEST_RECIPIENT
                0x0081379c                _NAME_USB_REQUEST_TYPE
                0x008137ac                _NAME_USB_STANDARD_REQUEST
                0x008137e0                ClassDeviceRequest
                0x00813810                _NAME_USB_CLASS_REQUEST
                0x00813840                VendorDeviceRequest
                0x00813880                _NAME_USB_VENDOR_REQUEST
 .data          0x008138c0        0x0 obj/default/hello_world.o
 .data          0x008138c0        0x0 obj/default/usb_irq.o
 .data          0x008138c0        0x0 c:/altera/13.0sp1/nios2eds/bin/gnu/h-i686-mingw32/bin/../lib/gcc/nios2-elf/4.1.2/mno-hw-mul\libgcc.a(_addsub_df.o)
 .data          0x008138c0        0x0 c:/altera/13.0sp1/nios2eds/bin/gnu/h-i686-mingw32/bin/../lib/gcc/nios2-elf/4.1.2/mno-hw-mul\libgcc.a(_si_to_df.o)
 .data          0x008138c0        0x0 c:/altera/13.0sp1/nios2eds/bin/gnu/h-i686-mingw32/bin/../lib/gcc/nios2-elf/4.1.2/mno-hw-mul\libgcc.a(_df_to_si.o)
 .data          0x008138c0        0x0 c:/altera/13.0sp1/nios2eds/bin/gnu/h-i686-mingw32/bin/../lib/gcc/nios2-elf/4.1.2/mno-hw-mul\libgcc.a(_thenan_df.o)
 .data          0x008138c0        0x0 c:/altera/13.0sp1/nios2eds/bin/gnu/h-i686-mingw32/bin/../lib/gcc/nios2-elf/4.1.2/mno-hw-mul\libgcc.a(lib2-divmod.o)
 .data          0x008138c0        0x0 c:/altera/13.0sp1/nios2eds/bin/gnu/h-i686-mingw32/bin/../lib/gcc/nios2-elf/4.1.2/mno-hw-mul\libgcc.a(_clzsi2.o)
 .data          0x008138c0        0x0 c:/altera/13.0sp1/nios2eds/bin/gnu/h-i686-mingw32/bin/../lib/gcc/nios2-elf/4.1.2/mno-hw-mul\libgcc.a(_pack_df.o)
 .data          0x008138c0        0x0 c:/altera/13.0sp1/nios2eds/bin/gnu/h-i686-mingw32/bin/../lib/gcc/nios2-elf/4.1.2/mno-hw-mul\libgcc.a(_unpack_df.o)
 .data          0x008138c0        0x0 c:/altera/13.0sp1/nios2eds/bin/gnu/h-i686-mingw32/bin/../lib/gcc/nios2-elf/4.1.2/mno-hw-mul\libgcc.a(_clz.o)
 .data          0x008138c0        0x0 c:/altera/13.0sp1/nios2eds/bin/gnu/h-i686-mingw32/bin/../lib/gcc/nios2-elf/4.1.2/../../../../nios2-elf/lib/mno-hw-mul\libc.a(lib_a-atoi.o)
 .data          0x008138c0        0x0 c:/altera/13.0sp1/nios2eds/bin/gnu/h-i686-mingw32/bin/../lib/gcc/nios2-elf/4.1.2/../../../../nios2-elf/lib/mno-hw-mul\libc.a(lib_a-memcpy.o)
 .data          0x008138c0        0x0 c:/altera/13.0sp1/nios2eds/bin/gnu/h-i686-mingw32/bin/../lib/gcc/nios2-elf/4.1.2/../../../../nios2-elf/lib/mno-hw-mul\libc.a(lib_a-printf.o)
 .data          0x008138c0        0x0 c:/altera/13.0sp1/nios2eds/bin/gnu/h-i686-mingw32/bin/../lib/gcc/nios2-elf/4.1.2/../../../../nios2-elf/lib/mno-hw-mul\libc.a(lib_a-putchar.o)
 .data          0x008138c0        0x0 c:/altera/13.0sp1/nios2eds/bin/gnu/h-i686-mingw32/bin/../lib/gcc/nios2-elf/4.1.2/../../../../nios2-elf/lib/mno-hw-mul\libc.a(lib_a-puts.o)
 .data          0x008138c0        0x0 c:/altera/13.0sp1/nios2eds/bin/gnu/h-i686-mingw32/bin/../lib/gcc/nios2-elf/4.1.2/../../../../nios2-elf/lib/mno-hw-mul\libc.a(lib_a-strlen.o)
 .data          0x008138c0        0x0 c:/altera/13.0sp1/nios2eds/bin/gnu/h-i686-mingw32/bin/../lib/gcc/nios2-elf/4.1.2/../../../../nios2-elf/lib/mno-hw-mul\libc.a(lib_a-strtol.o)
 .data          0x008138c0        0x0 c:/altera/13.0sp1/nios2eds/bin/gnu/h-i686-mingw32/bin/../lib/gcc/nios2-elf/4.1.2/../../../../nios2-elf/lib/mno-hw-mul\libc.a(lib_a-vfprintf.o)
 .data          0x008138c0        0x0 c:/altera/13.0sp1/nios2eds/bin/gnu/h-i686-mingw32/bin/../lib/gcc/nios2-elf/4.1.2/../../../../nios2-elf/lib/mno-hw-mul\libc.a(lib_a-wsetup.o)
 .data          0x008138c0        0x0 c:/altera/13.0sp1/nios2eds/bin/gnu/h-i686-mingw32/bin/../lib/gcc/nios2-elf/4.1.2/../../../../nios2-elf/lib/mno-hw-mul\libc.a(lib_a-ctype_.o)
 .data          0x008138c0        0x0 c:/altera/13.0sp1/nios2eds/bin/gnu/h-i686-mingw32/bin/../lib/gcc/nios2-elf/4.1.2/../../../../nios2-elf/lib/mno-hw-mul\libc.a(lib_a-dtoa.o)
 .data          0x008138c0        0x0 c:/altera/13.0sp1/nios2eds/bin/gnu/h-i686-mingw32/bin/../lib/gcc/nios2-elf/4.1.2/../../../../nios2-elf/lib/mno-hw-mul\libc.a(lib_a-fflush.o)
 .data          0x008138c0        0x0 c:/altera/13.0sp1/nios2eds/bin/gnu/h-i686-mingw32/bin/../lib/gcc/nios2-elf/4.1.2/../../../../nios2-elf/lib/mno-hw-mul\libc.a(lib_a-findfp.o)
 .data          0x008138c0        0x0 c:/altera/13.0sp1/nios2eds/bin/gnu/h-i686-mingw32/bin/../lib/gcc/nios2-elf/4.1.2/../../../../nios2-elf/lib/mno-hw-mul\libc.a(lib_a-freer.o)
 .data          0x008138c0        0x0 c:/altera/13.0sp1/nios2eds/bin/gnu/h-i686-mingw32/bin/../lib/gcc/nios2-elf/4.1.2/../../../../nios2-elf/lib/mno-hw-mul\libc.a(lib_a-fvwrite.o)
 .data          0x008138c0        0x0 c:/altera/13.0sp1/nios2eds/bin/gnu/h-i686-mingw32/bin/../lib/gcc/nios2-elf/4.1.2/../../../../nios2-elf/lib/mno-hw-mul\libc.a(lib_a-fwalk.o)
 .data          0x008138c0      0x400 c:/altera/13.0sp1/nios2eds/bin/gnu/h-i686-mingw32/bin/../lib/gcc/nios2-elf/4.1.2/../../../../nios2-elf/lib/mno-hw-mul\libc.a(lib_a-impure.o)
 .data          0x00813cc0        0xc c:/altera/13.0sp1/nios2eds/bin/gnu/h-i686-mingw32/bin/../lib/gcc/nios2-elf/4.1.2/../../../../nios2-elf/lib/mno-hw-mul\libc.a(lib_a-locale.o)
                0x00813cc0                __lc_ctype
 .data          0x00813ccc        0x0 c:/altera/13.0sp1/nios2eds/bin/gnu/h-i686-mingw32/bin/../lib/gcc/nios2-elf/4.1.2/../../../../nios2-elf/lib/mno-hw-mul\libc.a(lib_a-makebuf.o)
 .data          0x00813ccc      0x408 c:/altera/13.0sp1/nios2eds/bin/gnu/h-i686-mingw32/bin/../lib/gcc/nios2-elf/4.1.2/../../../../nios2-elf/lib/mno-hw-mul\libc.a(lib_a-mallocr.o)
                0x00813ccc                __malloc_av_
 .data          0x008140d4        0x0 c:/altera/13.0sp1/nios2eds/bin/gnu/h-i686-mingw32/bin/../lib/gcc/nios2-elf/4.1.2/../../../../nios2-elf/lib/mno-hw-mul\libc.a(lib_a-memchr.o)
 .data          0x008140d4        0x0 c:/altera/13.0sp1/nios2eds/bin/gnu/h-i686-mingw32/bin/../lib/gcc/nios2-elf/4.1.2/../../../../nios2-elf/lib/mno-hw-mul\libc.a(lib_a-memmove.o)
 .data          0x008140d4        0x0 c:/altera/13.0sp1/nios2eds/bin/gnu/h-i686-mingw32/bin/../lib/gcc/nios2-elf/4.1.2/../../../../nios2-elf/lib/mno-hw-mul\libc.a(lib_a-memset.o)
 .data          0x008140d4        0x0 c:/altera/13.0sp1/nios2eds/bin/gnu/h-i686-mingw32/bin/../lib/gcc/nios2-elf/4.1.2/../../../../nios2-elf/lib/mno-hw-mul\libc.a(lib_a-mprec.o)
 .data          0x008140d4        0x0 c:/altera/13.0sp1/nios2eds/bin/gnu/h-i686-mingw32/bin/../lib/gcc/nios2-elf/4.1.2/../../../../nios2-elf/lib/mno-hw-mul\libc.a(lib_a-putc.o)
 .data          0x008140d4        0x0 c:/altera/13.0sp1/nios2eds/bin/gnu/h-i686-mingw32/bin/../lib/gcc/nios2-elf/4.1.2/../../../../nios2-elf/lib/mno-hw-mul\libc.a(lib_a-reallocr.o)
 .data          0x008140d4        0x0 c:/altera/13.0sp1/nios2eds/bin/gnu/h-i686-mingw32/bin/../lib/gcc/nios2-elf/4.1.2/../../../../nios2-elf/lib/mno-hw-mul\libc.a(lib_a-s_isinfd.o)
 .data          0x008140d4        0x0 c:/altera/13.0sp1/nios2eds/bin/gnu/h-i686-mingw32/bin/../lib/gcc/nios2-elf/4.1.2/../../../../nios2-elf/lib/mno-hw-mul\libc.a(lib_a-s_isnand.o)
 .data          0x008140d4        0x0 c:/altera/13.0sp1/nios2eds/bin/gnu/h-i686-mingw32/bin/../lib/gcc/nios2-elf/4.1.2/../../../../nios2-elf/lib/mno-hw-mul\libc.a(lib_a-sbrkr.o)
 .data          0x008140d4        0x0 c:/altera/13.0sp1/nios2eds/bin/gnu/h-i686-mingw32/bin/../lib/gcc/nios2-elf/4.1.2/../../../../nios2-elf/lib/mno-hw-mul\libc.a(lib_a-stdio.o)
 .data          0x008140d4        0x0 c:/altera/13.0sp1/nios2eds/bin/gnu/h-i686-mingw32/bin/../lib/gcc/nios2-elf/4.1.2/../../../../nios2-elf/lib/mno-hw-mul\libc.a(lib_a-strcmp.o)
 .data          0x008140d4        0x0 c:/altera/13.0sp1/nios2eds/bin/gnu/h-i686-mingw32/bin/../lib/gcc/nios2-elf/4.1.2/../../../../nios2-elf/lib/mno-hw-mul\libc.a(lib_a-wbuf.o)
 .data          0x008140d4        0x0 c:/altera/13.0sp1/nios2eds/bin/gnu/h-i686-mingw32/bin/../lib/gcc/nios2-elf/4.1.2/../../../../nios2-elf/lib/mno-hw-mul\libc.a(lib_a-writer.o)
 .data          0x008140d4        0x0 c:/altera/13.0sp1/nios2eds/bin/gnu/h-i686-mingw32/bin/../lib/gcc/nios2-elf/4.1.2/../../../../nios2-elf/lib/mno-hw-mul\libc.a(lib_a-callocr.o)
 .data          0x008140d4        0x0 c:/altera/13.0sp1/nios2eds/bin/gnu/h-i686-mingw32/bin/../lib/gcc/nios2-elf/4.1.2/../../../../nios2-elf/lib/mno-hw-mul\libc.a(lib_a-closer.o)
 .data          0x008140d4        0x0 c:/altera/13.0sp1/nios2eds/bin/gnu/h-i686-mingw32/bin/../lib/gcc/nios2-elf/4.1.2/../../../../nios2-elf/lib/mno-hw-mul\libc.a(lib_a-fclose.o)
 .data          0x008140d4        0x0 c:/altera/13.0sp1/nios2eds/bin/gnu/h-i686-mingw32/bin/../lib/gcc/nios2-elf/4.1.2/../../../../nios2-elf/lib/mno-hw-mul\libc.a(lib_a-fstatr.o)
 .data          0x008140d4        0x0 c:/altera/13.0sp1/nios2eds/bin/gnu/h-i686-mingw32/bin/../lib/gcc/nios2-elf/4.1.2/../../../../nios2-elf/lib/mno-hw-mul\libc.a(lib_a-int_errno.o)
 .data          0x008140d4        0x0 c:/altera/13.0sp1/nios2eds/bin/gnu/h-i686-mingw32/bin/../lib/gcc/nios2-elf/4.1.2/../../../../nios2-elf/lib/mno-hw-mul\libc.a(lib_a-isattyr.o)
 .data          0x008140d4        0x0 c:/altera/13.0sp1/nios2eds/bin/gnu/h-i686-mingw32/bin/../lib/gcc/nios2-elf/4.1.2/../../../../nios2-elf/lib/mno-hw-mul\libc.a(lib_a-lseekr.o)
 .data          0x008140d4        0x0 c:/altera/13.0sp1/nios2eds/bin/gnu/h-i686-mingw32/bin/../lib/gcc/nios2-elf/4.1.2/../../../../nios2-elf/lib/mno-hw-mul\libc.a(lib_a-readr.o)
 .data          0x008140d4        0x0 c:/altera/13.0sp1/nios2eds/bin/gnu/h-i686-mingw32/bin/../lib/gcc/nios2-elf/4.1.2/mno-hw-mul\libgcc.a(_udivdi3.o)
 .data          0x008140d4        0x0 c:/altera/13.0sp1/nios2eds/bin/gnu/h-i686-mingw32/bin/../lib/gcc/nios2-elf/4.1.2/mno-hw-mul\libgcc.a(_umoddi3.o)
 .data          0x008140d4        0x0 c:/altera/13.0sp1/nios2eds/bin/gnu/h-i686-mingw32/bin/../lib/gcc/nios2-elf/4.1.2/mno-hw-mul\libgcc.a(_mul_df.o)
 .data          0x008140d4        0x0 c:/altera/13.0sp1/nios2eds/bin/gnu/h-i686-mingw32/bin/../lib/gcc/nios2-elf/4.1.2/mno-hw-mul\libgcc.a(_div_df.o)
 .data          0x008140d4        0x0 c:/altera/13.0sp1/nios2eds/bin/gnu/h-i686-mingw32/bin/../lib/gcc/nios2-elf/4.1.2/mno-hw-mul\libgcc.a(_eq_df.o)
 .data          0x008140d4        0x0 c:/altera/13.0sp1/nios2eds/bin/gnu/h-i686-mingw32/bin/../lib/gcc/nios2-elf/4.1.2/mno-hw-mul\libgcc.a(_ne_df.o)
 .data          0x008140d4        0x0 c:/altera/13.0sp1/nios2eds/bin/gnu/h-i686-mingw32/bin/../lib/gcc/nios2-elf/4.1.2/mno-hw-mul\libgcc.a(_gt_df.o)
 .data          0x008140d4        0x0 c:/altera/13.0sp1/nios2eds/bin/gnu/h-i686-mingw32/bin/../lib/gcc/nios2-elf/4.1.2/mno-hw-mul\libgcc.a(_ge_df.o)
 .data          0x008140d4        0x0 c:/altera/13.0sp1/nios2eds/bin/gnu/h-i686-mingw32/bin/../lib/gcc/nios2-elf/4.1.2/mno-hw-mul\libgcc.a(_lt_df.o)
 .data          0x008140d4        0x0 c:/altera/13.0sp1/nios2eds/bin/gnu/h-i686-mingw32/bin/../lib/gcc/nios2-elf/4.1.2/mno-hw-mul\libgcc.a(_usi_to_df.o)
 .data          0x008140d4        0x0 c:/altera/13.0sp1/nios2eds/bin/gnu/h-i686-mingw32/bin/../lib/gcc/nios2-elf/4.1.2/mno-hw-mul\libgcc.a(lib2-mul.o)
 .data          0x008140d4        0x0 c:/altera/13.0sp1/nios2eds/bin/gnu/h-i686-mingw32/bin/../lib/gcc/nios2-elf/4.1.2/mno-hw-mul\libgcc.a(_muldi3.o)
 .data          0x008140d4        0x0 c:/altera/13.0sp1/nios2eds/bin/gnu/h-i686-mingw32/bin/../lib/gcc/nios2-elf/4.1.2/mno-hw-mul\libgcc.a(_fpcmp_parts_df.o)
 .data          0x008140d4        0x0 ../IntegratedTest_bsp/\libhal_bsp.a(alt_close.o)
 .data          0x008140d4      0x1a8 ../IntegratedTest_bsp/\libhal_bsp.a(alt_dev.o)
                0x008140d4                alt_dev_null
                0x008140fc                alt_fd_list
 .data          0x0081427c        0x0 ../IntegratedTest_bsp/\libhal_bsp.a(alt_errno.o)
 .data          0x0081427c        0x0 ../IntegratedTest_bsp/\libhal_bsp.a(alt_fstat.o)
 .data          0x0081427c        0x0 ../IntegratedTest_bsp/\libhal_bsp.a(alt_irq_register.o)
 .data          0x0081427c        0x0 ../IntegratedTest_bsp/\libhal_bsp.a(alt_irq_vars.o)
 .data          0x0081427c        0x0 ../IntegratedTest_bsp/\libhal_bsp.a(alt_isatty.o)
 .data          0x0081427c        0x0 ../IntegratedTest_bsp/\libhal_bsp.a(alt_load.o)
 .data          0x0081427c        0x0 ../IntegratedTest_bsp/\libhal_bsp.a(alt_lseek.o)
 .data          0x0081427c        0x0 ../IntegratedTest_bsp/\libhal_bsp.a(alt_main.o)
 .data          0x0081427c        0x0 ../IntegratedTest_bsp/\libhal_bsp.a(alt_malloc_lock.o)
 .data          0x0081427c        0x0 ../IntegratedTest_bsp/\libhal_bsp.a(alt_printf.o)
 .data          0x0081427c        0x0 ../IntegratedTest_bsp/\libhal_bsp.a(alt_putchar.o)
 .data          0x0081427c        0x0 ../IntegratedTest_bsp/\libhal_bsp.a(alt_read.o)
 .data          0x0081427c        0x0 ../IntegratedTest_bsp/\libhal_bsp.a(alt_release_fd.o)
 .data          0x0081427c        0x0 ../IntegratedTest_bsp/\libhal_bsp.a(alt_sbrk.o)
 .data          0x0081427c        0x0 ../IntegratedTest_bsp/\libhal_bsp.a(alt_usleep.o)
 .data          0x0081427c        0x0 ../IntegratedTest_bsp/\libhal_bsp.a(alt_write.o)
 .data          0x0081427c     0x10c0 ../IntegratedTest_bsp/\libhal_bsp.a(alt_sys_init.o)
 .data          0x0081533c        0x0 ../IntegratedTest_bsp/\libhal_bsp.a(altera_avalon_jtag_uart_fd.o)
 .data          0x0081533c        0x0 ../IntegratedTest_bsp/\libhal_bsp.a(altera_avalon_jtag_uart_init.o)
 .data          0x0081533c        0x0 ../IntegratedTest_bsp/\libhal_bsp.a(altera_avalon_jtag_uart_ioctl.o)
 .data          0x0081533c        0x0 ../IntegratedTest_bsp/\libhal_bsp.a(altera_avalon_jtag_uart_read.o)
 .data          0x0081533c        0x0 ../IntegratedTest_bsp/\libhal_bsp.a(altera_avalon_jtag_uart_write.o)
 .data          0x0081533c        0x0 ../IntegratedTest_bsp/\libhal_bsp.a(altera_avalon_timer_sc.o)
 .data          0x0081533c        0x0 ../IntegratedTest_bsp/\libhal_bsp.a(altera_up_avalon_rs232.o)
 .data          0x0081533c        0x0 ../IntegratedTest_bsp/\libhal_bsp.a(alt_alarm_start.o)
 .data          0x0081533c        0x0 ../IntegratedTest_bsp/\libhal_bsp.a(alt_busy_sleep.o)
 .data          0x0081533c        0x0 ../IntegratedTest_bsp/\libhal_bsp.a(alt_dcache_flush_all.o)
 .data          0x0081533c        0x0 ../IntegratedTest_bsp/\libhal_bsp.a(alt_dev_llist_insert.o)
 .data          0x0081533c        0x0 ../IntegratedTest_bsp/\libhal_bsp.a(alt_do_ctors.o)
 .data          0x0081533c        0x0 ../IntegratedTest_bsp/\libhal_bsp.a(alt_do_dtors.o)
 .data          0x0081533c        0x0 ../IntegratedTest_bsp/\libhal_bsp.a(alt_find_dev.o)
 .data          0x0081533c        0x0 ../IntegratedTest_bsp/\libhal_bsp.a(alt_icache_flush_all.o)
 .data          0x0081533c        0x0 ../IntegratedTest_bsp/\libhal_bsp.a(alt_io_redirect.o)
 .data          0x0081533c        0x0 ../IntegratedTest_bsp/\libhal_bsp.a(alt_irq_entry.o)
 .data          0x0081533c        0x0 ../IntegratedTest_bsp/\libhal_bsp.a(alt_irq_handler.o)
 .data          0x0081533c        0x0 ../IntegratedTest_bsp/\libhal_bsp.a(alt_open.o)
 .data          0x0081533c        0x0 ../IntegratedTest_bsp/\libhal_bsp.a(alt_tick.o)
 .data          0x0081533c        0x0 ../IntegratedTest_bsp/\libhal_bsp.a(altera_nios2_qsys_irq.o)
 .data          0x0081533c        0x0 ../IntegratedTest_bsp/\libhal_bsp.a(alt_exception_entry.o)
 .data          0x0081533c        0x0 ../IntegratedTest_bsp/\libhal_bsp.a(alt_find_file.o)
 .data          0x0081533c        0x0 ../IntegratedTest_bsp/\libhal_bsp.a(alt_get_fd.o)
 .data          0x0081533c        0x0 c:/altera/13.0sp1/nios2eds/bin/gnu/h-i686-mingw32/bin/../lib/gcc/nios2-elf/4.1.2/../../../../nios2-elf/lib/mno-hw-mul\libc.a(lib_a-atexit.o)
 .data          0x0081533c        0x0 c:/altera/13.0sp1/nios2eds/bin/gnu/h-i686-mingw32/bin/../lib/gcc/nios2-elf/4.1.2/../../../../nios2-elf/lib/mno-hw-mul\libc.a(lib_a-exit.o)
 .data          0x0081533c        0x0 c:/altera/13.0sp1/nios2eds/bin/gnu/h-i686-mingw32/bin/../lib/gcc/nios2-elf/4.1.2/../../../../nios2-elf/lib/mno-hw-mul\libc.a(lib_a-memcmp.o)
 .data          0x0081533c        0x0 c:/altera/13.0sp1/nios2eds/bin/gnu/h-i686-mingw32/bin/../lib/gcc/nios2-elf/4.1.2/../../../../nios2-elf/lib/mno-hw-mul\libc.a(lib_a-__atexit.o)
 .data          0x0081533c        0x0 c:/altera/13.0sp1/nios2eds/bin/gnu/h-i686-mingw32/bin/../lib/gcc/nios2-elf/4.1.2/../../../../nios2-elf/lib/mno-hw-mul\libc.a(lib_a-__call_atexit.o)
 .data          0x0081533c        0x0 ../IntegratedTest_bsp/\libhal_bsp.a(alt_exit.o)
                0x0081d33c                _gp = ABSOLUTE ((. + 0x8000))
                0x0081d33c                PROVIDE (gp, _gp)
 *(.rwdata .rwdata.*)
 *(.sdata .sdata.* .gnu.linkonce.s.*)
 .sdata         0x0081533c        0x4 obj/default/CHAP_9.o
                0x0081533c                strLanguage
 .sdata         0x00815340        0x8 obj/default/MAINLOOP.o
                0x00815340                _NAME_USB_REQUEST_DIRECTION
 .sdata         0x00815348        0x1 obj/default/usb_irq.o
                0x00815348                INT_Enabled
 *fill*         0x00815349        0x3 00
 .sdata         0x0081534c        0x4 c:/altera/13.0sp1/nios2eds/bin/gnu/h-i686-mingw32/bin/../lib/gcc/nios2-elf/4.1.2/../../../../nios2-elf/lib/mno-hw-mul\libc.a(lib_a-ctype_.o)
                0x0081534c                __ctype_ptr
 .sdata         0x00815350        0x8 c:/altera/13.0sp1/nios2eds/bin/gnu/h-i686-mingw32/bin/../lib/gcc/nios2-elf/4.1.2/../../../../nios2-elf/lib/mno-hw-mul\libc.a(lib_a-impure.o)
                0x00815350                _impure_ptr
                0x00815354                _global_impure_ptr
 .sdata         0x00815358        0x8 c:/altera/13.0sp1/nios2eds/bin/gnu/h-i686-mingw32/bin/../lib/gcc/nios2-elf/4.1.2/../../../../nios2-elf/lib/mno-hw-mul\libc.a(lib_a-locale.o)
                0x00815358                __mb_cur_max
 .sdata         0x00815360        0x8 c:/altera/13.0sp1/nios2eds/bin/gnu/h-i686-mingw32/bin/../lib/gcc/nios2-elf/4.1.2/../../../../nios2-elf/lib/mno-hw-mul\libc.a(lib_a-mallocr.o)
                0x00815360                __malloc_trim_threshold
                0x00815364                __malloc_sbrk_base
 .sdata         0x00815368       0x14 ../IntegratedTest_bsp/\libhal_bsp.a(alt_dev.o)
                0x00815368                alt_fs_list
                0x00815370                alt_dev_list
                0x00815378                alt_max_fd
 .sdata         0x0081537c        0x4 ../IntegratedTest_bsp/\libhal_bsp.a(alt_errno.o)
                0x0081537c                alt_errno
 .sdata         0x00815380        0x4 ../IntegratedTest_bsp/\libhal_bsp.a(alt_irq_vars.o)
                0x00815380                alt_priority_mask
 .sdata         0x00815384        0x4 ../IntegratedTest_bsp/\libhal_bsp.a(alt_sbrk.o)
 .sdata         0x00815388        0x8 ../IntegratedTest_bsp/\libhal_bsp.a(alt_tick.o)
                0x00815388                alt_alarm_list
 *(.sdata2 .sdata2.* .gnu.linkonce.s2.*)
                0x00815390                . = ALIGN (0x4)
                0x00815390                _edata = ABSOLUTE (.)
                0x00815390                PROVIDE (edata, ABSOLUTE (.))
                0x00815390                PROVIDE (__ram_rwdata_end, ABSOLUTE (.))
                0x00815390                PROVIDE (__flash_rwdata_start, LOADADDR (.rwdata))

.bss            0x00817168      0x340
                0x00817168                __bss_start = ABSOLUTE (.)
                0x00817168                PROVIDE (__sbss_start, ABSOLUTE (.))
                0x00817168                PROVIDE (___sbss_start, ABSOLUTE (.))
 *(.dynsbss)
 *(.sbss .sbss.* .gnu.linkonce.sb.*)
 .sbss          0x00817168        0x1 obj/default/CHAP_9.o
                0x00817168                ALTERNATIVE_SETTING
 *fill*         0x00817169        0x3 00
 .sbss          0x0081716c       0x27 obj/default/IntegratedMain.o
                0x0081716c                bD13flags
                0x00817170                clk_rate
                0x00817174                new_report
                0x0081717c                ioRequest
                0x00817184                clk_ticks
                0x00817188                hid_settings
                0x00817190                bUSBCheck_Device_State
 *fill*         0x00817193        0x1 00
 .sbss          0x00817194        0x4 obj/default/usb_irq.o
                0x00817194                status
 .sbss          0x00817198        0xc c:/altera/13.0sp1/nios2eds/bin/gnu/h-i686-mingw32/bin/../lib/gcc/nios2-elf/4.1.2/../../../../nios2-elf/lib/mno-hw-mul\libc.a(lib_a-locale.o)
                0x00817198                __nlocale_changed
                0x0081719c                __mlocale_changed
                0x008171a0                _PathLocale
 .sbss          0x008171a4        0xc c:/altera/13.0sp1/nios2eds/bin/gnu/h-i686-mingw32/bin/../lib/gcc/nios2-elf/4.1.2/../../../../nios2-elf/lib/mno-hw-mul\libc.a(lib_a-mallocr.o)
                0x008171a4                __malloc_top_pad
                0x008171a8                __malloc_max_sbrked_mem
                0x008171ac                __malloc_max_total_mem
 .sbss          0x008171b0        0x4 c:/altera/13.0sp1/nios2eds/bin/gnu/h-i686-mingw32/bin/../lib/gcc/nios2-elf/4.1.2/../../../../nios2-elf/lib/mno-hw-mul\libc.a(lib_a-int_errno.o)
                0x008171b0                errno
 .sbss          0x008171b4        0x4 ../IntegratedTest_bsp/\libhal_bsp.a(alt_irq_vars.o)
                0x008171b4                alt_irq_active
 .sbss          0x008171b8        0xc ../IntegratedTest_bsp/\libhal_bsp.a(alt_main.o)
                0x008171b8                alt_argc
                0x008171bc                alt_argv
                0x008171c0                alt_envp
 .sbss          0x008171c4        0x8 ../IntegratedTest_bsp/\libhal_bsp.a(alt_tick.o)
                0x008171c4                _alt_tick_rate
                0x008171c8                _alt_nticks
 *(.sbss2 .sbss2.* .gnu.linkonce.sb2.*)
 *(.scommon)
                0x008171cc                PROVIDE (__sbss_end, ABSOLUTE (.))
                0x008171cc                PROVIDE (___sbss_end, ABSOLUTE (.))
 *(.dynbss)
 *(.bss .bss.* .gnu.linkonce.b.*)
 .bss           0x008171cc        0x0 ../IntegratedTest_bsp//obj/HAL/src/crt0.o
 .bss           0x008171cc        0x0 obj/default/CHAP_9.o
 .bss           0x008171cc        0x0 obj/default/D13BUS.o
 .bss           0x008171cc        0x0 obj/default/HAL4D13.o
 .bss           0x008171cc        0x0 obj/default/HID.o
 .bss           0x008171cc        0x0 obj/default/ISR.o
 .bss           0x008171cc        0x0 obj/default/IntegratedMain.o
 .bss           0x008171cc        0x0 obj/default/MAINLOOP.o
 .bss           0x008171cc        0x0 obj/default/hello_world.o
 .bss           0x008171cc        0x0 obj/default/usb_irq.o
 .bss           0x008171cc        0x0 c:/altera/13.0sp1/nios2eds/bin/gnu/h-i686-mingw32/bin/../lib/gcc/nios2-elf/4.1.2/mno-hw-mul\libgcc.a(_addsub_df.o)
 .bss           0x008171cc        0x0 c:/altera/13.0sp1/nios2eds/bin/gnu/h-i686-mingw32/bin/../lib/gcc/nios2-elf/4.1.2/mno-hw-mul\libgcc.a(_si_to_df.o)
 .bss           0x008171cc        0x0 c:/altera/13.0sp1/nios2eds/bin/gnu/h-i686-mingw32/bin/../lib/gcc/nios2-elf/4.1.2/mno-hw-mul\libgcc.a(_df_to_si.o)
 .bss           0x008171cc        0x0 c:/altera/13.0sp1/nios2eds/bin/gnu/h-i686-mingw32/bin/../lib/gcc/nios2-elf/4.1.2/mno-hw-mul\libgcc.a(_thenan_df.o)
 .bss           0x008171cc        0x0 c:/altera/13.0sp1/nios2eds/bin/gnu/h-i686-mingw32/bin/../lib/gcc/nios2-elf/4.1.2/mno-hw-mul\libgcc.a(lib2-divmod.o)
 .bss           0x008171cc        0x0 c:/altera/13.0sp1/nios2eds/bin/gnu/h-i686-mingw32/bin/../lib/gcc/nios2-elf/4.1.2/mno-hw-mul\libgcc.a(_clzsi2.o)
 .bss           0x008171cc        0x0 c:/altera/13.0sp1/nios2eds/bin/gnu/h-i686-mingw32/bin/../lib/gcc/nios2-elf/4.1.2/mno-hw-mul\libgcc.a(_pack_df.o)
 .bss           0x008171cc        0x0 c:/altera/13.0sp1/nios2eds/bin/gnu/h-i686-mingw32/bin/../lib/gcc/nios2-elf/4.1.2/mno-hw-mul\libgcc.a(_unpack_df.o)
 .bss           0x008171cc        0x0 c:/altera/13.0sp1/nios2eds/bin/gnu/h-i686-mingw32/bin/../lib/gcc/nios2-elf/4.1.2/mno-hw-mul\libgcc.a(_clz.o)
 .bss           0x008171cc        0x0 c:/altera/13.0sp1/nios2eds/bin/gnu/h-i686-mingw32/bin/../lib/gcc/nios2-elf/4.1.2/../../../../nios2-elf/lib/mno-hw-mul\libc.a(lib_a-atoi.o)
 .bss           0x008171cc        0x0 c:/altera/13.0sp1/nios2eds/bin/gnu/h-i686-mingw32/bin/../lib/gcc/nios2-elf/4.1.2/../../../../nios2-elf/lib/mno-hw-mul\libc.a(lib_a-memcpy.o)
 .bss           0x008171cc        0x0 c:/altera/13.0sp1/nios2eds/bin/gnu/h-i686-mingw32/bin/../lib/gcc/nios2-elf/4.1.2/../../../../nios2-elf/lib/mno-hw-mul\libc.a(lib_a-printf.o)
 .bss           0x008171cc        0x0 c:/altera/13.0sp1/nios2eds/bin/gnu/h-i686-mingw32/bin/../lib/gcc/nios2-elf/4.1.2/../../../../nios2-elf/lib/mno-hw-mul\libc.a(lib_a-putchar.o)
 .bss           0x008171cc        0x0 c:/altera/13.0sp1/nios2eds/bin/gnu/h-i686-mingw32/bin/../lib/gcc/nios2-elf/4.1.2/../../../../nios2-elf/lib/mno-hw-mul\libc.a(lib_a-puts.o)
 .bss           0x008171cc        0x0 c:/altera/13.0sp1/nios2eds/bin/gnu/h-i686-mingw32/bin/../lib/gcc/nios2-elf/4.1.2/../../../../nios2-elf/lib/mno-hw-mul\libc.a(lib_a-strlen.o)
 .bss           0x008171cc        0x0 c:/altera/13.0sp1/nios2eds/bin/gnu/h-i686-mingw32/bin/../lib/gcc/nios2-elf/4.1.2/../../../../nios2-elf/lib/mno-hw-mul\libc.a(lib_a-strtol.o)
 .bss           0x008171cc        0x0 c:/altera/13.0sp1/nios2eds/bin/gnu/h-i686-mingw32/bin/../lib/gcc/nios2-elf/4.1.2/../../../../nios2-elf/lib/mno-hw-mul\libc.a(lib_a-vfprintf.o)
 .bss           0x008171cc        0x0 c:/altera/13.0sp1/nios2eds/bin/gnu/h-i686-mingw32/bin/../lib/gcc/nios2-elf/4.1.2/../../../../nios2-elf/lib/mno-hw-mul\libc.a(lib_a-wsetup.o)
 .bss           0x008171cc        0x0 c:/altera/13.0sp1/nios2eds/bin/gnu/h-i686-mingw32/bin/../lib/gcc/nios2-elf/4.1.2/../../../../nios2-elf/lib/mno-hw-mul\libc.a(lib_a-ctype_.o)
 .bss           0x008171cc        0x0 c:/altera/13.0sp1/nios2eds/bin/gnu/h-i686-mingw32/bin/../lib/gcc/nios2-elf/4.1.2/../../../../nios2-elf/lib/mno-hw-mul\libc.a(lib_a-dtoa.o)
 .bss           0x008171cc        0x0 c:/altera/13.0sp1/nios2eds/bin/gnu/h-i686-mingw32/bin/../lib/gcc/nios2-elf/4.1.2/../../../../nios2-elf/lib/mno-hw-mul\libc.a(lib_a-fflush.o)
 .bss           0x008171cc        0x0 c:/altera/13.0sp1/nios2eds/bin/gnu/h-i686-mingw32/bin/../lib/gcc/nios2-elf/4.1.2/../../../../nios2-elf/lib/mno-hw-mul\libc.a(lib_a-findfp.o)
 .bss           0x008171cc        0x0 c:/altera/13.0sp1/nios2eds/bin/gnu/h-i686-mingw32/bin/../lib/gcc/nios2-elf/4.1.2/../../../../nios2-elf/lib/mno-hw-mul\libc.a(lib_a-freer.o)
 .bss           0x008171cc        0x0 c:/altera/13.0sp1/nios2eds/bin/gnu/h-i686-mingw32/bin/../lib/gcc/nios2-elf/4.1.2/../../../../nios2-elf/lib/mno-hw-mul\libc.a(lib_a-fvwrite.o)
 .bss           0x008171cc        0x0 c:/altera/13.0sp1/nios2eds/bin/gnu/h-i686-mingw32/bin/../lib/gcc/nios2-elf/4.1.2/../../../../nios2-elf/lib/mno-hw-mul\libc.a(lib_a-fwalk.o)
 .bss           0x008171cc        0x0 c:/altera/13.0sp1/nios2eds/bin/gnu/h-i686-mingw32/bin/../lib/gcc/nios2-elf/4.1.2/../../../../nios2-elf/lib/mno-hw-mul\libc.a(lib_a-impure.o)
 .bss           0x008171cc        0x0 c:/altera/13.0sp1/nios2eds/bin/gnu/h-i686-mingw32/bin/../lib/gcc/nios2-elf/4.1.2/../../../../nios2-elf/lib/mno-hw-mul\libc.a(lib_a-locale.o)
 .bss           0x008171cc        0x0 c:/altera/13.0sp1/nios2eds/bin/gnu/h-i686-mingw32/bin/../lib/gcc/nios2-elf/4.1.2/../../../../nios2-elf/lib/mno-hw-mul\libc.a(lib_a-makebuf.o)
 .bss           0x008171cc       0x28 c:/altera/13.0sp1/nios2eds/bin/gnu/h-i686-mingw32/bin/../lib/gcc/nios2-elf/4.1.2/../../../../nios2-elf/lib/mno-hw-mul\libc.a(lib_a-mallocr.o)
                0x008171cc                __malloc_current_mallinfo
 .bss           0x008171f4        0x0 c:/altera/13.0sp1/nios2eds/bin/gnu/h-i686-mingw32/bin/../lib/gcc/nios2-elf/4.1.2/../../../../nios2-elf/lib/mno-hw-mul\libc.a(lib_a-memchr.o)
 .bss           0x008171f4        0x0 c:/altera/13.0sp1/nios2eds/bin/gnu/h-i686-mingw32/bin/../lib/gcc/nios2-elf/4.1.2/../../../../nios2-elf/lib/mno-hw-mul\libc.a(lib_a-memmove.o)
 .bss           0x008171f4        0x0 c:/altera/13.0sp1/nios2eds/bin/gnu/h-i686-mingw32/bin/../lib/gcc/nios2-elf/4.1.2/../../../../nios2-elf/lib/mno-hw-mul\libc.a(lib_a-memset.o)
 .bss           0x008171f4        0x0 c:/altera/13.0sp1/nios2eds/bin/gnu/h-i686-mingw32/bin/../lib/gcc/nios2-elf/4.1.2/../../../../nios2-elf/lib/mno-hw-mul\libc.a(lib_a-mprec.o)
 .bss           0x008171f4        0x0 c:/altera/13.0sp1/nios2eds/bin/gnu/h-i686-mingw32/bin/../lib/gcc/nios2-elf/4.1.2/../../../../nios2-elf/lib/mno-hw-mul\libc.a(lib_a-putc.o)
 .bss           0x008171f4        0x0 c:/altera/13.0sp1/nios2eds/bin/gnu/h-i686-mingw32/bin/../lib/gcc/nios2-elf/4.1.2/../../../../nios2-elf/lib/mno-hw-mul\libc.a(lib_a-reallocr.o)
 .bss           0x008171f4        0x0 c:/altera/13.0sp1/nios2eds/bin/gnu/h-i686-mingw32/bin/../lib/gcc/nios2-elf/4.1.2/../../../../nios2-elf/lib/mno-hw-mul\libc.a(lib_a-s_isinfd.o)
 .bss           0x008171f4        0x0 c:/altera/13.0sp1/nios2eds/bin/gnu/h-i686-mingw32/bin/../lib/gcc/nios2-elf/4.1.2/../../../../nios2-elf/lib/mno-hw-mul\libc.a(lib_a-s_isnand.o)
 .bss           0x008171f4        0x0 c:/altera/13.0sp1/nios2eds/bin/gnu/h-i686-mingw32/bin/../lib/gcc/nios2-elf/4.1.2/../../../../nios2-elf/lib/mno-hw-mul\libc.a(lib_a-sbrkr.o)
 .bss           0x008171f4        0x0 c:/altera/13.0sp1/nios2eds/bin/gnu/h-i686-mingw32/bin/../lib/gcc/nios2-elf/4.1.2/../../../../nios2-elf/lib/mno-hw-mul\libc.a(lib_a-stdio.o)
 .bss           0x008171f4        0x0 c:/altera/13.0sp1/nios2eds/bin/gnu/h-i686-mingw32/bin/../lib/gcc/nios2-elf/4.1.2/../../../../nios2-elf/lib/mno-hw-mul\libc.a(lib_a-strcmp.o)
 .bss           0x008171f4        0x0 c:/altera/13.0sp1/nios2eds/bin/gnu/h-i686-mingw32/bin/../lib/gcc/nios2-elf/4.1.2/../../../../nios2-elf/lib/mno-hw-mul\libc.a(lib_a-wbuf.o)
 .bss           0x008171f4        0x0 c:/altera/13.0sp1/nios2eds/bin/gnu/h-i686-mingw32/bin/../lib/gcc/nios2-elf/4.1.2/../../../../nios2-elf/lib/mno-hw-mul\libc.a(lib_a-writer.o)
 .bss           0x008171f4        0x0 c:/altera/13.0sp1/nios2eds/bin/gnu/h-i686-mingw32/bin/../lib/gcc/nios2-elf/4.1.2/../../../../nios2-elf/lib/mno-hw-mul\libc.a(lib_a-callocr.o)
 .bss           0x008171f4        0x0 c:/altera/13.0sp1/nios2eds/bin/gnu/h-i686-mingw32/bin/../lib/gcc/nios2-elf/4.1.2/../../../../nios2-elf/lib/mno-hw-mul\libc.a(lib_a-closer.o)
 .bss           0x008171f4        0x0 c:/altera/13.0sp1/nios2eds/bin/gnu/h-i686-mingw32/bin/../lib/gcc/nios2-elf/4.1.2/../../../../nios2-elf/lib/mno-hw-mul\libc.a(lib_a-fclose.o)
 .bss           0x008171f4        0x0 c:/altera/13.0sp1/nios2eds/bin/gnu/h-i686-mingw32/bin/../lib/gcc/nios2-elf/4.1.2/../../../../nios2-elf/lib/mno-hw-mul\libc.a(lib_a-fstatr.o)
 .bss           0x008171f4        0x0 c:/altera/13.0sp1/nios2eds/bin/gnu/h-i686-mingw32/bin/../lib/gcc/nios2-elf/4.1.2/../../../../nios2-elf/lib/mno-hw-mul\libc.a(lib_a-int_errno.o)
 .bss           0x008171f4        0x0 c:/altera/13.0sp1/nios2eds/bin/gnu/h-i686-mingw32/bin/../lib/gcc/nios2-elf/4.1.2/../../../../nios2-elf/lib/mno-hw-mul\libc.a(lib_a-isattyr.o)
 .bss           0x008171f4        0x0 c:/altera/13.0sp1/nios2eds/bin/gnu/h-i686-mingw32/bin/../lib/gcc/nios2-elf/4.1.2/../../../../nios2-elf/lib/mno-hw-mul\libc.a(lib_a-lseekr.o)
 .bss           0x008171f4        0x0 c:/altera/13.0sp1/nios2eds/bin/gnu/h-i686-mingw32/bin/../lib/gcc/nios2-elf/4.1.2/../../../../nios2-elf/lib/mno-hw-mul\libc.a(lib_a-readr.o)
 .bss           0x008171f4        0x0 c:/altera/13.0sp1/nios2eds/bin/gnu/h-i686-mingw32/bin/../lib/gcc/nios2-elf/4.1.2/mno-hw-mul\libgcc.a(_udivdi3.o)
 .bss           0x008171f4        0x0 c:/altera/13.0sp1/nios2eds/bin/gnu/h-i686-mingw32/bin/../lib/gcc/nios2-elf/4.1.2/mno-hw-mul\libgcc.a(_umoddi3.o)
 .bss           0x008171f4        0x0 c:/altera/13.0sp1/nios2eds/bin/gnu/h-i686-mingw32/bin/../lib/gcc/nios2-elf/4.1.2/mno-hw-mul\libgcc.a(_mul_df.o)
 .bss           0x008171f4        0x0 c:/altera/13.0sp1/nios2eds/bin/gnu/h-i686-mingw32/bin/../lib/gcc/nios2-elf/4.1.2/mno-hw-mul\libgcc.a(_div_df.o)
 .bss           0x008171f4        0x0 c:/altera/13.0sp1/nios2eds/bin/gnu/h-i686-mingw32/bin/../lib/gcc/nios2-elf/4.1.2/mno-hw-mul\libgcc.a(_eq_df.o)
 .bss           0x008171f4        0x0 c:/altera/13.0sp1/nios2eds/bin/gnu/h-i686-mingw32/bin/../lib/gcc/nios2-elf/4.1.2/mno-hw-mul\libgcc.a(_ne_df.o)
 .bss           0x008171f4        0x0 c:/altera/13.0sp1/nios2eds/bin/gnu/h-i686-mingw32/bin/../lib/gcc/nios2-elf/4.1.2/mno-hw-mul\libgcc.a(_gt_df.o)
 .bss           0x008171f4        0x0 c:/altera/13.0sp1/nios2eds/bin/gnu/h-i686-mingw32/bin/../lib/gcc/nios2-elf/4.1.2/mno-hw-mul\libgcc.a(_ge_df.o)
 .bss           0x008171f4        0x0 c:/altera/13.0sp1/nios2eds/bin/gnu/h-i686-mingw32/bin/../lib/gcc/nios2-elf/4.1.2/mno-hw-mul\libgcc.a(_lt_df.o)
 .bss           0x008171f4        0x0 c:/altera/13.0sp1/nios2eds/bin/gnu/h-i686-mingw32/bin/../lib/gcc/nios2-elf/4.1.2/mno-hw-mul\libgcc.a(_usi_to_df.o)
 .bss           0x008171f4        0x0 c:/altera/13.0sp1/nios2eds/bin/gnu/h-i686-mingw32/bin/../lib/gcc/nios2-elf/4.1.2/mno-hw-mul\libgcc.a(lib2-mul.o)
 .bss           0x008171f4        0x0 c:/altera/13.0sp1/nios2eds/bin/gnu/h-i686-mingw32/bin/../lib/gcc/nios2-elf/4.1.2/mno-hw-mul\libgcc.a(_muldi3.o)
 .bss           0x008171f4        0x0 c:/altera/13.0sp1/nios2eds/bin/gnu/h-i686-mingw32/bin/../lib/gcc/nios2-elf/4.1.2/mno-hw-mul\libgcc.a(_fpcmp_parts_df.o)
 .bss           0x008171f4        0x0 ../IntegratedTest_bsp/\libhal_bsp.a(alt_close.o)
 .bss           0x008171f4        0x0 ../IntegratedTest_bsp/\libhal_bsp.a(alt_dev.o)
 .bss           0x008171f4        0x0 ../IntegratedTest_bsp/\libhal_bsp.a(alt_errno.o)
 .bss           0x008171f4        0x0 ../IntegratedTest_bsp/\libhal_bsp.a(alt_fstat.o)
 .bss           0x008171f4        0x0 ../IntegratedTest_bsp/\libhal_bsp.a(alt_irq_register.o)
 .bss           0x008171f4        0x0 ../IntegratedTest_bsp/\libhal_bsp.a(alt_irq_vars.o)
 .bss           0x008171f4        0x0 ../IntegratedTest_bsp/\libhal_bsp.a(alt_isatty.o)
 .bss           0x008171f4        0x0 ../IntegratedTest_bsp/\libhal_bsp.a(alt_load.o)
 .bss           0x008171f4        0x0 ../IntegratedTest_bsp/\libhal_bsp.a(alt_lseek.o)
 .bss           0x008171f4        0x0 ../IntegratedTest_bsp/\libhal_bsp.a(alt_main.o)
 .bss           0x008171f4        0x0 ../IntegratedTest_bsp/\libhal_bsp.a(alt_malloc_lock.o)
 .bss           0x008171f4        0x0 ../IntegratedTest_bsp/\libhal_bsp.a(alt_printf.o)
 .bss           0x008171f4        0x0 ../IntegratedTest_bsp/\libhal_bsp.a(alt_putchar.o)
 .bss           0x008171f4        0x0 ../IntegratedTest_bsp/\libhal_bsp.a(alt_read.o)
 .bss           0x008171f4        0x0 ../IntegratedTest_bsp/\libhal_bsp.a(alt_release_fd.o)
 .bss           0x008171f4        0x0 ../IntegratedTest_bsp/\libhal_bsp.a(alt_sbrk.o)
 .bss           0x008171f4        0x0 ../IntegratedTest_bsp/\libhal_bsp.a(alt_usleep.o)
 .bss           0x008171f4        0x0 ../IntegratedTest_bsp/\libhal_bsp.a(alt_write.o)
 .bss           0x008171f4        0x0 ../IntegratedTest_bsp/\libhal_bsp.a(alt_sys_init.o)
 .bss           0x008171f4        0x0 ../IntegratedTest_bsp/\libhal_bsp.a(altera_avalon_jtag_uart_fd.o)
 .bss           0x008171f4        0x0 ../IntegratedTest_bsp/\libhal_bsp.a(altera_avalon_jtag_uart_init.o)
 .bss           0x008171f4        0x0 ../IntegratedTest_bsp/\libhal_bsp.a(altera_avalon_jtag_uart_ioctl.o)
 .bss           0x008171f4        0x0 ../IntegratedTest_bsp/\libhal_bsp.a(altera_avalon_jtag_uart_read.o)
 .bss           0x008171f4        0x0 ../IntegratedTest_bsp/\libhal_bsp.a(altera_avalon_jtag_uart_write.o)
 .bss           0x008171f4        0x0 ../IntegratedTest_bsp/\libhal_bsp.a(altera_avalon_timer_sc.o)
 .bss           0x008171f4        0x0 ../IntegratedTest_bsp/\libhal_bsp.a(altera_up_avalon_rs232.o)
 .bss           0x008171f4        0x0 ../IntegratedTest_bsp/\libhal_bsp.a(alt_alarm_start.o)
 .bss           0x008171f4        0x0 ../IntegratedTest_bsp/\libhal_bsp.a(alt_busy_sleep.o)
 .bss           0x008171f4        0x0 ../IntegratedTest_bsp/\libhal_bsp.a(alt_dcache_flush_all.o)
 .bss           0x008171f4        0x0 ../IntegratedTest_bsp/\libhal_bsp.a(alt_dev_llist_insert.o)
 .bss           0x008171f4        0x0 ../IntegratedTest_bsp/\libhal_bsp.a(alt_do_ctors.o)
 .bss           0x008171f4        0x0 ../IntegratedTest_bsp/\libhal_bsp.a(alt_do_dtors.o)
 .bss           0x008171f4        0x0 ../IntegratedTest_bsp/\libhal_bsp.a(alt_find_dev.o)
 .bss           0x008171f4        0x0 ../IntegratedTest_bsp/\libhal_bsp.a(alt_icache_flush_all.o)
 .bss           0x008171f4        0x0 ../IntegratedTest_bsp/\libhal_bsp.a(alt_io_redirect.o)
 .bss           0x008171f4        0x0 ../IntegratedTest_bsp/\libhal_bsp.a(alt_irq_entry.o)
 .bss           0x008171f4        0x0 ../IntegratedTest_bsp/\libhal_bsp.a(alt_irq_handler.o)
 .bss           0x008171f4        0x0 ../IntegratedTest_bsp/\libhal_bsp.a(alt_open.o)
 .bss           0x008171f4        0x0 ../IntegratedTest_bsp/\libhal_bsp.a(alt_tick.o)
 .bss           0x008171f4        0x0 ../IntegratedTest_bsp/\libhal_bsp.a(altera_nios2_qsys_irq.o)
 .bss           0x008171f4        0x0 ../IntegratedTest_bsp/\libhal_bsp.a(alt_exception_entry.o)
 .bss           0x008171f4        0x0 ../IntegratedTest_bsp/\libhal_bsp.a(alt_find_file.o)
 .bss           0x008171f4        0x0 ../IntegratedTest_bsp/\libhal_bsp.a(alt_get_fd.o)
 .bss           0x008171f4        0x0 c:/altera/13.0sp1/nios2eds/bin/gnu/h-i686-mingw32/bin/../lib/gcc/nios2-elf/4.1.2/../../../../nios2-elf/lib/mno-hw-mul\libc.a(lib_a-atexit.o)
 .bss           0x008171f4        0x0 c:/altera/13.0sp1/nios2eds/bin/gnu/h-i686-mingw32/bin/../lib/gcc/nios2-elf/4.1.2/../../../../nios2-elf/lib/mno-hw-mul\libc.a(lib_a-exit.o)
 .bss           0x008171f4        0x0 c:/altera/13.0sp1/nios2eds/bin/gnu/h-i686-mingw32/bin/../lib/gcc/nios2-elf/4.1.2/../../../../nios2-elf/lib/mno-hw-mul\libc.a(lib_a-memcmp.o)
 .bss           0x008171f4        0x0 c:/altera/13.0sp1/nios2eds/bin/gnu/h-i686-mingw32/bin/../lib/gcc/nios2-elf/4.1.2/../../../../nios2-elf/lib/mno-hw-mul\libc.a(lib_a-__atexit.o)
 .bss           0x008171f4        0x0 c:/altera/13.0sp1/nios2eds/bin/gnu/h-i686-mingw32/bin/../lib/gcc/nios2-elf/4.1.2/../../../../nios2-elf/lib/mno-hw-mul\libc.a(lib_a-__call_atexit.o)
 .bss           0x008171f4        0x0 ../IntegratedTest_bsp/\libhal_bsp.a(alt_exit.o)
 *(COMMON)
 COMMON         0x008171f4       0x24 obj/default/IntegratedMain.o
                0x008171f4                ControlData
 COMMON         0x00817218      0x100 ../IntegratedTest_bsp/\libhal_bsp.a(alt_irq_handler.o)
                0x00817218                alt_irq
 COMMON         0x00817318      0x190 c:/altera/13.0sp1/nios2eds/bin/gnu/h-i686-mingw32/bin/../lib/gcc/nios2-elf/4.1.2/../../../../nios2-elf/lib/mno-hw-mul\libc.a(lib_a-atexit.o)
                0x00817318                _atexit0
                0x008174a8                . = ALIGN (0x4)
                0x008174a8                __bss_end = ABSOLUTE (.)

.sdram_0        0x008174a8        0x0
                0x008174a8                PROVIDE (_alt_partition_sdram_0_start, ABSOLUTE (.))
 *(.sdram_0. sdram_0.*)
                0x008174a8                . = ALIGN (0x4)
                0x008174a8                PROVIDE (_alt_partition_sdram_0_end, ABSOLUTE (.))
                0x008174a8                _end = ABSOLUTE (.)
                0x008174a8                end = ABSOLUTE (.)
                0x008174a8                __alt_stack_base = ABSOLUTE (.)
                0x008174a8                PROVIDE (_alt_partition_sdram_0_load_addr, LOADADDR (.sdram_0))

.sram_0         0x01080000        0x0 load address 0x008174a8
                0x01080000                PROVIDE (_alt_partition_sram_0_start, ABSOLUTE (.))
 *(.sram_0. sram_0.*)
                0x01080000                . = ALIGN (0x4)
                0x01080000                PROVIDE (_alt_partition_sram_0_end, ABSOLUTE (.))
                0x008174a8                PROVIDE (_alt_partition_sram_0_load_addr, LOADADDR (.sram_0))

.onchip_memory2_0
                0x011041b8        0x0 load address 0x008174a8
                0x011041b8                PROVIDE (_alt_partition_onchip_memory2_0_start, ABSOLUTE (.))
 *(.onchip_memory2_0. onchip_memory2_0.*)
                0x011041b8                . = ALIGN (0x4)
                0x011041b8                PROVIDE (_alt_partition_onchip_memory2_0_end, ABSOLUTE (.))
                0x008174a8                PROVIDE (_alt_partition_onchip_memory2_0_load_addr, LOADADDR (.onchip_memory2_0))

.stab
 *(.stab)

.stabstr
 *(.stabstr)

.stab.excl
 *(.stab.excl)

.stab.exclstr
 *(.stab.exclstr)

.stab.index
 *(.stab.index)

.stab.indexstr
 *(.stab.indexstr)

.comment        0x00000000       0x26
 *(.comment)
 .comment       0x00000000       0x26 obj/default/CHAP_9.o
                                 0x27 (size before relaxing)
 .comment       0x00000000       0x27 obj/default/D13BUS.o
 .comment       0x00000000       0x27 obj/default/HAL4D13.o
 .comment       0x00000000       0x27 obj/default/HID.o
 .comment       0x00000000       0x27 obj/default/ISR.o
 .comment       0x00000000       0x27 obj/default/IntegratedMain.o
 .comment       0x00000000       0x27 obj/default/MAINLOOP.o
 .comment       0x00000000       0x27 obj/default/hello_world.o
 .comment       0x00000000       0x27 obj/default/usb_irq.o
 .comment       0x00000000       0x27 c:/altera/13.0sp1/nios2eds/bin/gnu/h-i686-mingw32/bin/../lib/gcc/nios2-elf/4.1.2/mno-hw-mul\libgcc.a(_addsub_df.o)
 .comment       0x00000000       0x27 c:/altera/13.0sp1/nios2eds/bin/gnu/h-i686-mingw32/bin/../lib/gcc/nios2-elf/4.1.2/mno-hw-mul\libgcc.a(_si_to_df.o)
 .comment       0x00000000       0x27 c:/altera/13.0sp1/nios2eds/bin/gnu/h-i686-mingw32/bin/../lib/gcc/nios2-elf/4.1.2/mno-hw-mul\libgcc.a(_df_to_si.o)
 .comment       0x00000000       0x27 c:/altera/13.0sp1/nios2eds/bin/gnu/h-i686-mingw32/bin/../lib/gcc/nios2-elf/4.1.2/mno-hw-mul\libgcc.a(_thenan_df.o)
 .comment       0x00000000       0x27 c:/altera/13.0sp1/nios2eds/bin/gnu/h-i686-mingw32/bin/../lib/gcc/nios2-elf/4.1.2/mno-hw-mul\libgcc.a(lib2-divmod.o)
 .comment       0x00000000       0x27 c:/altera/13.0sp1/nios2eds/bin/gnu/h-i686-mingw32/bin/../lib/gcc/nios2-elf/4.1.2/mno-hw-mul\libgcc.a(_clzsi2.o)
 .comment       0x00000000       0x27 c:/altera/13.0sp1/nios2eds/bin/gnu/h-i686-mingw32/bin/../lib/gcc/nios2-elf/4.1.2/mno-hw-mul\libgcc.a(_pack_df.o)
 .comment       0x00000000       0x27 c:/altera/13.0sp1/nios2eds/bin/gnu/h-i686-mingw32/bin/../lib/gcc/nios2-elf/4.1.2/mno-hw-mul\libgcc.a(_unpack_df.o)
 .comment       0x00000000       0x27 c:/altera/13.0sp1/nios2eds/bin/gnu/h-i686-mingw32/bin/../lib/gcc/nios2-elf/4.1.2/mno-hw-mul\libgcc.a(_clz.o)
 .comment       0x00000000       0x27 c:/altera/13.0sp1/nios2eds/bin/gnu/h-i686-mingw32/bin/../lib/gcc/nios2-elf/4.1.2/../../../../nios2-elf/lib/mno-hw-mul\libc.a(lib_a-atoi.o)
 .comment       0x00000000       0x27 c:/altera/13.0sp1/nios2eds/bin/gnu/h-i686-mingw32/bin/../lib/gcc/nios2-elf/4.1.2/../../../../nios2-elf/lib/mno-hw-mul\libc.a(lib_a-memcpy.o)
 .comment       0x00000000       0x27 c:/altera/13.0sp1/nios2eds/bin/gnu/h-i686-mingw32/bin/../lib/gcc/nios2-elf/4.1.2/../../../../nios2-elf/lib/mno-hw-mul\libc.a(lib_a-printf.o)
 .comment       0x00000000       0x27 c:/altera/13.0sp1/nios2eds/bin/gnu/h-i686-mingw32/bin/../lib/gcc/nios2-elf/4.1.2/../../../../nios2-elf/lib/mno-hw-mul\libc.a(lib_a-putchar.o)
 .comment       0x00000000       0x27 c:/altera/13.0sp1/nios2eds/bin/gnu/h-i686-mingw32/bin/../lib/gcc/nios2-elf/4.1.2/../../../../nios2-elf/lib/mno-hw-mul\libc.a(lib_a-puts.o)
 .comment       0x00000000       0x27 c:/altera/13.0sp1/nios2eds/bin/gnu/h-i686-mingw32/bin/../lib/gcc/nios2-elf/4.1.2/../../../../nios2-elf/lib/mno-hw-mul\libc.a(lib_a-strlen.o)
 .comment       0x00000000       0x27 c:/altera/13.0sp1/nios2eds/bin/gnu/h-i686-mingw32/bin/../lib/gcc/nios2-elf/4.1.2/../../../../nios2-elf/lib/mno-hw-mul\libc.a(lib_a-strtol.o)
 .comment       0x00000000       0x27 c:/altera/13.0sp1/nios2eds/bin/gnu/h-i686-mingw32/bin/../lib/gcc/nios2-elf/4.1.2/../../../../nios2-elf/lib/mno-hw-mul\libc.a(lib_a-vfprintf.o)
 .comment       0x00000000       0x27 c:/altera/13.0sp1/nios2eds/bin/gnu/h-i686-mingw32/bin/../lib/gcc/nios2-elf/4.1.2/../../../../nios2-elf/lib/mno-hw-mul\libc.a(lib_a-wsetup.o)
 .comment       0x00000000       0x27 c:/altera/13.0sp1/nios2eds/bin/gnu/h-i686-mingw32/bin/../lib/gcc/nios2-elf/4.1.2/../../../../nios2-elf/lib/mno-hw-mul\libc.a(lib_a-ctype_.o)
 .comment       0x00000000       0x27 c:/altera/13.0sp1/nios2eds/bin/gnu/h-i686-mingw32/bin/../lib/gcc/nios2-elf/4.1.2/../../../../nios2-elf/lib/mno-hw-mul\libc.a(lib_a-dtoa.o)
 .comment       0x00000000       0x27 c:/altera/13.0sp1/nios2eds/bin/gnu/h-i686-mingw32/bin/../lib/gcc/nios2-elf/4.1.2/../../../../nios2-elf/lib/mno-hw-mul\libc.a(lib_a-fflush.o)
 .comment       0x00000000       0x27 c:/altera/13.0sp1/nios2eds/bin/gnu/h-i686-mingw32/bin/../lib/gcc/nios2-elf/4.1.2/../../../../nios2-elf/lib/mno-hw-mul\libc.a(lib_a-findfp.o)
 .comment       0x00000000       0x27 c:/altera/13.0sp1/nios2eds/bin/gnu/h-i686-mingw32/bin/../lib/gcc/nios2-elf/4.1.2/../../../../nios2-elf/lib/mno-hw-mul\libc.a(lib_a-freer.o)
 .comment       0x00000000       0x27 c:/altera/13.0sp1/nios2eds/bin/gnu/h-i686-mingw32/bin/../lib/gcc/nios2-elf/4.1.2/../../../../nios2-elf/lib/mno-hw-mul\libc.a(lib_a-fvwrite.o)
 .comment       0x00000000       0x27 c:/altera/13.0sp1/nios2eds/bin/gnu/h-i686-mingw32/bin/../lib/gcc/nios2-elf/4.1.2/../../../../nios2-elf/lib/mno-hw-mul\libc.a(lib_a-fwalk.o)
 .comment       0x00000000       0x27 c:/altera/13.0sp1/nios2eds/bin/gnu/h-i686-mingw32/bin/../lib/gcc/nios2-elf/4.1.2/../../../../nios2-elf/lib/mno-hw-mul\libc.a(lib_a-impure.o)
 .comment       0x00000000       0x27 c:/altera/13.0sp1/nios2eds/bin/gnu/h-i686-mingw32/bin/../lib/gcc/nios2-elf/4.1.2/../../../../nios2-elf/lib/mno-hw-mul\libc.a(lib_a-locale.o)
 .comment       0x00000000       0x27 c:/altera/13.0sp1/nios2eds/bin/gnu/h-i686-mingw32/bin/../lib/gcc/nios2-elf/4.1.2/../../../../nios2-elf/lib/mno-hw-mul\libc.a(lib_a-makebuf.o)
 .comment       0x00000000       0x27 c:/altera/13.0sp1/nios2eds/bin/gnu/h-i686-mingw32/bin/../lib/gcc/nios2-elf/4.1.2/../../../../nios2-elf/lib/mno-hw-mul\libc.a(lib_a-mallocr.o)
 .comment       0x00000000       0x27 c:/altera/13.0sp1/nios2eds/bin/gnu/h-i686-mingw32/bin/../lib/gcc/nios2-elf/4.1.2/../../../../nios2-elf/lib/mno-hw-mul\libc.a(lib_a-memchr.o)
 .comment       0x00000000       0x27 c:/altera/13.0sp1/nios2eds/bin/gnu/h-i686-mingw32/bin/../lib/gcc/nios2-elf/4.1.2/../../../../nios2-elf/lib/mno-hw-mul\libc.a(lib_a-memmove.o)
 .comment       0x00000000       0x27 c:/altera/13.0sp1/nios2eds/bin/gnu/h-i686-mingw32/bin/../lib/gcc/nios2-elf/4.1.2/../../../../nios2-elf/lib/mno-hw-mul\libc.a(lib_a-memset.o)
 .comment       0x00000000       0x27 c:/altera/13.0sp1/nios2eds/bin/gnu/h-i686-mingw32/bin/../lib/gcc/nios2-elf/4.1.2/../../../../nios2-elf/lib/mno-hw-mul\libc.a(lib_a-mprec.o)
 .comment       0x00000000       0x27 c:/altera/13.0sp1/nios2eds/bin/gnu/h-i686-mingw32/bin/../lib/gcc/nios2-elf/4.1.2/../../../../nios2-elf/lib/mno-hw-mul\libc.a(lib_a-putc.o)
 .comment       0x00000000       0x27 c:/altera/13.0sp1/nios2eds/bin/gnu/h-i686-mingw32/bin/../lib/gcc/nios2-elf/4.1.2/../../../../nios2-elf/lib/mno-hw-mul\libc.a(lib_a-reallocr.o)
 .comment       0x00000000       0x27 c:/altera/13.0sp1/nios2eds/bin/gnu/h-i686-mingw32/bin/../lib/gcc/nios2-elf/4.1.2/../../../../nios2-elf/lib/mno-hw-mul\libc.a(lib_a-s_isinfd.o)
 .comment       0x00000000       0x27 c:/altera/13.0sp1/nios2eds/bin/gnu/h-i686-mingw32/bin/../lib/gcc/nios2-elf/4.1.2/../../../../nios2-elf/lib/mno-hw-mul\libc.a(lib_a-s_isnand.o)
 .comment       0x00000000       0x27 c:/altera/13.0sp1/nios2eds/bin/gnu/h-i686-mingw32/bin/../lib/gcc/nios2-elf/4.1.2/../../../../nios2-elf/lib/mno-hw-mul\libc.a(lib_a-sbrkr.o)
 .comment       0x00000000       0x27 c:/altera/13.0sp1/nios2eds/bin/gnu/h-i686-mingw32/bin/../lib/gcc/nios2-elf/4.1.2/../../../../nios2-elf/lib/mno-hw-mul\libc.a(lib_a-stdio.o)
 .comment       0x00000000       0x27 c:/altera/13.0sp1/nios2eds/bin/gnu/h-i686-mingw32/bin/../lib/gcc/nios2-elf/4.1.2/../../../../nios2-elf/lib/mno-hw-mul\libc.a(lib_a-strcmp.o)
 .comment       0x00000000       0x27 c:/altera/13.0sp1/nios2eds/bin/gnu/h-i686-mingw32/bin/../lib/gcc/nios2-elf/4.1.2/../../../../nios2-elf/lib/mno-hw-mul\libc.a(lib_a-wbuf.o)
 .comment       0x00000000       0x27 c:/altera/13.0sp1/nios2eds/bin/gnu/h-i686-mingw32/bin/../lib/gcc/nios2-elf/4.1.2/../../../../nios2-elf/lib/mno-hw-mul\libc.a(lib_a-writer.o)
 .comment       0x00000000       0x27 c:/altera/13.0sp1/nios2eds/bin/gnu/h-i686-mingw32/bin/../lib/gcc/nios2-elf/4.1.2/../../../../nios2-elf/lib/mno-hw-mul\libc.a(lib_a-callocr.o)
 .comment       0x00000000       0x27 c:/altera/13.0sp1/nios2eds/bin/gnu/h-i686-mingw32/bin/../lib/gcc/nios2-elf/4.1.2/../../../../nios2-elf/lib/mno-hw-mul\libc.a(lib_a-closer.o)
 .comment       0x00000000       0x27 c:/altera/13.0sp1/nios2eds/bin/gnu/h-i686-mingw32/bin/../lib/gcc/nios2-elf/4.1.2/../../../../nios2-elf/lib/mno-hw-mul\libc.a(lib_a-fclose.o)
 .comment       0x00000000       0x27 c:/altera/13.0sp1/nios2eds/bin/gnu/h-i686-mingw32/bin/../lib/gcc/nios2-elf/4.1.2/../../../../nios2-elf/lib/mno-hw-mul\libc.a(lib_a-fstatr.o)
 .comment       0x00000000       0x27 c:/altera/13.0sp1/nios2eds/bin/gnu/h-i686-mingw32/bin/../lib/gcc/nios2-elf/4.1.2/../../../../nios2-elf/lib/mno-hw-mul\libc.a(lib_a-int_errno.o)
 .comment       0x00000000       0x27 c:/altera/13.0sp1/nios2eds/bin/gnu/h-i686-mingw32/bin/../lib/gcc/nios2-elf/4.1.2/../../../../nios2-elf/lib/mno-hw-mul\libc.a(lib_a-isattyr.o)
 .comment       0x00000000       0x27 c:/altera/13.0sp1/nios2eds/bin/gnu/h-i686-mingw32/bin/../lib/gcc/nios2-elf/4.1.2/../../../../nios2-elf/lib/mno-hw-mul\libc.a(lib_a-lseekr.o)
 .comment       0x00000000       0x27 c:/altera/13.0sp1/nios2eds/bin/gnu/h-i686-mingw32/bin/../lib/gcc/nios2-elf/4.1.2/../../../../nios2-elf/lib/mno-hw-mul\libc.a(lib_a-readr.o)