Archive member included because of file (symbol)

c:/altera/13.0sp1/nios2eds/bin/gnu/h-i686-mingw32/bin/../lib/gcc/nios2-elf/4.1.2/mno-hw-mul\libgcc.a(_addsub_df.o)
                              obj/default/hello_world.o (__adddf3)
c:/altera/13.0sp1/nios2eds/bin/gnu/h-i686-mingw32/bin/../lib/gcc/nios2-elf/4.1.2/mno-hw-mul\libgcc.a(_si_to_df.o)
                              obj/default/hello_world.o (__floatsidf)
c:/altera/13.0sp1/nios2eds/bin/gnu/h-i686-mingw32/bin/../lib/gcc/nios2-elf/4.1.2/mno-hw-mul\libgcc.a(_df_to_si.o)
                              obj/default/hello_world.o (__fixdfsi)
c:/altera/13.0sp1/nios2eds/bin/gnu/h-i686-mingw32/bin/../lib/gcc/nios2-elf/4.1.2/mno-hw-mul\libgcc.a(_thenan_df.o)
                              c:/altera/13.0sp1/nios2eds/bin/gnu/h-i686-mingw32/bin/../lib/gcc/nios2-elf/4.1.2/mno-hw-mul\libgcc.a(_addsub_df.o) (__thenan_df)
c:/altera/13.0sp1/nios2eds/bin/gnu/h-i686-mingw32/bin/../lib/gcc/nios2-elf/4.1.2/mno-hw-mul\libgcc.a(lib2-divmod.o)
                              obj/default/hello_world.o (__divsi3)
c:/altera/13.0sp1/nios2eds/bin/gnu/h-i686-mingw32/bin/../lib/gcc/nios2-elf/4.1.2/mno-hw-mul\libgcc.a(_clzsi2.o)
                              c:/altera/13.0sp1/nios2eds/bin/gnu/h-i686-mingw32/bin/../lib/gcc/nios2-elf/4.1.2/mno-hw-mul\libgcc.a(_si_to_df.o) (__clzsi2)
c:/altera/13.0sp1/nios2eds/bin/gnu/h-i686-mingw32/bin/../lib/gcc/nios2-elf/4.1.2/mno-hw-mul\libgcc.a(_pack_df.o)
                              c:/altera/13.0sp1/nios2eds/bin/gnu/h-i686-mingw32/bin/../lib/gcc/nios2-elf/4.1.2/mno-hw-mul\libgcc.a(_addsub_df.o) (__pack_d)
c:/altera/13.0sp1/nios2eds/bin/gnu/h-i686-mingw32/bin/../lib/gcc/nios2-elf/4.1.2/mno-hw-mul\libgcc.a(_unpack_df.o)
                              c:/altera/13.0sp1/nios2eds/bin/gnu/h-i686-mingw32/bin/../lib/gcc/nios2-elf/4.1.2/mno-hw-mul\libgcc.a(_addsub_df.o) (__unpack_d)
c:/altera/13.0sp1/nios2eds/bin/gnu/h-i686-mingw32/bin/../lib/gcc/nios2-elf/4.1.2/mno-hw-mul\libgcc.a(_clz.o)
                              c:/altera/13.0sp1/nios2eds/bin/gnu/h-i686-mingw32/bin/../lib/gcc/nios2-elf/4.1.2/mno-hw-mul\libgcc.a(_clzsi2.o) (__clz_tab)
c:/altera/13.0sp1/nios2eds/bin/gnu/h-i686-mingw32/bin/../lib/gcc/nios2-elf/4.1.2/../../../../nios2-elf/lib/mno-hw-mul\libc.a(lib_a-atoi.o)
                              obj/default/hello_world.o (atoi)
c:/altera/13.0sp1/nios2eds/bin/gnu/h-i686-mingw32/bin/../lib/gcc/nios2-elf/4.1.2/../../../../nios2-elf/lib/mno-hw-mul\libc.a(lib_a-memcpy.o)
                              obj/default/D13BUS.o (memcpy)
c:/altera/13.0sp1/nios2eds/bin/gnu/h-i686-mingw32/bin/../lib/gcc/nios2-elf/4.1.2/../../../../nios2-elf/lib/mno-hw-mul\libc.a(lib_a-printf.o)
                              obj/default/CHAP_9.o (printf)
c:/altera/13.0sp1/nios2eds/bin/gnu/h-i686-mingw32/bin/../lib/gcc/nios2-elf/4.1.2/../../../../nios2-elf/lib/mno-hw-mul\libc.a(lib_a-putchar.o)
                              obj/default/D13BUS.o (putchar)
c:/altera/13.0sp1/nios2eds/bin/gnu/h-i686-mingw32/bin/../lib/gcc/nios2-elf/4.1.2/../../../../nios2-elf/lib/mno-hw-mul\libc.a(lib_a-puts.o)
                              obj/default/CHAP_9.o (puts)
c:/altera/13.0sp1/nios2eds/bin/gnu/h-i686-mingw32/bin/../lib/gcc/nios2-elf/4.1.2/../../../../nios2-elf/lib/mno-hw-mul\libc.a(lib_a-strlen.o)
                              c:/altera/13.0sp1/nios2eds/bin/gnu/h-i686-mingw32/bin/../lib/gcc/nios2-elf/4.1.2/../../../../nios2-elf/lib/mno-hw-mul\libc.a(lib_a-puts.o) (strlen)
c:/altera/13.0sp1/nios2eds/bin/gnu/h-i686-mingw32/bin/../lib/gcc/nios2-elf/4.1.2/../../../../nios2-elf/lib/mno-hw-mul\libc.a(lib_a-strtol.o)
                              c:/altera/13.0sp1/nios2eds/bin/gnu/h-i686-mingw32/bin/../lib/gcc/nios2-elf/4.1.2/../../../../nios2-elf/lib/mno-hw-mul\libc.a(lib_a-atoi.o) (_strtol_r)
c:/altera/13.0sp1/nios2eds/bin/gnu/h-i686-mingw32/bin/../lib/gcc/nios2-elf/4.1.2/../../../../nios2-elf/lib/mno-hw-mul\libc.a(lib_a-vfprintf.o)
                              c:/altera/13.0sp1/nios2eds/bin/gnu/h-i686-mingw32/bin/../lib/gcc/nios2-elf/4.1.2/../../../../nios2-elf/lib/mno-hw-mul\libc.a(lib_a-printf.o) (___vfprintf_internal_r)
c:/altera/13.0sp1/nios2eds/bin/gnu/h-i686-mingw32/bin/../lib/gcc/nios2-elf/4.1.2/../../../../nios2-elf/lib/mno-hw-mul\libc.a(lib_a-wsetup.o)
                              c:/altera/13.0sp1/nios2eds/bin/gnu/h-i686-mingw32/bin/../lib/gcc/nios2-elf/4.1.2/../../../../nios2-elf/lib/mno-hw-mul\libc.a(lib_a-vfprintf.o) (__swsetup_r)
c:/altera/13.0sp1/nios2eds/bin/gnu/h-i686-mingw32/bin/../lib/gcc/nios2-elf/4.1.2/../../../../nios2-elf/lib/mno-hw-mul\libc.a(lib_a-ctype_.o)
                              c:/altera/13.0sp1/nios2eds/bin/gnu/h-i686-mingw32/bin/../lib/gcc/nios2-elf/4.1.2/../../../../nios2-elf/lib/mno-hw-mul\libc.a(lib_a-strtol.o) (__ctype_ptr)
c:/altera/13.0sp1/nios2eds/bin/gnu/h-i686-mingw32/bin/../lib/gcc/nios2-elf/4.1.2/../../../../nios2-elf/lib/mno-hw-mul\libc.a(lib_a-dtoa.o)
[...]
Memory Configuration

Name             Origin             Length             Attributes
sdram_0          0x00800000         0x00800000
reset            0x01400000         0x00000020
generic_tristate_controller_0 0x01400020         0x003fffe0
sram_0           0x01880000         0x00080000
onchip_memory2_0_BEFORE_EXCEPTION 0x01904000         0x00000020
onchip_memory2_0 0x01904020         0x00003fe0
*default*        0x00000000         0xffffffff

Linker script and memory map

LOAD ../FlashProject_bsp//obj/HAL/src/crt0.o
LOAD obj/default/CHAP_9.o
LOAD obj/default/D13BUS.o
LOAD obj/default/HAL4D13.o
LOAD obj/default/HID.o
LOAD obj/default/ISR.o
LOAD obj/default/IntegratedMain.o
LOAD obj/default/MAINLOOP.o
LOAD obj/default/hello_world.o
LOAD obj/default/usb_irq.o
LOAD c:/altera/13.0sp1/nios2eds/bin/gnu/h-i686-mingw32/bin/../lib/gcc/nios2-elf/4.1.2/../../../../nios2-elf/lib/mno-hw-mul\libstdc++.a
LOAD c:/altera/13.0sp1/nios2eds/bin/gnu/h-i686-mingw32/bin/../lib/gcc/nios2-elf/4.1.2/../../../../nios2-elf/lib/mno-hw-mul\libm.a
LOAD c:/altera/13.0sp1/nios2eds/bin/gnu/h-i686-mingw32/bin/../lib/gcc/nios2-elf/4.1.2/mno-hw-mul\libgcc.a
START GROUP
LOAD c:/altera/13.0sp1/nios2eds/bin/gnu/h-i686-mingw32/bin/../lib/gcc/nios2-elf/4.1.2/../../../../nios2-elf/lib/mno-hw-mul\libc.a
LOAD c:/altera/13.0sp1/nios2eds/bin/gnu/h-i686-mingw32/bin/../lib/gcc/nios2-elf/4.1.2/mno-hw-mul\libgcc.a
LOAD ../FlashProject_bsp/\libhal_bsp.a
END GROUP
LOAD c:/altera/13.0sp1/nios2eds/bin/gnu/h-i686-mingw32/bin/../lib/gcc/nios2-elf/4.1.2/mno-hw-mul\libgcc.a
                0x00800000                __alt_mem_sdram_0 = 0x800000
                0x01400000                __alt_mem_generic_tristate_controller_0 = 0x1400000
                0x01880000                __alt_mem_sram_0 = 0x1880000
                0x01904000                __alt_mem_onchip_memory2_0 = 0x1904000

.entry          0x01400000        0x0
 *(.entry)
 .entry         0x01400000        0x0 ../FlashProject_bsp//obj/HAL/src/crt0.o
                0x01400000                __reset

.exceptions     0x01904020      0x198
                0x01904020                PROVIDE (__ram_exceptions_start, ABSOLUTE (.))
                0x01904020                . = ALIGN (0x20)
 *(.irq)
 *(.exceptions.entry.label)
 .exceptions.entry.label
                0x01904020        0x0 ../FlashProject_bsp/\libhal_bsp.a(alt_irq_entry.o)
                0x01904020                alt_irq_entry
 .exceptions.entry.label
                0x01904020        0x0 ../FlashProject_bsp/\libhal_bsp.a(alt_exception_entry.o)
                0x01904020                alt_exception
 *(.exceptions.entry.user)
 *(.exceptions.entry)
 .exceptions.entry
                0x01904020       0x54 ../FlashProject_bsp/\libhal_bsp.a(alt_exception_entry.o)
 *(.exceptions.irqtest.user)
 *(.exceptions.irqtest)
 .exceptions.irqtest
                0x01904074       0x10 ../FlashProject_bsp/\libhal_bsp.a(alt_irq_entry.o)
 *(.exceptions.irqhandler.user)
 *(.exceptions.irqhandler)
 .exceptions.irqhandler
                0x01904084        0x4 ../FlashProject_bsp/\libhal_bsp.a(alt_irq_entry.o)
 *(.exceptions.irqreturn.user)
 *(.exceptions.irqreturn)
 .exceptions.irqreturn
                0x01904088        0x4 ../FlashProject_bsp/\libhal_bsp.a(alt_irq_entry.o)
 *(.exceptions.notirq.label)
 .exceptions.notirq.label
                0x0190408c        0x0 ../FlashProject_bsp/\libhal_bsp.a(alt_irq_entry.o)
 *(.exceptions.notirq.user)
 *(.exceptions.notirq)
 .exceptions.notirq
                0x0190408c        0x8 ../FlashProject_bsp/\libhal_bsp.a(alt_exception_entry.o)
 *(.exceptions.soft.user)
 *(.exceptions.soft)
 *(.exceptions.unknown.user)
 *(.exceptions.unknown)
 .exceptions.unknown
                0x01904094        0x4 ../FlashProject_bsp/\libhal_bsp.a(alt_exception_entry.o)
 *(.exceptions.exit.label)
 .exceptions.exit.label
                0x01904098        0x0 ../FlashProject_bsp/\libhal_bsp.a(alt_irq_entry.o)
 .exceptions.exit.label
                0x01904098        0x0 ../FlashProject_bsp/\libhal_bsp.a(alt_exception_entry.o)
 *(.exceptions.exit.user)
 *(.exceptions.exit)
 .exceptions.exit
                0x01904098       0x54 ../FlashProject_bsp/\libhal_bsp.a(alt_exception_entry.o)
 *(.exceptions)
 .exceptions    0x019040ec       0xcc ../FlashProject_bsp/\libhal_bsp.a(alt_irq_handler.o)
                0x019040ec                alt_irq_handler
                0x019041b8                PROVIDE (__ram_exceptions_end, ABSOLUTE (.))
                0x01904020                PROVIDE (__flash_exceptions_start, LOADADDR (.exceptions))

.text           0x00800000    0x124d0
                0x00800000                PROVIDE (stext, ABSOLUTE (.))
 *(.interp)
 *(.hash)
 *(.dynsym)
 *(.dynstr)
 *(.gnu.version)
 *(.gnu.version_d)
 *(.gnu.version_r)
 *(.rel.init)
 *(.rela.init)
 *(.rel.text .rel.text.* .rel.gnu.linkonce.t.*)
 *(.rela.text .rela.text.* .rela.gnu.linkonce.t.*)
 *(.rel.fini)
 *(.rela.fini)
 *(.rel.rodata .rel.rodata.* .rel.gnu.linkonce.r.*)
 *(.rela.rodata .rela.rodata.* .rela.gnu.linkonce.r.*)
 *(.rel.data .rel.data.* .rel.gnu.linkonce.d.*)
 *(.rela.data .rela.data.* .rela.gnu.linkonce.d.*)
 *(.rel.tdata .rel.tdata.* .rel.gnu.linkonce.td.*)
 *(.rela.tdata .rela.tdata.* .rela.gnu.linkonce.td.*)
 *(.rel.tbss .rel.tbss.* .rel.gnu.linkonce.tb.*)
 *(.rela.tbss .rela.tbss.* .rela.gnu.linkonce.tb.*)
 *(.rel.ctors)
 *(.rela.ctors)
 *(.rel.dtors)
 *(.rela.dtors)
 *(.rel.got)
 *(.rela.got)
 *(.rel.sdata .rel.sdata.* .rel.gnu.linkonce.s.*)
 *(.rela.sdata .rela.sdata.* .rela.gnu.linkonce.s.*)
 *(.rel.sbss .rel.sbss.* .rel.gnu.linkonce.sb.*)
 *(.rela.sbss .rela.sbss.* .rela.gnu.linkonce.sb.*)
 *(.rel.sdata2 .rel.sdata2.* .rel.gnu.linkonce.s2.*)
 *(.rela.sdata2 .rela.sdata2.* .rela.gnu.linkonce.s2.*)
 *(.rel.sbss2 .rel.sbss2.* .rel.gnu.linkonce.sb2.*)
 *(.rela.sbss2 .rela.sbss2.* .rela.gnu.linkonce.sb2.*)
 *(.rel.bss .rel.bss.* .rel.gnu.linkonce.b.*)
 *(.rela.bss .rela.bss.* .rela.gnu.linkonce.b.*)
 *(.rel.plt)
 *(.rela.plt)
 *(.rel.dyn)
 *(.init)
 *(.plt)
 *(.text .stub .text.* .gnu.linkonce.t.*)
 .text          0x00800000       0x38 ../FlashProject_bsp//obj/HAL/src/crt0.o
                0x00800000                _start
 .text          0x00800038     0x13b0 obj/default/CHAP_9.o
                0x00800038                Chap9_GetStatus
                0x008002c8                Chap9_ClearFeature
                0x00800500                Chap9_SetFeature
                0x00800728                Chap9_SetAddress
                0x00800964                Chap9_GetDescriptor
                0x00800c08                Chap9_GetConfiguration
                0x00800cc8                Chap9_SetConfiguration
                0x00800ed4                Chap9_GetInterface
                0x00800f78                Chap9_SetInterface
                0x00801078                Chap9_StallEP0
                0x00801108                Chap9_StallEP0InControlWrite
                0x0080116c                Chap9_StallEP0InControlRead
                0x008011d0                Chap9_SingleTransmitEP0
                0x0080126c                Chap9_BurstTransmitEP0
 .text          0x008013e8      0x5d0 obj/default/D13BUS.o
                0x008013e8                D13Bus_ControlEntry
                0x00801410                reserved
                0x00801438                read_write_register
                0x00801648                setup_dma_request
                0x00801738                get_firmware_version
                0x00801770                D13Bus_StallEP0
                0x00801798                D13Bus_SingleTransmitEP0
                0x00801834                D13Bus_BurstTransmitEP0
 .text          0x008019b8     0x1120 obj/default/HAL4D13.o
                0x008019b8                Hal4D13_AcquireD13
                0x008019f4                Hal4D13_ResetDevice
                0x00801a20                Hal4D13_GetDevConfig
                0x00801a60                Hal4D13_SetDevConfig
                0x00801aa0                Hal4D13_SetMode
                0x00801ae0                Hal4D13_GetMode
                0x00801b2c                Hal4D13_GetAddress
                0x00801b78                Hal4D13_SetAddressEnable
                0x00801be8                Hal4D13_SoftConnect
                0x00801c80                Hal4D13_AcknowledgeSETUP
                0x00801cac                Hal4D13_ClearBuffer
                0x00801ce0                Hal4D13_ValidBuffer
                0x00801d14                Hal4D13_ReadEndpoint
                0x00801e10                Hal4D13_ReadBulkEndpoint
                0x00801f0c                Hal4D13_ReadEndpointWOClearBuffer
                0x00802008                Hal4D13_WriteEndpoint
                0x00802130                Hal4D13_WriteBulkEndpoint
                0x00802220                Hal4D13_GetIntEnable
                0x0080227c                Hal4D13_SetIntEnable
                0x008022ec                Hal4D13_ReadInterruptRegister
                0x0080235c                Hal4D13_GetEndpointStatusWInteruptClear
                0x008023b0                Hal4D13_GetEndpointStatusWOInteruptClear
                0x00802404                Hal4D13_SetEndpointStatus
                0x0080246c                Hal4D13_SetDMAConfig
                0x008024ac                Hal4D13_GetDMAConfig
                0x008024ec                Hal4D13_SetDMACounter
                0x0080252c                Hal4D13_GetDMACounter
                0x0080256c                Hal4D13_GetDataFromChipRam
                0x008025ac                Hal4D13_SetDataToChipRam
                0x008025ec                Hal4D13_ReadCurrentFrameNumber
                0x0080262c                Hal4D13_LockDevice
                0x00802688                Hal4D13_ReadChipID
                0x008026c8                Hal4D13_GetErrorCode
                0x0080271c                Hal4D13_GetEndpointConfig
                0x00802770                Hal4D13_SetEndpointConfig
                0x008027bc                Hal4D13_UnconfigDevice
                0x008027d8                Hal4D13_ConfigDevice
                0x008027f4                Hal4D13_SingleTransmitEP0
                0x0080283c                Hal4D13_RegAccess
                0x008029a4                Hal4D13_StallEP0InControlWrite
                0x008029e0                Hal4D13_StallEP0InControlRead
                0x00802a1c                Hal4D13_IsSetupPktInvalid
                0x00802a5c                Write_HC_Config_Reg
                0x00802a9c                Read_HC_Config_Reg
 .text          0x00802ad8      0x244 obj/default/HID.o
                0x00802ad8                HID_Get_Report
                0x00802b78                HID_Get_Idle
                0x00802ba8                HID_Get_Protocol
                0x00802bd8                HID_Set_Report
                0x00802c08                HID_Set_Idle
                0x00802cec                HID_Set_Protocol
 .text          0x00802d1c      0x83c obj/default/ISR.o
                0x00802d1c                fn_usb_isr
                0x00802d50                usb_isr
                0x00802ea4                Isr_BusReset
                0x00802f90                Isr_SuspendChange
                0x00802fc0                Isr_SHORT_PACKET
                0x00802ff0                Isr_DmaEot
                0x008030bc                Isr_SOF
                0x008030d8                Isr_Ep00RxDone
                0x008032dc                Isr_Ep00TxDone
                0x008034f4                Isr_Ep01Done
 .text          0x00803558        0x0 obj/default/IntegratedMain.o
 .text          0x00803558      0x804 obj/default/MAINLOOP.o
                0x00803558                SetupToken_Handler
                0x008037cc                DeviceRequest_Handler
                0x008038dc                help_devreq
                0x00803a08                disconnect_USB_controller
                0x00803a48                connect_USB_controller
                0x00803ab0                config_endpoints
                0x00803ba4                reconnect_USB_controller
                0x00803bd0                change_suspend_state
                0x00803c00                ML_AcknowledgeSETUP
                0x00803c5c                ML_Reserved
                0x00803c94                CHECK_CHIP_ID
 .text          0x00803d5c     0x16b0 obj/default/hello_world.o
                0x00803d5c                main
                0x00804a84                reportChanged
                0x00804b28                readGesture
                0x00804b4c                mapGestureToKeycodes
                0x00804c4c                noMovement
                0x00804cd0                largest
                0x00804e44                largestPalmLeft
                0x00804fb8                largestPalmRight
                0x0080512c                largestPalmUp
                0x008052a0                orientation
 .text          0x0080540c       0x94 obj/default/usb_irq.o
                0x0080540c                disable_irq
                0x0080545c                enable_irq
 .text          0x008054a0      0x504 c:/altera/13.0sp1/nios2eds/bin/gnu/h-i686-mingw32/bin/../lib/gcc/nios2-elf/4.1.2/mno-hw-mul\libgcc.a(_addsub_df.o)
                0x008058b0                __subdf3
                0x00805930                __adddf3
 .text          0x008059a4       0xf8 c:/altera/13.0sp1/nios2eds/bin/gnu/h-i686-mingw32/bin/../lib/gcc/nios2-elf/4.1.2/mno-hw-mul\libgcc.a(_si_to_df.o)
                0x008059a4                __floatsidf
 .text          0x00805a9c       0xd8 c:/altera/13.0sp1/nios2eds/bin/gnu/h-i686-mingw32/bin/../lib/gcc/nios2-elf/4.1.2/mno-hw-mul\libgcc.a(_df_to_si.o)
                0x00805a9c                __fixdfsi
 .text          0x00805b74        0x0 c:/altera/13.0sp1/nios2eds/bin/gnu/h-i686-mingw32/bin/../lib/gcc/nios2-elf/4.1.2/mno-hw-mul\libgcc.a(_thenan_df.o)
 .text          0x00805b74      0x14c c:/altera/13.0sp1/nios2eds/bin/gnu/h-i686-mingw32/bin/../lib/gcc/nios2-elf/4.1.2/mno-hw-mul\libgcc.a(lib2-divmod.o)
                0x00805bf0                __divsi3
                0x00805c50                __modsi3
                0x00805cb0                __udivsi3
                0x00805cb8                __umodsi3
 .text          0x00805cc0       0x80 c:/altera/13.0sp1/nios2eds/bin/gnu/h-i686-mingw32/bin/../lib/gcc/nios2-elf/4.1.2/mno-hw-mul\libgcc.a(_clzsi2.o)
                0x00805cc0                __clzsi2
 .text          0x00805d40      0x314 c:/altera/13.0sp1/nios2eds/bin/gnu/h-i686-mingw32/bin/../lib/gcc/nios2-elf/4.1.2/mno-hw-mul\libgcc.a(_pack_df.o)
                0x00805d40                __pack_d
 .text          0x00806054      0x138 c:/altera/13.0sp1/nios2eds/bin/gnu/h-i686-mingw32/bin/../lib/gcc/nios2-elf/4.1.2/mno-hw-mul\libgcc.a(_unpack_df.o)
                0x00806054                __unpack_d
 .text          0x0080618c        0x0 c:/altera/13.0sp1/nios2eds/bin/gnu/h-i686-mingw32/bin/../lib/gcc/nios2-elf/4.1.2/mno-hw-mul\libgcc.a(_clz.o)
 .text          0x0080618c       0x18 c:/altera/13.0sp1/nios2eds/bin/gnu/h-i686-mingw32/bin/../lib/gcc/nios2-elf/4.1.2/../../../../nios2-elf/lib/mno-hw-mul\libc.a(lib_a-atoi.o)
                0x0080618c                _atoi_r
                0x00806198                atoi
 .text          0x008061a4       0xa0 c:/altera/13.0sp1/nios2eds/bin/gnu/h-i686-mingw32/bin/../lib/gcc/nios2-elf/4.1.2/../../../../nios2-elf/lib/mno-hw-mul\libc.a(lib_a-memcpy.o)
                0x008061a4                memcpy
 .text          0x00806244       0x78 c:/altera/13.0sp1/nios2eds/bin/gnu/h-i686-mingw32/bin/../lib/gcc/nios2-elf/4.1.2/../../../../nios2-elf/lib/mno-hw-mul\libc.a(lib_a-printf.o)
                0x00806244                printf
                0x00806288                _printf_r
 .text          0x008062bc       0x24 c:/altera/13.0sp1/nios2eds/bin/gnu/h-i686-mingw32/bin/../lib/gcc/nios2-elf/4.1.2/../../../../nios2-elf/lib/mno-hw-mul\libc.a(lib_a-putchar.o)
                0x008062bc                putchar
                0x008062d8                _putchar_r
 .text          0x008062e0       0xb4 c:/altera/13.0sp1/nios2eds/bin/gnu/h-i686-mingw32/bin/../lib/gcc/nios2-elf/4.1.2/../../../../nios2-elf/lib/mno-hw-mul\libc.a(lib_a-puts.o)
                0x008062e0                _puts_r
                0x00806380                puts
 .text          0x00806394       0x74 c:/altera/13.0sp1/nios2eds/bin/gnu/h-i686-mingw32/bin/../lib/gcc/nios2-elf/4.1.2/../../../../nios2-elf/lib/mno-hw-mul\libc.a(lib_a-strlen.o)
                0x00806394                strlen
 .text          0x00806408      0x274 c:/altera/13.0sp1/nios2eds/bin/gnu/h-i686-mingw32/bin/../lib/gcc/nios2-elf/4.1.2/../../../../nios2-elf/lib/mno-hw-mul\libc.a(lib_a-strtol.o)
                0x00806408                _strtol_r
                0x00806658                strtol
 .text          0x0080667c     0x1f40 c:/altera/13.0sp1/nios2eds/bin/gnu/h-i686-mingw32/bin/../lib/gcc/nios2-elf/4.1.2/../../../../nios2-elf/lib/mno-hw-mul\libc.a(lib_a-vfprintf.o)
                0x008066d4                ___vfprintf_internal_r
                0x00808598                __vfprintf_internal
 .text          0x008085bc      0x13c c:/altera/13.0sp1/nios2eds/bin/gnu/h-i686-mingw32/bin/../lib/gcc/nios2-elf/4.1.2/../../../../nios2-elf/lib/mno-hw-mul\libc.a(lib_a-wsetup.o)
                0x008085bc                __swsetup_r
 .text          0x008086f8        0x0 c:/altera/13.0sp1/nios2eds/bin/gnu/h-i686-mingw32/bin/../lib/gcc/nios2-elf/4.1.2/../../../../nios2-elf/lib/mno-hw-mul\libc.a(lib_a-ctype_.o)
 .text          0x008086f8     0x17f8 c:/altera/13.0sp1/nios2eds/bin/gnu/h-i686-mingw32/bin/../lib/gcc/nios2-elf/4.1.2/../../../../nios2-elf/lib/mno-hw-mul\libc.a(lib_a-dtoa.o)
                0x0080893c                _dtoa_r
 .text          0x00809ef0      0x230 c:/altera/13.0sp1/nios2eds/bin/gnu/h-i686-mingw32/bin/../lib/gcc/nios2-elf/4.1.2/../../../../nios2-elf/lib/mno-hw-mul\libc.a(lib_a-fflush.o)
                0x00809ef0                _fflush_r
                0x0080a0ec                fflush
 .text          0x0080a120      0x2f4 c:/altera/13.0sp1/nios2eds/bin/gnu/h-i686-mingw32/bin/../lib/gcc/nios2-elf/4.1.2/../../../../nios2-elf/lib/mno-hw-mul\libc.a(lib_a-findfp.o)
                0x0080a178                __sfp_lock_acquire
                0x0080a17c                __sfp_lock_release
                0x0080a180                __sinit_lock_acquire
                0x0080a184                __sinit_lock_release
                0x0080a188                __sinit
                0x0080a23c                __fp_unlock_all
                0x0080a254                __fp_lock_all
                0x0080a26c                _cleanup_r
                0x0080a278                _cleanup
                0x0080a288                __sfmoreglue
                0x0080a324                __sfp
 .text          0x0080a414      0x440 c:/altera/13.0sp1/nios2eds/bin/gnu/h-i686-mingw32/bin/../lib/gcc/nios2-elf/4.1.2/../../../../nios2-elf/lib/mno-hw-mul\libc.a(lib_a-freer.o)
                0x0080a414                _malloc_trim_r
                0x0080a540                _free_r
 .text          0x0080a854      0x49c c:/altera/13.0sp1/nios2eds/bin/gnu/h-i686-mingw32/bin/../lib/gcc/nios2-elf/4.1.2/../../../../nios2-elf/lib/mno-hw-mul\libc.a(lib_a-fvwrite.o)
                0x0080a854                __sfvwrite_r
 .text          0x0080acf0      0x180 c:/altera/13.0sp1/nios2eds/bin/gnu/h-i686-mingw32/bin/../lib/gcc/nios2-elf/4.1.2/../../../../nios2-elf/lib/mno-hw-mul\libc.a(lib_a-fwalk.o)
                0x0080acf0                _fwalk_reent
                0x0080adb8                _fwalk
 .text          0x0080ae70        0x0 c:/altera/13.0sp1/nios2eds/bin/gnu/h-i686-mingw32/bin/../lib/gcc/nios2-elf/4.1.2/../../../../nios2-elf/lib/mno-hw-mul\libc.a(lib_a-impure.o)
 .text          0x0080ae70       0xc4 c:/altera/13.0sp1/nios2eds/bin/gnu/h-i686-mingw32/bin/../lib/gcc/nios2-elf/4.1.2/../../../../nios2-elf/lib/mno-hw-mul\libc.a(lib_a-locale.o)
                0x0080ae70                __locale_charset
                0x0080ae78                _localeconv_r
                0x0080ae84                localeconv
                0x0080ae94                _setlocale_r
                0x0080af18                setlocale
 .text          0x0080af34      0x194 c:/altera/13.0sp1/nios2eds/bin/gnu/h-i686-mingw32/bin/../lib/gcc/nios2-elf/4.1.2/../../../../nios2-elf/lib/mno-hw-mul\libc.a(lib_a-makebuf.o)
                0x0080af34                __smakebuf_r
 .text          0x0080b0c8      0x740 c:/altera/13.0sp1/nios2eds/bin/gnu/h-i686-mingw32/bin/../lib/gcc/nios2-elf/4.1.2/../../../../nios2-elf/lib/mno-hw-mul\libc.a(lib_a-mallocr.o)
                0x0080b0c8                _malloc_r
 .text          0x0080b808       0xe4 c:/altera/13.0sp1/nios2eds/bin/gnu/h-i686-mingw32/bin/../lib/gcc/nios2-elf/4.1.2/../../../../nios2-elf/lib/mno-hw-mul\libc.a(lib_a-memchr.o)
                0x0080b808                memchr
 .text          0x0080b8ec       0xe0 c:/altera/13.0sp1/nios2eds/bin/gnu/h-i686-mingw32/bin/../lib/gcc/nios2-elf/4.1.2/../../../../nios2-elf/lib/mno-hw-mul\libc.a(lib_a-memmove.o)
                0x0080b8ec                memmove
 .text          0x0080b9cc       0x98 c:/altera/13.0sp1/nios2eds/bin/gnu/h-i686-mingw32/bin/../lib/gcc/nios2-elf/4.1.2/../../../../nios2-elf/lib/mno-hw-mul\libc.a(lib_a-memset.o)
                0x0080b9cc                memset
 .text          0x0080ba64     0x108c c:/altera/13.0sp1/nios2eds/bin/gnu/h-i686-mingw32/bin/../lib/gcc/nios2-elf/4.1.2/../../../../nios2-elf/lib/mno-hw-mul\libc.a(lib_a-mprec.o)
                0x0080ba64                _Bfree
                0x0080ba8c                __hi0bits
                0x0080bafc                __lo0bits
                0x0080bbc0                __mcmp
                0x0080bc20                __ulp
                0x0080bca0                __b2d
                0x0080bdc0                __ratio
                0x0080be70                _mprec_log10
                0x0080bf04                __copybits
                0x0080bf5c                __any_on
                0x0080bfe4                _Balloc
                0x0080c0a0                __d2b
                0x0080c21c                __mdiff
                0x0080c3a8                __lshift
                0x0080c4f4                __multiply
                0x0080c748                __i2b
                0x0080c784                __multadd
                0x0080c8b0                __pow5mult
                0x0080c9d0                __s2b
 .text          0x0080caf0      0x1ec c:/altera/13.0sp1/nios2eds/bin/gnu/h-i686-mingw32/bin/../lib/gcc/nios2-elf/4.1.2/../../../../nios2-elf/lib/mno-hw-mul\libc.a(lib_a-putc.o)
                0x0080caf0                putc
                0x0080cbf4                _putc_r
 .text          0x0080ccdc      0x5f4 c:/altera/13.0sp1/nios2eds/bin/gnu/h-i686-mingw32/bin/../lib/gcc/nios2-elf/4.1.2/../../../../nios2-elf/lib/mno-hw-mul\libc.a(lib_a-reallocr.o)
                0x0080ccdc                _realloc_r
 .text          0x0080d2d0       0x40 c:/altera/13.0sp1/nios2eds/bin/gnu/h-i686-mingw32/bin/../lib/gcc/nios2-elf/4.1.2/../../../../nios2-elf/lib/mno-hw-mul\libc.a(lib_a-s_isinfd.o)
                0x0080d2d0                __isinfd
 .text          0x0080d310       0x30 c:/altera/13.0sp1/nios2eds/bin/gnu/h-i686-mingw32/bin/../lib/gcc/nios2-elf/4.1.2/../../../../nios2-elf/lib/mno-hw-mul\libc.a(lib_a-s_isnand.o)
                0x0080d310                __isnand
 .text          0x0080d340       0x70 c:/altera/13.0sp1/nios2eds/bin/gnu/h-i686-mingw32/bin/../lib/gcc/nios2-elf/4.1.2/../../../../nios2-elf/lib/mno-hw-mul\libc.a(lib_a-sbrkr.o)
                0x0080d340                _sbrk_r
 .text          0x0080d3b0      0x14c c:/altera/13.0sp1/nios2eds/bin/gnu/h-i686-mingw32/bin/../lib/gcc/nios2-elf/4.1.2/../../../../nios2-elf/lib/mno-hw-mul\libc.a(lib_a-stdio.o)
                0x0080d3b0                __sclose
                0x0080d3b8                __sseek
                0x0080d420                __swrite
                0x0080d49c                __sread
 .text          0x0080d4fc       0xbc c:/altera/13.0sp1/nios2eds/bin/gnu/h-i686-mingw32/bin/../lib/gcc/nios2-elf/4.1.2/../../../../nios2-elf/lib/mno-hw-mul\libc.a(lib_a-strcmp.o)
                0x0080d4fc                strcmp
 .text          0x0080d5b8      0x14c c:/altera/13.0sp1/nios2eds/bin/gnu/h-i686-mingw32/bin/../lib/gcc/nios2-elf/4.1.2/../../../../nios2-elf/lib/mno-hw-mul\libc.a(lib_a-wbuf.o)
                0x0080d5b8                __swbuf_r
                0x0080d6e8                __swbuf
 .text          0x0080d704       0x78 c:/altera/13.0sp1/nios2eds/bin/gnu/h-i686-mingw32/bin/../lib/gcc/nios2-elf/4.1.2/../../../../nios2-elf/lib/mno-hw-mul\libc.a(lib_a-writer.o)
                0x0080d704                _write_r
 .text          0x0080d77c       0xc8 c:/altera/13.0sp1/nios2eds/bin/gnu/h-i686-mingw32/bin/../lib/gcc/nios2-elf/4.1.2/../../../../nios2-elf/lib/mno-hw-mul\libc.a(lib_a-callocr.o)
                0x0080d77c                _calloc_r
 .text          0x0080d844       0x70 c:/altera/13.0sp1/nios2eds/bin/gnu/h-i686-mingw32/bin/../lib/gcc/nios2-elf/4.1.2/../../../../nios2-elf/lib/mno-hw-mul\libc.a(lib_a-closer.o)
                0x0080d844                _close_r
 .text          0x0080d8b4      0x124 c:/altera/13.0sp1/nios2eds/bin/gnu/h-i686-mingw32/bin/../lib/gcc/nios2-elf/4.1.2/../../../../nios2-elf/lib/mno-hw-mul\libc.a(lib_a-fclose.o)
                0x0080d8b4                _fclose_r
                0x0080d9c4                fclose
 .text          0x0080d9d8       0x74 c:/altera/13.0sp1/nios2eds/bin/gnu/h-i686-mingw32/bin/../lib/gcc/nios2-elf/4.1.2/../../../../nios2-elf/lib/mno-hw-mul\libc.a(lib_a-fstatr.o)
                0x0080d9d8                _fstat_r
 .text          0x0080da4c        0x0 c:/altera/13.0sp1/nios2eds/bin/gnu/h-i686-mingw32/bin/../lib/gcc/nios2-elf/4.1.2/../../../../nios2-elf/lib/mno-hw-mul\libc.a(lib_a-int_errno.o)
 .text          0x0080da4c       0x70 c:/altera/13.0sp1/nios2eds/bin/gnu/h-i686-mingw32/bin/../lib/gcc/nios2-elf/4.1.2/../../../../nios2-elf/lib/mno-hw-mul\libc.a(lib_a-isattyr.o)
                0x0080da4c                _isatty_r
 .text          0x0080dabc       0x78 c:/altera/13.0sp1/nios2eds/bin/gnu/h-i686-mingw32/bin/../lib/gcc/nios2-elf/4.1.2/../../../../nios2-elf/lib/mno-hw-mul\libc.a(lib_a-lseekr.o)
                0x0080dabc                _lseek_r
 .text          0x0080db34       0x78 c:/altera/13.0sp1/nios2eds/bin/gnu/h-i686-mingw32/bin/../lib/gcc/nios2-elf/4.1.2/../../../../nios2-elf/lib/mno-hw-mul\libc.a(lib_a-readr.o)
                0x0080db34                _read_r
 .text          0x0080dbac      0x66c c:/altera/13.0sp1/nios2eds/bin/gnu/h-i686-mingw32/bin/../lib/gcc/nios2-elf/4.1.2/mno-hw-mul\libgcc.a(_udivdi3.o)
                0x0080dbac                __udivdi3
 .text          0x0080e218      0x660 c:/altera/13.0sp1/nios2eds/bin/gnu/h-i686-mingw32/bin/../lib/gcc/nios2-elf/4.1.2/mno-hw-mul\libgcc.a(_umoddi3.o)
                0x0080e218                __umoddi3
 .text          0x0080e878      0x3c4 c:/altera/13.0sp1/nios2eds/bin/gnu/h-i686-mingw32/bin/../lib/gcc/nios2-elf/4.1.2/mno-hw-mul\libgcc.a(_mul_df.o)
                0x0080e878                __muldf3
 .text          0x0080ec3c      0x258 c:/altera/13.0sp1/nios2eds/bin/gnu/h-i686-mingw32/bin/../lib/gcc/nios2-elf/4.1.2/mno-hw-mul\libgcc.a(_div_df.o)
                0x0080ec3c                __divdf3
 .text          0x0080ee94       0x88 c:/altera/13.0sp1/nios2eds/bin/gnu/h-i686-mingw32/bin/../lib/gcc/nios2-elf/4.1.2/mno-hw-mul\libgcc.a(_eq_df.o)
                0x0080ee94                __eqdf2
 .text          0x0080ef1c       0x88 c:/altera/13.0sp1/nios2eds/bin/gnu/h-i686-mingw32/bin/../lib/gcc/nios2-elf/4.1.2/mno-hw-mul\libgcc.a(_ne_df.o)
                0x0080ef1c                __nedf2
 .text          0x0080efa4       0x88 c:/altera/13.0sp1/nios2eds/bin/gnu/h-i686-mingw32/bin/../lib/gcc/nios2-elf/4.1.2/mno-hw-mul\libgcc.a(_gt_df.o)
                0x0080efa4                __gtdf2
 .text          0x0080f02c       0x88 c:/altera/13.0sp1/nios2eds/bin/gnu/h-i686-mingw32/bin/../lib/gcc/nios2-elf/4.1.2/mno-hw-mul\libgcc.a(_ge_df.o)
                0x0080f02c                __gedf2
 .text          0x0080f0b4       0x88 c:/altera/13.0sp1/nios2eds/bin/gnu/h-i686-mingw32/bin/../lib/gcc/nios2-elf/4.1.2/mno-hw-mul\libgcc.a(_lt_df.o)
                0x0080f0b4                __ltdf2
 .text          0x0080f13c      0x194 c:/altera/13.0sp1/nios2eds/bin/gnu/h-i686-mingw32/bin/../lib/gcc/nios2-elf/4.1.2/mno-hw-mul\libgcc.a(_usi_to_df.o)
                0x0080f13c                __floatunsidf
 .text          0x0080f2d0       0x38 c:/altera/13.0sp1/nios2eds/bin/gnu/h-i686-mingw32/bin/../lib/gcc/nios2-elf/4.1.2/mno-hw-mul\libgcc.a(lib2-mul.o)
                0x0080f2d0                __mulsi3
 .text          0x0080f308      0x124 c:/altera/13.0sp1/nios2eds/bin/gnu/h-i686-mingw32/bin/../lib/gcc/nios2-elf/4.1.2/mno-hw-mul\libgcc.a(_muldi3.o)
                0x0080f308                __muldi3
 .text          0x0080f42c       0xc8 c:/altera/13.0sp1/nios2eds/bin/gnu/h-i686-mingw32/bin/../lib/gcc/nios2-elf/4.1.2/mno-hw-mul\libgcc.a(_fpcmp_parts_df.o)
                0x0080f42c                __fpcmp_parts_d
 .text          0x0080f4f4      0x160 ../FlashProject_bsp/\libhal_bsp.a(alt_close.o)
                0x0080f4f4                close
 .text          0x0080f654       0x2c ../FlashProject_bsp/\libhal_bsp.a(alt_dev.o)
 .text          0x0080f680        0x0 ../FlashProject_bsp/\libhal_bsp.a(alt_errno.o)
 .text          0x0080f680      0x138 ../FlashProject_bsp/\libhal_bsp.a(alt_fstat.o)
                0x0080f680                fstat
 .text          0x0080f7b8      0x1c0 ../FlashProject_bsp/\libhal_bsp.a(alt_irq_register.o)
                0x0080f7b8                alt_irq_register
 .text          0x0080f978        0x0 ../FlashProject_bsp/\libhal_bsp.a(alt_irq_vars.o)
 .text          0x0080f978      0x124 ../FlashProject_bsp/\libhal_bsp.a(alt_isatty.o)
                0x0080f978                isatty
 .text          0x0080fa9c      0x154 ../FlashProject_bsp/\libhal_bsp.a(alt_lseek.o)
                0x0080fa9c                lseek
 .text          0x0080fbf0       0x6c ../FlashProject_bsp/\libhal_bsp.a(alt_main.o)
                0x0080fbf0                alt_main
 .text          0x0080fc5c       0x40 ../FlashProject_bsp/\libhal_bsp.a(alt_malloc_lock.o)
                0x0080fc5c                __malloc_lock
                0x0080fc7c                __malloc_unlock
 .text          0x0080fc9c      0x258 ../FlashProject_bsp/\libhal_bsp.a(alt_printf.o)
                0x0080fc9c                alt_printf
 .text          0x0080fef4       0x40 ../FlashProject_bsp/\libhal_bsp.a(alt_putchar.o)
                0x0080fef4                alt_putchar
 .text          0x0080ff34      0x184 ../FlashProject_bsp/\libhal_bsp.a(alt_read.o)
                0x0080ff34                read
 .text          0x008100b8       0x78 ../FlashProject_bsp/\libhal_bsp.a(alt_release_fd.o)
                0x008100b8                alt_release_fd
 .text          0x00810130       0xbc ../FlashProject_bsp/\libhal_bsp.a(alt_sbrk.o)
                0x00810130                sbrk
 .text          0x008101ec       0x30 ../FlashProject_bsp/\libhal_bsp.a(alt_usleep.o)
                0x008101ec                usleep
 .text          0x0081021c      0x184 ../FlashProject_bsp/\libhal_bsp.a(alt_write.o)
                0x0081021c                write
 .text          0x008103a0       0xe0 ../FlashProject_bsp/\libhal_bsp.a(alt_sys_init.o)
                0x008103a0                alt_irq_init
                0x008103d4                alt_sys_init
 .text          0x00810480      0x148 ../FlashProject_bsp/\libhal_bsp.a(altera_avalon_jtag_uart_fd.o)
                0x00810480                altera_avalon_jtag_uart_read_fd
                0x008104d8                altera_avalon_jtag_uart_write_fd
                0x00810530                altera_avalon_jtag_uart_close_fd
                0x00810578                altera_avalon_jtag_uart_ioctl_fd
 .text          0x008105c8      0x408 ../FlashProject_bsp/\libhal_bsp.a(altera_avalon_jtag_uart_init.o)
                0x008105c8                altera_avalon_jtag_uart_init
                0x0081095c                altera_avalon_jtag_uart_close
 .text          0x008109d0       0xf4 ../FlashProject_bsp/\libhal_bsp.a(altera_avalon_jtag_uart_ioctl.o)
                0x008109d0                altera_avalon_jtag_uart_ioctl
 .text          0x00810ac4      0x224 ../FlashProject_bsp/\libhal_bsp.a(altera_avalon_jtag_uart_read.o)
                0x00810ac4                altera_avalon_jtag_uart_read
 .text          0x00810ce8      0x240 ../FlashProject_bsp/\libhal_bsp.a(altera_avalon_jtag_uart_write.o)
                0x00810ce8                altera_avalon_jtag_uart_write
 .text          0x00810f28       0xfc ../FlashProject_bsp/\libhal_bsp.a(altera_avalon_timer_sc.o)
                0x00810f9c                alt_avalon_timer_sc_init
 .text          0x00811024      0x398 ../FlashProject_bsp/\libhal_bsp.a(altera_up_avalon_rs232.o)
                0x00811024                alt_up_rs232_enable_read_interrupt
                0x00811078                alt_up_rs232_disable_read_interrupt
                0x008110d0                alt_up_rs232_get_used_space_in_read_FIFO
                0x0081110c                alt_up_rs232_get_available_space_in_write_FIFO
                0x0081114c                alt_up_rs232_check_parity
                0x0081119c                alt_up_rs232_write_data
                0x008111e4                alt_up_rs232_read_data
                0x00811258                alt_up_rs232_read_fd
                0x008112e8                alt_up_rs232_write_fd
                0x0081137c                alt_up_rs232_open_dev
 .text          0x008113bc      0x154 ../FlashProject_bsp/\libhal_bsp.a(alt_alarm_start.o)
                0x008113bc                alt_alarm_start
 .text          0x00811510      0x15c ../FlashProject_bsp/\libhal_bsp.a(alt_busy_sleep.o)
                0x00811510                alt_busy_sleep
 .text          0x0081166c      0x114 ../FlashProject_bsp/\libhal_bsp.a(alt_dev_llist_insert.o)
                0x0081166c                alt_dev_llist_insert
 .text          0x00811780       0x64 ../FlashProject_bsp/\libhal_bsp.a(alt_do_ctors.o)
                0x00811780                _do_ctors
 .text          0x008117e4       0x64 ../FlashProject_bsp/\libhal_bsp.a(alt_do_dtors.o)
                0x008117e4                _do_dtors
 .text          0x00811848       0x94 ../FlashProject_bsp/\libhal_bsp.a(alt_find_dev.o)
                0x00811848                alt_find_dev
 .text          0x008118dc      0x150 ../FlashProject_bsp/\libhal_bsp.a(alt_io_redirect.o)
                0x008119b4                alt_io_redirect
 .text          0x00811a2c        0x0 ../FlashProject_bsp/\libhal_bsp.a(alt_irq_entry.o)
 .text          0x00811a2c        0x0 ../FlashProject_bsp/\libhal_bsp.a(alt_irq_handler.o)
 .text          0x00811a2c      0x2e4 ../FlashProject_bsp/\libhal_bsp.a(alt_open.o)
                0x00811b24                open
 .text          0x00811d10      0x1a4 ../FlashProject_bsp/\libhal_bsp.a(alt_tick.o)
                0x00811d10                alt_alarm_stop
                0x00811da8                alt_tick
 .text          0x00811eb4       0x20 ../FlashProject_bsp/\libhal_bsp.a(altera_nios2_qsys_irq.o)
                0x00811eb4                altera_nios2_qsys_irq_init
 .text          0x00811ed4        0x0 ../FlashProject_bsp/\libhal_bsp.a(alt_exception_entry.o)
 .text          0x00811ed4      0x120 ../FlashProject_bsp/\libhal_bsp.a(alt_find_file.o)
                0x00811ed4                alt_find_file
 .text          0x00811ff4       0xd0 ../FlashProject_bsp/\libhal_bsp.a(alt_get_fd.o)
                0x00811ff4                alt_get_fd
 .text          0x008120c4       0x14 c:/altera/13.0sp1/nios2eds/bin/gnu/h-i686-mingw32/bin/../lib/gcc/nios2-elf/4.1.2/../../../../nios2-elf/lib/mno-hw-mul\libc.a(lib_a-atexit.o)
                0x008120c4                atexit
 .text          0x008120d8       0x38 c:/altera/13.0sp1/nios2eds/bin/gnu/h-i686-mingw32/bin/../lib/gcc/nios2-elf/4.1.2/../../../../nios2-elf/lib/mno-hw-mul\libc.a(lib_a-exit.o)
                0x008120d8                exit
 .text          0x00812110       0x74 c:/altera/13.0sp1/nios2eds/bin/gnu/h-i686-mingw32/bin/../lib/gcc/nios2-elf/4.1.2/../../../../nios2-elf/lib/mno-hw-mul\libc.a(lib_a-memcmp.o)
                0x00812110                memcmp
 .text          0x00812184      0x134 c:/altera/13.0sp1/nios2eds/bin/gnu/h-i686-mingw32/bin/../lib/gcc/nios2-elf/4.1.2/../../../../nios2-elf/lib/mno-hw-mul\libc.a(lib_a-__atexit.o)
                0x00812184                __register_exitproc
 .text          0x008122b8      0x1b4 c:/altera/13.0sp1/nios2eds/bin/gnu/h-i686-mingw32/bin/../lib/gcc/nios2-elf/4.1.2/../../../../nios2-elf/lib/mno-hw-mul\libc.a(lib_a-__call_atexit.o)
                0x008122bc                __call_exitprocs
 .text          0x0081246c       0x60 ../FlashProject_bsp/\libhal_bsp.a(alt_exit.o)
                0x008124ac                _exit
 *(.gnu.warning.*)
 *(.fini)
                0x008124cc                PROVIDE (__etext, ABSOLUTE (.))
                0x008124cc                PROVIDE (_etext, ABSOLUTE (.))
                0x008124cc                PROVIDE (etext, ABSOLUTE (.))
 *(.eh_frame_hdr)
                0x008124cc                . = ALIGN (0x4)
                0x008124cc                PROVIDE (__preinit_array_start, ABSOLUTE (.))
 *(.preinit_array)
                0x008124cc                PROVIDE (__preinit_array_end, ABSOLUTE (.))
                0x008124cc                PROVIDE (__init_array_start, ABSOLUTE (.))
 *(.init_array)
                0x008124cc                PROVIDE (__init_array_end, ABSOLUTE (.))
                0x008124cc                PROVIDE (__fini_array_start, ABSOLUTE (.))
 *(.fini_array)
                0x008124cc                PROVIDE (__fini_array_end, ABSOLUTE (.))
 *(.eh_frame)
 *(.gcc_except_table)
 *(.dynamic)
                0x008124cc                PROVIDE (__CTOR_LIST__, ABSOLUTE (.))
 *(.ctors)
 *(SORT(.ctors.*))
 .ctors.65535   0x008124cc        0x4 c:/altera/13.0sp1/nios2eds/bin/gnu/h-i686-mingw32/bin/../lib/gcc/nios2-elf/4.1.2/../../../../nios2-elf/lib/mno-hw-mul\libc.a(lib_a-__call_atexit.o)
                0x008124d0                PROVIDE (__CTOR_END__, ABSOLUTE (.))
                0x008124d0                PROVIDE (__DTOR_LIST__, ABSOLUTE (.))
 *(.dtors)
 *(SORT(.dtors.*))
                0x008124d0                PROVIDE (__DTOR_END__, ABSOLUTE (.))
 *(.jcr)
                0x008124d0                . = ALIGN (0x4)

.rodata         0x008124d0      0xe28
                0x008124d0                PROVIDE (__ram_rodata_start, ABSOLUTE (.))
                0x008124d0                . = ALIGN (0x4)
 *(.rodata .rodata.* .gnu.linkonce.r.*)
 .rodata        0x008124d0       0x68 obj/default/CHAP_9.o
 .rodata        0x00812538       0xd8 obj/default/D13BUS.o
 .rodata        0x00812610      0x140 obj/default/HAL4D13.o
 .rodata        0x00812750       0x70 obj/default/HID.o
 .rodata        0x008127c0       0xd4 obj/default/ISR.o
 .rodata        0x00812894      0x2e0 obj/default/MAINLOOP.o
 .rodata        0x00812b74      0x1a4 obj/default/hello_world.o
 .rodata        0x00812d18       0x14 c:/altera/13.0sp1/nios2eds/bin/gnu/h-i686-mingw32/bin/../lib/gcc/nios2-elf/4.1.2/mno-hw-mul\libgcc.a(_thenan_df.o)
                0x00812d18                __thenan_df
 .rodata        0x00812d2c      0x100 c:/altera/13.0sp1/nios2eds/bin/gnu/h-i686-mingw32/bin/../lib/gcc/nios2-elf/4.1.2/mno-hw-mul\libgcc.a(_clz.o)
                0x00812d2c                __clz_tab
 .rodata.str1.4
                0x00812e2c        0x2 c:/altera/13.0sp1/nios2eds/bin/gnu/h-i686-mingw32/bin/../lib/gcc/nios2-elf/4.1.2/../../../../nios2-elf/lib/mno-hw-mul\libc.a(lib_a-puts.o)
                                  0x4 (size before relaxing)
 *fill*         0x00812e2e        0x2 00
 .rodata.str1.4
                0x00812e30       0x5e c:/altera/13.0sp1/nios2eds/bin/gnu/h-i686-mingw32/bin/../lib/gcc/nios2-elf/4.1.2/../../../../nios2-elf/lib/mno-hw-mul\libc.a(lib_a-vfprintf.o)
                                 0x60 (size before relaxing)
 .rodata        0x00812e8e       0x20 c:/altera/13.0sp1/nios2eds/bin/gnu/h-i686-mingw32/bin/../lib/gcc/nios2-elf/4.1.2/../../../../nios2-elf/lib/mno-hw-mul\libc.a(lib_a-vfprintf.o)
 .rodata        0x00812eae      0x281 c:/altera/13.0sp1/nios2eds/bin/gnu/h-i686-mingw32/bin/../lib/gcc/nios2-elf/4.1.2/../../../../nios2-elf/lib/mno-hw-mul\libc.a(lib_a-ctype_.o)
                0x00812eae                _ctype_
 *fill*         0x0081312f        0x1 00
 .rodata.str1.4
                0x00813130       0x10 c:/altera/13.0sp1/nios2eds/bin/gnu/h-i686-mingw32/bin/../lib/gcc/nios2-elf/4.1.2/../../../../nios2-elf/lib/mno-hw-mul\libc.a(lib_a-dtoa.o)
                                 0x14 (size before relaxing)
 .rodata.str1.4
                0x00813140        0x2 c:/altera/13.0sp1/nios2eds/bin/gnu/h-i686-mingw32/bin/../lib/gcc/nios2-elf/4.1.2/../../../../nios2-elf/lib/mno-hw-mul\libc.a(lib_a-impure.o)
                                  0x4 (size before relaxing)
 *fill*         0x00813142        0x2 00
 .rodata.str1.4
                0x00813144       0x10 c:/altera/13.0sp1/nios2eds/bin/gnu/h-i686-mingw32/bin/../lib/gcc/nios2-elf/4.1.2/../../../../nios2-elf/lib/mno-hw-mul\libc.a(lib_a-locale.o)
                                 0x18 (size before relaxing)
 .rodata        0x00813154       0x30 c:/altera/13.0sp1/nios2eds/bin/gnu/h-i686-mingw32/bin/../lib/gcc/nios2-elf/4.1.2/../../../../nios2-elf/lib/mno-hw-mul\libc.a(lib_a-locale.o)
 .rodata        0x00813184      0x124 c:/altera/13.0sp1/nios2eds/bin/gnu/h-i686-mingw32/bin/../lib/gcc/nios2-elf/4.1.2/../../../../nios2-elf/lib/mno-hw-mul\libc.a(lib_a-mprec.o)
                0x00813184                __mprec_tens
                0x0081324c                __mprec_bigtens
                0x00813274                __mprec_tinytens
 .rodata        0x008132a8        0xc ../FlashProject_bsp/\libhal_bsp.a(alt_dev.o)
 .rodata        0x008132b4       0x14 ../FlashProject_bsp/\libhal_bsp.a(alt_main.o)
 .rodata        0x008132c8       0x30 ../FlashProject_bsp/\libhal_bsp.a(alt_sys_init.o)
 *(.rodata1)
                0x008132f8                . = ALIGN (0x4)
                0x008132f8                PROVIDE (__ram_rodata_end, ABSOLUTE (.))
                0x008124d0                PROVIDE (__flash_rodata_start, LOADADDR (.rodata))

.rwdata         0x008132f8     0x1dd8
                0x008132f8                PROVIDE (__ram_rwdata_start, ABSOLUTE (.))
                0x008132f8                . = ALIGN (0x4)
 *(.got.plt)
 *(.got)
 *(.data1)
 *(.data .data.* .gnu.linkonce.d.*)
 .data          0x008132f8        0x0 ../FlashProject_bsp//obj/HAL/src/crt0.o
 .data          0x008132f8      0x1a0 obj/default/CHAP_9.o
                0x008132f8                DeviceDescr
                0x0081330a                ConfigDescr_a
                0x0081332c                ConfigDescr
                0x00813374                InterfaceDescr0
                0x0081337d                REPORT_DESCRIPTOR2
                0x008133aa                REPORT_DESCRIPTOR
                0x008133d7                strInterface
                0x008133ef                strConfiguration
                0x00813401                strSerialNum
                0x0081341b                strProduct
                0x0081345d                strManufacturer
 .data          0x00813498        0x0 obj/default/D13BUS.o
 .data          0x00813498        0x0 obj/default/HAL4D13.o
 .data          0x00813498        0x0 obj/default/HID.o
 .data          0x00813498        0x0 obj/default/ISR.o
 .data          0x00813498        0x0 obj/default/IntegratedMain.o
 .data          0x00813498      0x168 obj/default/MAINLOOP.o
                0x00813498                StandardDeviceRequest
                0x008134cc                _NAME_USB_REQUEST_RECIPIENT
                0x008134dc                _NAME_USB_REQUEST_TYPE
                0x008134ec                _NAME_USB_STANDARD_REQUEST
                0x00813520                ClassDeviceRequest
                0x00813550                _NAME_USB_CLASS_REQUEST
                0x00813580                VendorDeviceRequest
                0x008135c0                _NAME_USB_VENDOR_REQUEST
 .data          0x00813600        0x0 obj/default/hello_world.o
 .data          0x00813600        0x0 obj/default/usb_irq.o
 .data          0x00813600        0x0 c:/altera/13.0sp1/nios2eds/bin/gnu/h-i686-mingw32/bin/../lib/gcc/nios2-elf/4.1.2/mno-hw-mul\libgcc.a(_addsub_df.o)
 .data          0x00813600        0x0 c:/altera/13.0sp1/nios2eds/bin/gnu/h-i686-mingw32/bin/../lib/gcc/nios2-elf/4.1.2/mno-hw-mul\libgcc.a(_si_to_df.o)
 .data          0x00813600        0x0 c:/altera/13.0sp1/nios2eds/bin/gnu/h-i686-mingw32/bin/../lib/gcc/nios2-elf/4.1.2/mno-hw-mul\libgcc.a(_df_to_si.o)
 .data          0x00813600        0x0 c:/altera/13.0sp1/nios2eds/bin/gnu/h-i686-mingw32/bin/../lib/gcc/nios2-elf/4.1.2/mno-hw-mul\libgcc.a(_thenan_df.o)
 .data          0x00813600        0x0 c:/altera/13.0sp1/nios2eds/bin/gnu/h-i686-mingw32/bin/../lib/gcc/nios2-elf/4.1.2/mno-hw-mul\libgcc.a(lib2-divmod.o)
 .data          0x00813600        0x0 c:/altera/13.0sp1/nios2eds/bin/gnu/h-i686-mingw32/bin/../lib/gcc/nios2-elf/4.1.2/mno-hw-mul\libgcc.a(_clzsi2.o)
 .data          0x00813600        0x0 c:/altera/13.0sp1/nios2eds/bin/gnu/h-i686-mingw32/bin/../lib/gcc/nios2-elf/4.1.2/mno-hw-mul\libgcc.a(_pack_df.o)
 .data          0x00813600        0x0 c:/altera/13.0sp1/nios2eds/bin/gnu/h-i686-mingw32/bin/../lib/gcc/nios2-elf/4.1.2/mno-hw-mul\libgcc.a(_unpack_df.o)
 .data          0x00813600        0x0 c:/altera/13.0sp1/nios2eds/bin/gnu/h-i686-mingw32/bin/../lib/gcc/nios2-elf/4.1.2/mno-hw-mul\libgcc.a(_clz.o)
 .data          0x00813600        0x0 c:/altera/13.0sp1/nios2eds/bin/gnu/h-i686-mingw32/bin/../lib/gcc/nios2-elf/4.1.2/../../../../nios2-elf/lib/mno-hw-mul\libc.a(lib_a-atoi.o)
 .data          0x00813600        0x0 c:/altera/13.0sp1/nios2eds/bin/gnu/h-i686-mingw32/bin/../lib/gcc/nios2-elf/4.1.2/../../../../nios2-elf/lib/mno-hw-mul\libc.a(lib_a-memcpy.o)
 .data          0x00813600        0x0 c:/altera/13.0sp1/nios2eds/bin/gnu/h-i686-mingw32/bin/../lib/gcc/nios2-elf/4.1.2/../../../../nios2-elf/lib/mno-hw-mul\libc.a(lib_a-printf.o)
 .data          0x00813600        0x0 c:/altera/13.0sp1/nios2eds/bin/gnu/h-i686-mingw32/bin/../lib/gcc/nios2-elf/4.1.2/../../../../nios2-elf/lib/mno-hw-mul\libc.a(lib_a-putchar.o)
 .data          0x00813600        0x0 c:/altera/13.0sp1/nios2eds/bin/gnu/h-i686-mingw32/bin/../lib/gcc/nios2-elf/4.1.2/../../../../nios2-elf/lib/mno-hw-mul\libc.a(lib_a-puts.o)
 .data          0x00813600        0x0 c:/altera/13.0sp1/nios2eds/bin/gnu/h-i686-mingw32/bin/../lib/gcc/nios2-elf/4.1.2/../../../../nios2-elf/lib/mno-hw-mul\libc.a(lib_a-strlen.o)
 .data          0x00813600        0x0 c:/altera/13.0sp1/nios2eds/bin/gnu/h-i686-mingw32/bin/../lib/gcc/nios2-elf/4.1.2/../../../../nios2-elf/lib/mno-hw-mul\libc.a(lib_a-strtol.o)
 .data          0x00813600        0x0 c:/altera/13.0sp1/nios2eds/bin/gnu/h-i686-mingw32/bin/../lib/gcc/nios2-elf/4.1.2/../../../../nios2-elf/lib/mno-hw-mul\libc.a(lib_a-vfprintf.o)
 .data          0x00813600        0x0 c:/altera/13.0sp1/nios2eds/bin/gnu/h-i686-mingw32/bin/../lib/gcc/nios2-elf/4.1.2/../../../../nios2-elf/lib/mno-hw-mul\libc.a(lib_a-wsetup.o)
 .data          0x00813600        0x0 c:/altera/13.0sp1/nios2eds/bin/gnu/h-i686-mingw32/bin/../lib/gcc/nios2-elf/4.1.2/../../../../nios2-elf/lib/mno-hw-mul\libc.a(lib_a-ctype_.o)
 .data          0x00813600        0x0 c:/altera/13.0sp1/nios2eds/bin/gnu/h-i686-mingw32/bin/../lib/gcc/nios2-elf/4.1.2/../../../../nios2-elf/lib/mno-hw-mul\libc.a(lib_a-dtoa.o)
 .data          0x00813600        0x0 c:/altera/13.0sp1/nios2eds/bin/gnu/h-i686-mingw32/bin/../lib/gcc/nios2-elf/4.1.2/../../../../nios2-elf/lib/mno-hw-mul\libc.a(lib_a-fflush.o)
 .data          0x00813600        0x0 c:/altera/13.0sp1/nios2eds/bin/gnu/h-i686-mingw32/bin/../lib/gcc/nios2-elf/4.1.2/../../../../nios2-elf/lib/mno-hw-mul\libc.a(lib_a-findfp.o)
 .data          0x00813600        0x0 c:/altera/13.0sp1/nios2eds/bin/gnu/h-i686-mingw32/bin/../lib/gcc/nios2-elf/4.1.2/../../../../nios2-elf/lib/mno-hw-mul\libc.a(lib_a-freer.o)
 .data          0x00813600        0x0 c:/altera/13.0sp1/nios2eds/bin/gnu/h-i686-mingw32/bin/../lib/gcc/nios2-elf/4.1.2/../../../../nios2-elf/lib/mno-hw-mul\libc.a(lib_a-fvwrite.o)
 .data          0x00813600        0x0 c:/altera/13.0sp1/nios2eds/bin/gnu/h-i686-mingw32/bin/../lib/gcc/nios2-elf/4.1.2/../../../../nios2-elf/lib/mno-hw-mul\libc.a(lib_a-fwalk.o)
 .data          0x00813600      0x400 c:/altera/13.0sp1/nios2eds/bin/gnu/h-i686-mingw32/bin/../lib/gcc/nios2-elf/4.1.2/../../../../nios2-elf/lib/mno-hw-mul\libc.a(lib_a-impure.o)
 .data          0x00813a00        0xc c:/altera/13.0sp1/nios2eds/bin/gnu/h-i686-mingw32/bin/../lib/gcc/nios2-elf/4.1.2/../../../../nios2-elf/lib/mno-hw-mul\libc.a(lib_a-locale.o)
                0x00813a00                __lc_ctype
 .data          0x00813a0c        0x0 c:/altera/13.0sp1/nios2eds/bin/gnu/h-i686-mingw32/bin/../lib/gcc/nios2-elf/4.1.2/../../../../nios2-elf/lib/mno-hw-mul\libc.a(lib_a-makebuf.o)
 .data          0x00813a0c      0x408 c:/altera/13.0sp1/nios2eds/bin/gnu/h-i686-mingw32/bin/../lib/gcc/nios2-elf/4.1.2/../../../../nios2-elf/lib/mno-hw-mul\libc.a(lib_a-mallocr.o)
                0x00813a0c                __malloc_av_
 .data          0x00813e14        0x0 c:/altera/13.0sp1/nios2eds/bin/gnu/h-i686-mingw32/bin/../lib/gcc/nios2-elf/4.1.2/../../../../nios2-elf/lib/mno-hw-mul\libc.a(lib_a-memchr.o)
 .data          0x00813e14        0x0 c:/altera/13.0sp1/nios2eds/bin/gnu/h-i686-mingw32/bin/../lib/gcc/nios2-elf/4.1.2/../../../../nios2-elf/lib/mno-hw-mul\libc.a(lib_a-memmove.o)
 .data          0x00813e14        0x0 c:/altera/13.0sp1/nios2eds/bin/gnu/h-i686-mingw32/bin/../lib/gcc/nios2-elf/4.1.2/../../../../nios2-elf/lib/mno-hw-mul\libc.a(lib_a-memset.o)
 .data          0x00813e14        0x0 c:/altera/13.0sp1/nios2eds/bin/gnu/h-i686-mingw32/bin/../lib/gcc/nios2-elf/4.1.2/../../../../nios2-elf/lib/mno-hw-mul\libc.a(lib_a-mprec.o)
 .data          0x00813e14        0x0 c:/altera/13.0sp1/nios2eds/bin/gnu/h-i686-mingw32/bin/../lib/gcc/nios2-elf/4.1.2/../../../../nios2-elf/lib/mno-hw-mul\libc.a(lib_a-putc.o)
 .data          0x00813e14        0x0 c:/altera/13.0sp1/nios2eds/bin/gnu/h-i686-mingw32/bin/../lib/gcc/nios2-elf/4.1.2/../../../../nios2-elf/lib/mno-hw-mul\libc.a(lib_a-reallocr.o)
 .data          0x00813e14        0x0 c:/altera/13.0sp1/nios2eds/bin/gnu/h-i686-mingw32/bin/../lib/gcc/nios2-elf/4.1.2/../../../../nios2-elf/lib/mno-hw-mul\libc.a(lib_a-s_isinfd.o)
 .data          0x00813e14        0x0 c:/altera/13.0sp1/nios2eds/bin/gnu/h-i686-mingw32/bin/../lib/gcc/nios2-elf/4.1.2/../../../../nios2-elf/lib/mno-hw-mul\libc.a(lib_a-s_isnand.o)
 .data          0x00813e14        0x0 c:/altera/13.0sp1/nios2eds/bin/gnu/h-i686-mingw32/bin/../lib/gcc/nios2-elf/4.1.2/../../../../nios2-elf/lib/mno-hw-mul\libc.a(lib_a-sbrkr.o)
 .data          0x00813e14        0x0 c:/altera/13.0sp1/nios2eds/bin/gnu/h-i686-mingw32/bin/../lib/gcc/nios2-elf/4.1.2/../../../../nios2-elf/lib/mno-hw-mul\libc.a(lib_a-stdio.o)
 .data          0x00813e14        0x0 c:/altera/13.0sp1/nios2eds/bin/gnu/h-i686-mingw32/bin/../lib/gcc/nios2-elf/4.1.2/../../../../nios2-elf/lib/mno-hw-mul\libc.a(lib_a-strcmp.o)
 .data          0x00813e14        0x0 c:/altera/13.0sp1/nios2eds/bin/gnu/h-i686-mingw32/bin/../lib/gcc/nios2-elf/4.1.2/../../../../nios2-elf/lib/mno-hw-mul\libc.a(lib_a-wbuf.o)
 .data          0x00813e14        0x0 c:/altera/13.0sp1/nios2eds/bin/gnu/h-i686-mingw32/bin/../lib/gcc/nios2-elf/4.1.2/../../../../nios2-elf/lib/mno-hw-mul\libc.a(lib_a-writer.o)
 .data          0x00813e14        0x0 c:/altera/13.0sp1/nios2eds/bin/gnu/h-i686-mingw32/bin/../lib/gcc/nios2-elf/4.1.2/../../../../nios2-elf/lib/mno-hw-mul\libc.a(lib_a-callocr.o)
 .data          0x00813e14        0x0 c:/altera/13.0sp1/nios2eds/bin/gnu/h-i686-mingw32/bin/../lib/gcc/nios2-elf/4.1.2/../../../../nios2-elf/lib/mno-hw-mul\libc.a(lib_a-closer.o)
 .data          0x00813e14        0x0 c:/altera/13.0sp1/nios2eds/bin/gnu/h-i686-mingw32/bin/../lib/gcc/nios2-elf/4.1.2/../../../../nios2-elf/lib/mno-hw-mul\libc.a(lib_a-fclose.o)
 .data          0x00813e14        0x0 c:/altera/13.0sp1/nios2eds/bin/gnu/h-i686-mingw32/bin/../lib/gcc/nios2-elf/4.1.2/../../../../nios2-elf/lib/mno-hw-mul\libc.a(lib_a-fstatr.o)
 .data          0x00813e14        0x0 c:/altera/13.0sp1/nios2eds/bin/gnu/h-i686-mingw32/bin/../lib/gcc/nios2-elf/4.1.2/../../../../nios2-elf/lib/mno-hw-mul\libc.a(lib_a-int_errno.o)
 .data          0x00813e14        0x0 c:/altera/13.0sp1/nios2eds/bin/gnu/h-i686-mingw32/bin/../lib/gcc/nios2-elf/4.1.2/../../../../nios2-elf/lib/mno-hw-mul\libc.a(lib_a-isattyr.o)
 .data          0x00813e14        0x0 c:/altera/13.0sp1/nios2eds/bin/gnu/h-i686-mingw32/bin/../lib/gcc/nios2-elf/4.1.2/../../../../nios2-elf/lib/mno-hw-mul\libc.a(lib_a-lseekr.o)
 .data          0x00813e14        0x0 c:/altera/13.0sp1/nios2eds/bin/gnu/h-i686-mingw32/bin/../lib/gcc/nios2-elf/4.1.2/../../../../nios2-elf/lib/mno-hw-mul\libc.a(lib_a-readr.o)
 .data          0x00813e14        0x0 c:/altera/13.0sp1/nios2eds/bin/gnu/h-i686-mingw32/bin/../lib/gcc/nios2-elf/4.1.2/mno-hw-mul\libgcc.a(_udivdi3.o)
 .data          0x00813e14        0x0 c:/altera/13.0sp1/nios2eds/bin/gnu/h-i686-mingw32/bin/../lib/gcc/nios2-elf/4.1.2/mno-hw-mul\libgcc.a(_umoddi3.o)
 .data          0x00813e14        0x0 c:/altera/13.0sp1/nios2eds/bin/gnu/h-i686-mingw32/bin/../lib/gcc/nios2-elf/4.1.2/mno-hw-mul\libgcc.a(_mul_df.o)
 .data          0x00813e14        0x0 c:/altera/13.0sp1/nios2eds/bin/gnu/h-i686-mingw32/bin/../lib/gcc/nios2-elf/4.1.2/mno-hw-mul\libgcc.a(_div_df.o)
 .data          0x00813e14        0x0 c:/altera/13.0sp1/nios2eds/bin/gnu/h-i686-mingw32/bin/../lib/gcc/nios2-elf/4.1.2/mno-hw-mul\libgcc.a(_eq_df.o)
 .data          0x00813e14        0x0 c:/altera/13.0sp1/nios2eds/bin/gnu/h-i686-mingw32/bin/../lib/gcc/nios2-elf/4.1.2/mno-hw-mul\libgcc.a(_ne_df.o)
 .data          0x00813e14        0x0 c:/altera/13.0sp1/nios2eds/bin/gnu/h-i686-mingw32/bin/../lib/gcc/nios2-elf/4.1.2/mno-hw-mul\libgcc.a(_gt_df.o)
 .data          0x00813e14        0x0 c:/altera/13.0sp1/nios2eds/bin/gnu/h-i686-mingw32/bin/../lib/gcc/nios2-elf/4.1.2/mno-hw-mul\libgcc.a(_ge_df.o)
 .data          0x00813e14        0x0 c:/altera/13.0sp1/nios2eds/bin/gnu/h-i686-mingw32/bin/../lib/gcc/nios2-elf/4.1.2/mno-hw-mul\libgcc.a(_lt_df.o)
 .data          0x00813e14        0x0 c:/altera/13.0sp1/nios2eds/bin/gnu/h-i686-mingw32/bin/../lib/gcc/nios2-elf/4.1.2/mno-hw-mul\libgcc.a(_usi_to_df.o)
 .data          0x00813e14        0x0 c:/altera/13.0sp1/nios2eds/bin/gnu/h-i686-mingw32/bin/../lib/gcc/nios2-elf/4.1.2/mno-hw-mul\libgcc.a(lib2-mul.o)
 .data          0x00813e14        0x0 c:/altera/13.0sp1/nios2eds/bin/gnu/h-i686-mingw32/bin/../lib/gcc/nios2-elf/4.1.2/mno-hw-mul\libgcc.a(_muldi3.o)
 .data          0x00813e14        0x0 c:/altera/13.0sp1/nios2eds/bin/gnu/h-i686-mingw32/bin/../lib/gcc/nios2-elf/4.1.2/mno-hw-mul\libgcc.a(_fpcmp_parts_df.o)
 .data          0x00813e14        0x0 ../FlashProject_bsp/\libhal_bsp.a(alt_close.o)
 .data          0x00813e14      0x1a8 ../FlashProject_bsp/\libhal_bsp.a(alt_dev.o)
                0x00813e14                alt_dev_null
                0x00813e3c                alt_fd_list
 .data          0x00813fbc        0x0 ../FlashProject_bsp/\libhal_bsp.a(alt_errno.o)
 .data          0x00813fbc        0x0 ../FlashProject_bsp/\libhal_bsp.a(alt_fstat.o)
 .data          0x00813fbc        0x0 ../FlashProject_bsp/\libhal_bsp.a(alt_irq_register.o)
 .data          0x00813fbc        0x0 ../FlashProject_bsp/\libhal_bsp.a(alt_irq_vars.o)
 .data          0x00813fbc        0x0 ../FlashProject_bsp/\libhal_bsp.a(alt_isatty.o)
 .data          0x00813fbc        0x0 ../FlashProject_bsp/\libhal_bsp.a(alt_lseek.o)
 .data          0x00813fbc        0x0 ../FlashProject_bsp/\libhal_bsp.a(alt_main.o)
 .data          0x00813fbc        0x0 ../FlashProject_bsp/\libhal_bsp.a(alt_malloc_lock.o)
 .data          0x00813fbc        0x0 ../FlashProject_bsp/\libhal_bsp.a(alt_printf.o)
 .data          0x00813fbc        0x0 ../FlashProject_bsp/\libhal_bsp.a(alt_putchar.o)
 .data          0x00813fbc        0x0 ../FlashProject_bsp/\libhal_bsp.a(alt_read.o)
 .data          0x00813fbc        0x0 ../FlashProject_bsp/\libhal_bsp.a(alt_release_fd.o)
 .data          0x00813fbc        0x0 ../FlashProject_bsp/\libhal_bsp.a(alt_sbrk.o)
 .data          0x00813fbc        0x0 ../FlashProject_bsp/\libhal_bsp.a(alt_usleep.o)
 .data          0x00813fbc        0x0 ../FlashProject_bsp/\libhal_bsp.a(alt_write.o)
 .data          0x00813fbc     0x10c0 ../FlashProject_bsp/\libhal_bsp.a(alt_sys_init.o)
 .data          0x0081507c        0x0 ../FlashProject_bsp/\libhal_bsp.a(altera_avalon_jtag_uart_fd.o)
 .data          0x0081507c        0x0 ../FlashProject_bsp/\libhal_bsp.a(altera_avalon_jtag_uart_init.o)
 .data          0x0081507c        0x0 ../FlashProject_bsp/\libhal_bsp.a(altera_avalon_jtag_uart_ioctl.o)
 .data          0x0081507c        0x0 ../FlashProject_bsp/\libhal_bsp.a(altera_avalon_jtag_uart_read.o)
 .data          0x0081507c        0x0 ../FlashProject_bsp/\libhal_bsp.a(altera_avalon_jtag_uart_write.o)
 .data          0x0081507c        0x0 ../FlashProject_bsp/\libhal_bsp.a(altera_avalon_timer_sc.o)
 .data          0x0081507c        0x0 ../FlashProject_bsp/\libhal_bsp.a(altera_up_avalon_rs232.o)
 .data          0x0081507c        0x0 ../FlashProject_bsp/\libhal_bsp.a(alt_alarm_start.o)
 .data          0x0081507c        0x0 ../FlashProject_bsp/\libhal_bsp.a(alt_busy_sleep.o)
 .data          0x0081507c        0x0 ../FlashProject_bsp/\libhal_bsp.a(alt_dev_llist_insert.o)
 .data          0x0081507c        0x0 ../FlashProject_bsp/\libhal_bsp.a(alt_do_ctors.o)
 .data          0x0081507c        0x0 ../FlashProject_bsp/\libhal_bsp.a(alt_do_dtors.o)
 .data          0x0081507c        0x0 ../FlashProject_bsp/\libhal_bsp.a(alt_find_dev.o)
 .data          0x0081507c        0x0 ../FlashProject_bsp/\libhal_bsp.a(alt_io_redirect.o)
 .data          0x0081507c        0x0 ../FlashProject_bsp/\libhal_bsp.a(alt_irq_entry.o)
 .data          0x0081507c        0x0 ../FlashProject_bsp/\libhal_bsp.a(alt_irq_handler.o)
 .data          0x0081507c        0x0 ../FlashProject_bsp/\libhal_bsp.a(alt_open.o)
 .data          0x0081507c        0x0 ../FlashProject_bsp/\libhal_bsp.a(alt_tick.o)
 .data          0x0081507c        0x0 ../FlashProject_bsp/\libhal_bsp.a(altera_nios2_qsys_irq.o)
 .data          0x0081507c        0x0 ../FlashProject_bsp/\libhal_bsp.a(alt_exception_entry.o)
 .data          0x0081507c        0x0 ../FlashProject_bsp/\libhal_bsp.a(alt_find_file.o)
 .data          0x0081507c        0x0 ../FlashProject_bsp/\libhal_bsp.a(alt_get_fd.o)
 .data          0x0081507c        0x0 c:/altera/13.0sp1/nios2eds/bin/gnu/h-i686-mingw32/bin/../lib/gcc/nios2-elf/4.1.2/../../../../nios2-elf/lib/mno-hw-mul\libc.a(lib_a-atexit.o)
 .data          0x0081507c        0x0 c:/altera/13.0sp1/nios2eds/bin/gnu/h-i686-mingw32/bin/../lib/gcc/nios2-elf/4.1.2/../../../../nios2-elf/lib/mno-hw-mul\libc.a(lib_a-exit.o)
 .data          0x0081507c        0x0 c:/altera/13.0sp1/nios2eds/bin/gnu/h-i686-mingw32/bin/../lib/gcc/nios2-elf/4.1.2/../../../../nios2-elf/lib/mno-hw-mul\libc.a(lib_a-memcmp.o)
 .data          0x0081507c        0x0 c:/altera/13.0sp1/nios2eds/bin/gnu/h-i686-mingw32/bin/../lib/gcc/nios2-elf/4.1.2/../../../../nios2-elf/lib/mno-hw-mul\libc.a(lib_a-__atexit.o)
 .data          0x0081507c        0x0 c:/altera/13.0sp1/nios2eds/bin/gnu/h-i686-mingw32/bin/../lib/gcc/nios2-elf/4.1.2/../../../../nios2-elf/lib/mno-hw-mul\libc.a(lib_a-__call_atexit.o)
 .data          0x0081507c        0x0 ../FlashProject_bsp/\libhal_bsp.a(alt_exit.o)
                0x0081d07c                _gp = ABSOLUTE ((. + 0x8000))
                0x0081d07c                PROVIDE (gp, _gp)
 *(.rwdata .rwdata.*)
 *(.sdata .sdata.* .gnu.linkonce.s.*)
 .sdata         0x0081507c        0x4 obj/default/CHAP_9.o
                0x0081507c                strLanguage
 .sdata         0x00815080        0x8 obj/default/MAINLOOP.o
                0x00815080                _NAME_USB_REQUEST_DIRECTION
 .sdata         0x00815088        0x1 obj/default/usb_irq.o
                0x00815088                INT_Enabled
 *fill*         0x00815089        0x3 00
 .sdata         0x0081508c        0x4 c:/altera/13.0sp1/nios2eds/bin/gnu/h-i686-mingw32/bin/../lib/gcc/nios2-elf/4.1.2/../../../../nios2-elf/lib/mno-hw-mul\libc.a(lib_a-ctype_.o)
                0x0081508c                __ctype_ptr
 .sdata         0x00815090        0x8 c:/altera/13.0sp1/nios2eds/bin/gnu/h-i686-mingw32/bin/../lib/gcc/nios2-elf/4.1.2/../../../../nios2-elf/lib/mno-hw-mul\libc.a(lib_a-impure.o)
                0x00815090                _impure_ptr
                0x00815094                _global_impure_ptr
 .sdata         0x00815098        0x8 c:/altera/13.0sp1/nios2eds/bin/gnu/h-i686-mingw32/bin/../lib/gcc/nios2-elf/4.1.2/../../../../nios2-elf/lib/mno-hw-mul\libc.a(lib_a-locale.o)
                0x00815098                __mb_cur_max
 .sdata         0x008150a0        0x8 c:/altera/13.0sp1/nios2eds/bin/gnu/h-i686-mingw32/bin/../lib/gcc/nios2-elf/4.1.2/../../../../nios2-elf/lib/mno-hw-mul\libc.a(lib_a-mallocr.o)
                0x008150a0                __malloc_trim_threshold
                0x008150a4                __malloc_sbrk_base
 .sdata         0x008150a8       0x14 ../FlashProject_bsp/\libhal_bsp.a(alt_dev.o)
                0x008150a8                alt_fs_list
                0x008150b0                alt_dev_list
                0x008150b8                alt_max_fd
 .sdata         0x008150bc        0x4 ../FlashProject_bsp/\libhal_bsp.a(alt_errno.o)
                0x008150bc                alt_errno
 .sdata         0x008150c0        0x4 ../FlashProject_bsp/\libhal_bsp.a(alt_irq_vars.o)
                0x008150c0                alt_priority_mask
 .sdata         0x008150c4        0x4 ../FlashProject_bsp/\libhal_bsp.a(alt_sbrk.o)
 .sdata         0x008150c8        0x8 ../FlashProject_bsp/\libhal_bsp.a(alt_tick.o)
                0x008150c8                alt_alarm_list
 *(.sdata2 .sdata2.* .gnu.linkonce.s2.*)
                0x008150d0                . = ALIGN (0x4)
                0x008150d0                _edata = ABSOLUTE (.)
                0x008150d0                PROVIDE (edata, ABSOLUTE (.))
                0x008150d0                PROVIDE (__ram_rwdata_end, ABSOLUTE (.))
                0x008132f8                PROVIDE (__flash_rwdata_start, LOADADDR (.rwdata))

.bss            0x008150d0      0x340
                0x008150d0                __bss_start = ABSOLUTE (.)
                0x008150d0                PROVIDE (__sbss_start, ABSOLUTE (.))
                0x008150d0                PROVIDE (___sbss_start, ABSOLUTE (.))
 *(.dynsbss)
 *(.sbss .sbss.* .gnu.linkonce.sb.*)
 .sbss          0x008150d0        0x1 obj/default/CHAP_9.o
                0x008150d0                ALTERNATIVE_SETTING
 *fill*         0x008150d1        0x3 00
 .sbss          0x008150d4       0x27 obj/default/IntegratedMain.o
                0x008150d4                bD13flags
                0x008150d8                clk_rate
                0x008150dc                new_report
                0x008150e4                ioRequest
                0x008150ec                clk_ticks
                0x008150f0                hid_settings
                0x008150f8                bUSBCheck_Device_State
 *fill*         0x008150fb        0x1 00
 .sbss          0x008150fc        0x4 obj/default/usb_irq.o
                0x008150fc                status
 .sbss          0x00815100        0xc c:/altera/13.0sp1/nios2eds/bin/gnu/h-i686-mingw32/bin/../lib/gcc/nios2-elf/4.1.2/../../../../nios2-elf/lib/mno-hw-mul\libc.a(lib_a-locale.o)
                0x00815100                __nlocale_changed
                0x00815104                __mlocale_changed
                0x00815108                _PathLocale
 .sbss          0x0081510c        0xc c:/altera/13.0sp1/nios2eds/bin/gnu/h-i686-mingw32/bin/../lib/gcc/nios2-elf/4.1.2/../../../../nios2-elf/lib/mno-hw-mul\libc.a(lib_a-mallocr.o)
                0x0081510c                __malloc_top_pad
                0x00815110                __malloc_max_sbrked_mem
                0x00815114                __malloc_max_total_mem
 .sbss          0x00815118        0x4 c:/altera/13.0sp1/nios2eds/bin/gnu/h-i686-mingw32/bin/../lib/gcc/nios2-elf/4.1.2/../../../../nios2-elf/lib/mno-hw-mul\libc.a(lib_a-int_errno.o)
                0x00815118                errno
 .sbss          0x0081511c        0x4 ../FlashProject_bsp/\libhal_bsp.a(alt_irq_vars.o)
                0x0081511c                alt_irq_active
 .sbss          0x00815120        0xc ../FlashProject_bsp/\libhal_bsp.a(alt_main.o)
                0x00815120                alt_argc
                0x00815124                alt_argv
                0x00815128                alt_envp
 .sbss          0x0081512c        0x8 ../FlashProject_bsp/\libhal_bsp.a(alt_tick.o)
                0x0081512c                _alt_tick_rate
                0x00815130                _alt_nticks
 *(.sbss2 .sbss2.* .gnu.linkonce.sb2.*)
 *(.scommon)
                0x00815134                PROVIDE (__sbss_end, ABSOLUTE (.))
                0x00815134                PROVIDE (___sbss_end, ABSOLUTE (.))
 *(.dynbss)
 *(.bss .bss.* .gnu.linkonce.b.*)
 .bss           0x00815134        0x0 ../FlashProject_bsp//obj/HAL/src/crt0.o
 .bss           0x00815134        0x0 obj/default/CHAP_9.o
 .bss           0x00815134        0x0 obj/default/D13BUS.o
 .bss           0x00815134        0x0 obj/default/HAL4D13.o
 .bss           0x00815134        0x0 obj/default/HID.o
 .bss           0x00815134        0x0 obj/default/ISR.o
 .bss           0x00815134        0x0 obj/default/IntegratedMain.o
 .bss           0x00815134        0x0 obj/default/MAINLOOP.o
 .bss           0x00815134        0x0 obj/default/hello_world.o
 .bss           0x00815134        0x0 obj/default/usb_irq.o
 .bss           0x00815134        0x0 c:/altera/13.0sp1/nios2eds/bin/gnu/h-i686-mingw32/bin/../lib/gcc/nios2-elf/4.1.2/mno-hw-mul\libgcc.a(_addsub_df.o)
 .bss           0x00815134        0x0 c:/altera/13.0sp1/nios2eds/bin/gnu/h-i686-mingw32/bin/../lib/gcc/nios2-elf/4.1.2/mno-hw-mul\libgcc.a(_si_to_df.o)
 .bss           0x00815134        0x0 c:/altera/13.0sp1/nios2eds/bin/gnu/h-i686-mingw32/bin/../lib/gcc/nios2-elf/4.1.2/mno-hw-mul\libgcc.a(_df_to_si.o)
 .bss           0x00815134        0x0 c:/altera/13.0sp1/nios2eds/bin/gnu/h-i686-mingw32/bin/../lib/gcc/nios2-elf/4.1.2/mno-hw-mul\libgcc.a(_thenan_df.o)
 .bss           0x00815134        0x0 c:/altera/13.0sp1/nios2eds/bin/gnu/h-i686-mingw32/bin/../lib/gcc/nios2-elf/4.1.2/mno-hw-mul\libgcc.a(lib2-divmod.o)
 .bss           0x00815134        0x0 c:/altera/13.0sp1/nios2eds/bin/gnu/h-i686-mingw32/bin/../lib/gcc/nios2-elf/4.1.2/mno-hw-mul\libgcc.a(_clzsi2.o)
 .bss           0x00815134        0x0 c:/altera/13.0sp1/nios2eds/bin/gnu/h-i686-mingw32/bin/../lib/gcc/nios2-elf/4.1.2/mno-hw-mul\libgcc.a(_pack_df.o)
 .bss           0x00815134        0x0 c:/altera/13.0sp1/nios2eds/bin/gnu/h-i686-mingw32/bin/../lib/gcc/nios2-elf/4.1.2/mno-hw-mul\libgcc.a(_unpack_df.o)
 .bss           0x00815134        0x0 c:/altera/13.0sp1/nios2eds/bin/gnu/h-i686-mingw32/bin/../lib/gcc/nios2-elf/4.1.2/mno-hw-mul\libgcc.a(_clz.o)
 .bss           0x00815134        0x0 c:/altera/13.0sp1/nios2eds/bin/gnu/h-i686-mingw32/bin/../lib/gcc/nios2-elf/4.1.2/../../../../nios2-elf/lib/mno-hw-mul\libc.a(lib_a-atoi.o)
 .bss           0x00815134        0x0 c:/altera/13.0sp1/nios2eds/bin/gnu/h-i686-mingw32/bin/../lib/gcc/nios2-elf/4.1.2/../../../../nios2-elf/lib/mno-hw-mul\libc.a(lib_a-memcpy.o)
 .bss           0x00815134        0x0 c:/altera/13.0sp1/nios2eds/bin/gnu/h-i686-mingw32/bin/../lib/gcc/nios2-elf/4.1.2/../../../../nios2-elf/lib/mno-hw-mul\libc.a(lib_a-printf.o)
 .bss           0x00815134        0x0 c:/altera/13.0sp1/nios2eds/bin/gnu/h-i686-mingw32/bin/../lib/gcc/nios2-elf/4.1.2/../../../../nios2-elf/lib/mno-hw-mul\libc.a(lib_a-putchar.o)
 .bss           0x00815134        0x0 c:/altera/13.0sp1/nios2eds/bin/gnu/h-i686-mingw32/bin/../lib/gcc/nios2-elf/4.1.2/../../../../nios2-elf/lib/mno-hw-mul\libc.a(lib_a-puts.o)
 .bss           0x00815134        0x0 c:/altera/13.0sp1/nios2eds/bin/gnu/h-i686-mingw32/bin/../lib/gcc/nios2-elf/4.1.2/../../../../nios2-elf/lib/mno-hw-mul\libc.a(lib_a-strlen.o)
 .bss           0x00815134        0x0 c:/altera/13.0sp1/nios2eds/bin/gnu/h-i686-mingw32/bin/../lib/gcc/nios2-elf/4.1.2/../../../../nios2-elf/lib/mno-hw-mul\libc.a(lib_a-strtol.o)
 .bss           0x00815134        0x0 c:/altera/13.0sp1/nios2eds/bin/gnu/h-i686-mingw32/bin/../lib/gcc/nios2-elf/4.1.2/../../../../nios2-elf/lib/mno-hw-mul\libc.a(lib_a-vfprintf.o)
 .bss           0x00815134        0x0 c:/altera/13.0sp1/nios2eds/bin/gnu/h-i686-mingw32/bin/../lib/gcc/nios2-elf/4.1.2/../../../../nios2-elf/lib/mno-hw-mul\libc.a(lib_a-wsetup.o)
 .bss           0x00815134        0x0 c:/altera/13.0sp1/nios2eds/bin/gnu/h-i686-mingw32/bin/../lib/gcc/nios2-elf/4.1.2/../../../../nios2-elf/lib/mno-hw-mul\libc.a(lib_a-ctype_.o)
 .bss           0x00815134        0x0 c:/altera/13.0sp1/nios2eds/bin/gnu/h-i686-mingw32/bin/../lib/gcc/nios2-elf/4.1.2/../../../../nios2-elf/lib/mno-hw-mul\libc.a(lib_a-dtoa.o)
 .bss           0x00815134        0x0 c:/altera/13.0sp1/nios2eds/bin/gnu/h-i686-mingw32/bin/../lib/gcc/nios2-elf/4.1.2/../../../../nios2-elf/lib/mno-hw-mul\libc.a(lib_a-fflush.o)
 .bss           0x00815134        0x0 c:/altera/13.0sp1/nios2eds/bin/gnu/h-i686-mingw32/bin/../lib/gcc/nios2-elf/4.1.2/../../../../nios2-elf/lib/mno-hw-mul\libc.a(lib_a-findfp.o)
 .bss           0x00815134        0x0 c:/altera/13.0sp1/nios2eds/bin/gnu/h-i686-mingw32/bin/../lib/gcc/nios2-elf/4.1.2/../../../../nios2-elf/lib/mno-hw-mul\libc.a(lib_a-freer.o)
 .bss           0x00815134        0x0 c:/altera/13.0sp1/nios2eds/bin/gnu/h-i686-mingw32/bin/../lib/gcc/nios2-elf/4.1.2/../../../../nios2-elf/lib/mno-hw-mul\libc.a(lib_a-fvwrite.o)
 .bss           0x00815134        0x0 c:/altera/13.0sp1/nios2eds/bin/gnu/h-i686-mingw32/bin/../lib/gcc/nios2-elf/4.1.2/../../../../nios2-elf/lib/mno-hw-mul\libc.a(lib_a-fwalk.o)
 .bss           0x00815134        0x0 c:/altera/13.0sp1/nios2eds/bin/gnu/h-i686-mingw32/bin/../lib/gcc/nios2-elf/4.1.2/../../../../nios2-elf/lib/mno-hw-mul\libc.a(lib_a-impure.o)
 .bss           0x00815134        0x0 c:/altera/13.0sp1/nios2eds/bin/gnu/h-i686-mingw32/bin/../lib/gcc/nios2-elf/4.1.2/../../../../nios2-elf/lib/mno-hw-mul\libc.a(lib_a-locale.o)
 .bss           0x00815134        0x0 c:/altera/13.0sp1/nios2eds/bin/gnu/h-i686-mingw32/bin/../lib/gcc/nios2-elf/4.1.2/../../../../nios2-elf/lib/mno-hw-mul\libc.a(lib_a-makebuf.o)
 .bss           0x00815134       0x28 c:/altera/13.0sp1/nios2eds/bin/gnu/h-i686-mingw32/bin/../lib/gcc/nios2-elf/4.1.2/../../../../nios2-elf/lib/mno-hw-mul\libc.a(lib_a-mallocr.o)
                0x00815134                __malloc_current_mallinfo
 .bss           0x0081515c        0x0 c:/altera/13.0sp1/nios2eds/bin/gnu/h-i686-mingw32/bin/../lib/gcc/nios2-elf/4.1.2/../../../../nios2-elf/lib/mno-hw-mul\libc.a(lib_a-memchr.o)
 .bss           0x0081515c        0x0 c:/altera/13.0sp1/nios2eds/bin/gnu/h-i686-mingw32/bin/../lib/gcc/nios2-elf/4.1.2/../../../../nios2-elf/lib/mno-hw-mul\libc.a(lib_a-memmove.o)
 .bss           0x0081515c        0x0 c:/altera/13.0sp1/nios2eds/bin/gnu/h-i686-mingw32/bin/../lib/gcc/nios2-elf/4.1.2/../../../../nios2-elf/lib/mno-hw-mul\libc.a(lib_a-memset.o)
 .bss           0x0081515c        0x0 c:/altera/13.0sp1/nios2eds/bin/gnu/h-i686-mingw32/bin/../lib/gcc/nios2-elf/4.1.2/../../../../nios2-elf/lib/mno-hw-mul\libc.a(lib_a-mprec.o)
 .bss           0x0081515c        0x0 c:/altera/13.0sp1/nios2eds/bin/gnu/h-i686-mingw32/bin/../lib/gcc/nios2-elf/4.1.2/../../../../nios2-elf/lib/mno-hw-mul\libc.a(lib_a-putc.o)
 .bss           0x0081515c        0x0 c:/altera/13.0sp1/nios2eds/bin/gnu/h-i686-mingw32/bin/../lib/gcc/nios2-elf/4.1.2/../../../../nios2-elf/lib/mno-hw-mul\libc.a(lib_a-reallocr.o)
 .bss           0x0081515c        0x0 c:/altera/13.0sp1/nios2eds/bin/gnu/h-i686-mingw32/bin/../lib/gcc/nios2-elf/4.1.2/../../../../nios2-elf/lib/mno-hw-mul\libc.a(lib_a-s_isinfd.o)
 .bss           0x0081515c        0x0 c:/altera/13.0sp1/nios2eds/bin/gnu/h-i686-mingw32/bin/../lib/gcc/nios2-elf/4.1.2/../../../../nios2-elf/lib/mno-hw-mul\libc.a(lib_a-s_isnand.o)
 .bss           0x0081515c        0x0 c:/altera/13.0sp1/nios2eds/bin/gnu/h-i686-mingw32/bin/../lib/gcc/nios2-elf/4.1.2/../../../../nios2-elf/lib/mno-hw-mul\libc.a(lib_a-sbrkr.o)
 .bss           0x0081515c        0x0 c:/altera/13.0sp1/nios2eds/bin/gnu/h-i686-mingw32/bin/../lib/gcc/nios2-elf/4.1.2/../../../../nios2-elf/lib/mno-hw-mul\libc.a(lib_a-stdio.o)
 .bss           0x0081515c        0x0 c:/altera/13.0sp1/nios2eds/bin/gnu/h-i686-mingw32/bin/../lib/gcc/nios2-elf/4.1.2/../../../../nios2-elf/lib/mno-hw-mul\libc.a(lib_a-strcmp.o)
 .bss           0x0081515c        0x0 c:/altera/13.0sp1/nios2eds/bin/gnu/h-i686-mingw32/bin/../lib/gcc/nios2-elf/4.1.2/../../../../nios2-elf/lib/mno-hw-mul\libc.a(lib_a-wbuf.o)
 .bss           0x0081515c        0x0 c:/altera/13.0sp1/nios2eds/bin/gnu/h-i686-mingw32/bin/../lib/gcc/nios2-elf/4.1.2/../../../../nios2-elf/lib/mno-hw-mul\libc.a(lib_a-writer.o)
 .bss           0x0081515c        0x0 c:/altera/13.0sp1/nios2eds/bin/gnu/h-i686-mingw32/bin/../lib/gcc/nios2-elf/4.1.2/../../../../nios2-elf/lib/mno-hw-mul\libc.a(lib_a-callocr.o)
 .bss           0x0081515c        0x0 c:/altera/13.0sp1/nios2eds/bin/gnu/h-i686-mingw32/bin/../lib/gcc/nios2-elf/4.1.2/../../../../nios2-elf/lib/mno-hw-mul\libc.a(lib_a-closer.o)
 .bss           0x0081515c        0x0 c:/altera/13.0sp1/nios2eds/bin/gnu/h-i686-mingw32/bin/../lib/gcc/nios2-elf/4.1.2/../../../../nios2-elf/lib/mno-hw-mul\libc.a(lib_a-fclose.o)
 .bss           0x0081515c        0x0 c:/altera/13.0sp1/nios2eds/bin/gnu/h-i686-mingw32/bin/../lib/gcc/nios2-elf/4.1.2/../../../../nios2-elf/lib/mno-hw-mul\libc.a(lib_a-fstatr.o)
 .bss           0x0081515c        0x0 c:/altera/13.0sp1/nios2eds/bin/gnu/h-i686-mingw32/bin/../lib/gcc/nios2-elf/4.1.2/../../../../nios2-elf/lib/mno-hw-mul\libc.a(lib_a-int_errno.o)
 .bss           0x0081515c        0x0 c:/altera/13.0sp1/nios2eds/bin/gnu/h-i686-mingw32/bin/../lib/gcc/nios2-elf/4.1.2/../../../../nios2-elf/lib/mno-hw-mul\libc.a(lib_a-isattyr.o)
 .bss           0x0081515c        0x0 c:/altera/13.0sp1/nios2eds/bin/gnu/h-i686-mingw32/bin/../lib/gcc/nios2-elf/4.1.2/../../../../nios2-elf/lib/mno-hw-mul\libc.a(lib_a-lseekr.o)
 .bss           0x0081515c        0x0 c:/altera/13.0sp1/nios2eds/bin/gnu/h-i686-mingw32/bin/../lib/gcc/nios2-elf/4.1.2/../../../../nios2-elf/lib/mno-hw-mul\libc.a(lib_a-readr.o)
 .bss           0x0081515c        0x0 c:/altera/13.0sp1/nios2eds/bin/gnu/h-i686-mingw32/bin/../lib/gcc/nios2-elf/4.1.2/mno-hw-mul\libgcc.a(_udivdi3.o)
 .bss           0x0081515c        0x0 c:/altera/13.0sp1/nios2eds/bin/gnu/h-i686-mingw32/bin/../lib/gcc/nios2-elf/4.1.2/mno-hw-mul\libgcc.a(_umoddi3.o)
 .bss           0x0081515c        0x0 c:/altera/13.0sp1/nios2eds/bin/gnu/h-i686-mingw32/bin/../lib/gcc/nios2-elf/4.1.2/mno-hw-mul\libgcc.a(_mul_df.o)
 .bss           0x0081515c        0x0 c:/altera/13.0sp1/nios2eds/bin/gnu/h-i686-mingw32/bin/../lib/gcc/nios2-elf/4.1.2/mno-hw-mul\libgcc.a(_div_df.o)
 .bss           0x0081515c        0x0 c:/altera/13.0sp1/nios2eds/bin/gnu/h-i686-mingw32/bin/../lib/gcc/nios2-elf/4.1.2/mno-hw-mul\libgcc.a(_eq_df.o)
 .bss           0x0081515c        0x0 c:/altera/13.0sp1/nios2eds/bin/gnu/h-i686-mingw32/bin/../lib/gcc/nios2-elf/4.1.2/mno-hw-mul\libgcc.a(_ne_df.o)
 .bss           0x0081515c        0x0 c:/altera/13.0sp1/nios2eds/bin/gnu/h-i686-mingw32/bin/../lib/gcc/nios2-elf/4.1.2/mno-hw-mul\libgcc.a(_gt_df.o)
 .bss           0x0081515c        0x0 c:/altera/13.0sp1/nios2eds/bin/gnu/h-i686-mingw32/bin/../lib/gcc/nios2-elf/4.1.2/mno-hw-mul\libgcc.a(_ge_df.o)
 .bss           0x0081515c        0x0 c:/altera/13.0sp1/nios2eds/bin/gnu/h-i686-mingw32/bin/../lib/gcc/nios2-elf/4.1.2/mno-hw-mul\libgcc.a(_lt_df.o)
 .bss           0x0081515c        0x0 c:/altera/13.0sp1/nios2eds/bin/gnu/h-i686-mingw32/bin/../lib/gcc/nios2-elf/4.1.2/mno-hw-mul\libgcc.a(_usi_to_df.o)
 .bss           0x0081515c        0x0 c:/altera/13.0sp1/nios2eds/bin/gnu/h-i686-mingw32/bin/../lib/gcc/nios2-elf/4.1.2/mno-hw-mul\libgcc.a(lib2-mul.o)
 .bss           0x0081515c        0x0 c:/altera/13.0sp1/nios2eds/bin/gnu/h-i686-mingw32/bin/../lib/gcc/nios2-elf/4.1.2/mno-hw-mul\libgcc.a(_muldi3.o)
 .bss           0x0081515c        0x0 c:/altera/13.0sp1/nios2eds/bin/gnu/h-i686-mingw32/bin/../lib/gcc/nios2-elf/4.1.2/mno-hw-mul\libgcc.a(_fpcmp_parts_df.o)
 .bss           0x0081515c        0x0 ../FlashProject_bsp/\libhal_bsp.a(alt_close.o)
 .bss           0x0081515c        0x0 ../FlashProject_bsp/\libhal_bsp.a(alt_dev.o)
 .bss           0x0081515c        0x0 ../FlashProject_bsp/\libhal_bsp.a(alt_errno.o)
 .bss           0x0081515c        0x0 ../FlashProject_bsp/\libhal_bsp.a(alt_fstat.o)
 .bss           0x0081515c        0x0 ../FlashProject_bsp/\libhal_bsp.a(alt_irq_register.o)
 .bss           0x0081515c        0x0 ../FlashProject_bsp/\libhal_bsp.a(alt_irq_vars.o)
 .bss           0x0081515c        0x0 ../FlashProject_bsp/\libhal_bsp.a(alt_isatty.o)
 .bss           0x0081515c        0x0 ../FlashProject_bsp/\libhal_bsp.a(alt_lseek.o)
 .bss           0x0081515c        0x0 ../FlashProject_bsp/\libhal_bsp.a(alt_main.o)
 .bss           0x0081515c        0x0 ../FlashProject_bsp/\libhal_bsp.a(alt_malloc_lock.o)
 .bss           0x0081515c        0x0 ../FlashProject_bsp/\libhal_bsp.a(alt_printf.o)
 .bss           0x0081515c        0x0 ../FlashProject_bsp/\libhal_bsp.a(alt_putchar.o)
 .bss           0x0081515c        0x0 ../FlashProject_bsp/\libhal_bsp.a(alt_read.o)
 .bss           0x0081515c        0x0 ../FlashProject_bsp/\libhal_bsp.a(alt_release_fd.o)
 .bss           0x0081515c        0x0 ../FlashProject_bsp/\libhal_bsp.a(alt_sbrk.o)
 .bss           0x0081515c        0x0 ../FlashProject_bsp/\libhal_bsp.a(alt_usleep.o)
 .bss           0x0081515c        0x0 ../FlashProject_bsp/\libhal_bsp.a(alt_write.o)
 .bss           0x0081515c        0x0 ../FlashProject_bsp/\libhal_bsp.a(alt_sys_init.o)
 .bss           0x0081515c        0x0 ../FlashProject_bsp/\libhal_bsp.a(altera_avalon_jtag_uart_fd.o)
 .bss           0x0081515c        0x0 ../FlashProject_bsp/\libhal_bsp.a(altera_avalon_jtag_uart_init.o)
 .bss           0x0081515c        0x0 ../FlashProject_bsp/\libhal_bsp.a(altera_avalon_jtag_uart_ioctl.o)
 .bss           0x0081515c        0x0 ../FlashProject_bsp/\libhal_bsp.a(altera_avalon_jtag_uart_read.o)
 .bss           0x0081515c        0x0 ../FlashProject_bsp/\libhal_bsp.a(altera_avalon_jtag_uart_write.o)
 .bss           0x0081515c        0x0 ../FlashProject_bsp/\libhal_bsp.a(altera_avalon_timer_sc.o)
 .bss           0x0081515c        0x0 ../FlashProject_bsp/\libhal_bsp.a(altera_up_avalon_rs232.o)
 .bss           0x0081515c        0x0 ../FlashProject_bsp/\libhal_bsp.a(alt_alarm_start.o)
 .bss           0x0081515c        0x0 ../FlashProject_bsp/\libhal_bsp.a(alt_busy_sleep.o)
 .bss           0x0081515c        0x0 ../FlashProject_bsp/\libhal_bsp.a(alt_dev_llist_insert.o)
 .bss           0x0081515c        0x0 ../FlashProject_bsp/\libhal_bsp.a(alt_do_ctors.o)
 .bss           0x0081515c        0x0 ../FlashProject_bsp/\libhal_bsp.a(alt_do_dtors.o)
 .bss           0x0081515c        0x0 ../FlashProject_bsp/\libhal_bsp.a(alt_find_dev.o)
 .bss           0x0081515c        0x0 ../FlashProject_bsp/\libhal_bsp.a(alt_io_redirect.o)
 .bss           0x0081515c        0x0 ../FlashProject_bsp/\libhal_bsp.a(alt_irq_entry.o)
 .bss           0x0081515c        0x0 ../FlashProject_bsp/\libhal_bsp.a(alt_irq_handler.o)
 .bss           0x0081515c        0x0 ../FlashProject_bsp/\libhal_bsp.a(alt_open.o)
 .bss           0x0081515c        0x0 ../FlashProject_bsp/\libhal_bsp.a(alt_tick.o)
 .bss           0x0081515c        0x0 ../FlashProject_bsp/\libhal_bsp.a(altera_nios2_qsys_irq.o)
 .bss           0x0081515c        0x0 ../FlashProject_bsp/\libhal_bsp.a(alt_exception_entry.o)
 .bss           0x0081515c        0x0 ../FlashProject_bsp/\libhal_bsp.a(alt_find_file.o)
 .bss           0x0081515c        0x0 ../FlashProject_bsp/\libhal_bsp.a(alt_get_fd.o)
 .bss           0x0081515c        0x0 c:/altera/13.0sp1/nios2eds/bin/gnu/h-i686-mingw32/bin/../lib/gcc/nios2-elf/4.1.2/../../../../nios2-elf/lib/mno-hw-mul\libc.a(lib_a-atexit.o)
 .bss           0x0081515c        0x0 c:/altera/13.0sp1/nios2eds/bin/gnu/h-i686-mingw32/bin/../lib/gcc/nios2-elf/4.1.2/../../../../nios2-elf/lib/mno-hw-mul\libc.a(lib_a-exit.o)
 .bss           0x0081515c        0x0 c:/altera/13.0sp1/nios2eds/bin/gnu/h-i686-mingw32/bin/../lib/gcc/nios2-elf/4.1.2/../../../../nios2-elf/lib/mno-hw-mul\libc.a(lib_a-memcmp.o)
 .bss           0x0081515c        0x0 c:/altera/13.0sp1/nios2eds/bin/gnu/h-i686-mingw32/bin/../lib/gcc/nios2-elf/4.1.2/../../../../nios2-elf/lib/mno-hw-mul\libc.a(lib_a-__atexit.o)
 .bss           0x0081515c        0x0 c:/altera/13.0sp1/nios2eds/bin/gnu/h-i686-mingw32/bin/../lib/gcc/nios2-elf/4.1.2/../../../../nios2-elf/lib/mno-hw-mul\libc.a(lib_a-__call_atexit.o)
 .bss           0x0081515c        0x0 ../FlashProject_bsp/\libhal_bsp.a(alt_exit.o)
 *(COMMON)
 COMMON         0x0081515c       0x24 obj/default/IntegratedMain.o
                0x0081515c                ControlData
 COMMON         0x00815180      0x100 ../FlashProject_bsp/\libhal_bsp.a(alt_irq_handler.o)
                0x00815180                alt_irq
 COMMON         0x00815280      0x190 c:/altera/13.0sp1/nios2eds/bin/gnu/h-i686-mingw32/bin/../lib/gcc/nios2-elf/4.1.2/../../../../nios2-elf/lib/mno-hw-mul\libc.a(lib_a-atexit.o)
                0x00815280                _atexit0
                0x00815410                . = ALIGN (0x4)
                0x00815410                __bss_end = ABSOLUTE (.)

.sdram_0        0x00815410        0x0
                0x00815410                PROVIDE (_alt_partition_sdram_0_start, ABSOLUTE (.))
 *(.sdram_0. sdram_0.*)
                0x00815410                . = ALIGN (0x4)
                0x00815410                PROVIDE (_alt_partition_sdram_0_end, ABSOLUTE (.))
                0x00815410                _end = ABSOLUTE (.)
                0x00815410                end = ABSOLUTE (.)
                0x00815410                __alt_stack_base = ABSOLUTE (.)
                0x00815410                PROVIDE (_alt_partition_sdram_0_load_addr, LOADADDR (.sdram_0))

.generic_tristate_controller_0
                0x01400020        0x0
                0x01400020                PROVIDE (_alt_partition_generic_tristate_controller_0_start, ABSOLUTE (.))
 *(.generic_tristate_controller_0. generic_tristate_controller_0.*)
                0x01400020                . = ALIGN (0x4)
                0x01400020                PROVIDE (_alt_partition_generic_tristate_controller_0_end, ABSOLUTE (.))
                0x01400020                PROVIDE (_alt_partition_generic_tristate_controller_0_load_addr, LOADADDR (.generic_tristate_controller_0))

.sram_0         0x01880000        0x0
                0x01880000                PROVIDE (_alt_partition_sram_0_start, ABSOLUTE (.))
 *(.sram_0. sram_0.*)
                0x01880000                . = ALIGN (0x4)
                0x01880000                PROVIDE (_alt_partition_sram_0_end, ABSOLUTE (.))
                0x01880000                PROVIDE (_alt_partition_sram_0_load_addr, LOADADDR (.sram_0))

.onchip_memory2_0
                0x019041b8        0x0
                0x019041b8                PROVIDE (_alt_partition_onchip_memory2_0_start, ABSOLUTE (.))
 *(.onchip_memory2_0. onchip_memory2_0.*)
                0x019041b8                . = ALIGN (0x4)
                0x019041b8                PROVIDE (_alt_partition_onchip_memory2_0_end, ABSOLUTE (.))
                0x019041b8                PROVIDE (_alt_partition_onchip_memory2_0_load_addr, LOADADDR (.onchip_memory2_0))

.stab
 *(.stab)

.stabstr
 *(.stabstr)

.stab.excl
 *(.stab.excl)

.stab.exclstr
 *(.stab.exclstr)

.stab.index
 *(.stab.index)

.stab.indexstr
 *(.stab.indexstr)

.comment        0x00000000       0x26
 *(.comment)
 .comment       0x00000000       0x26 obj/default/CHAP_9.o
                                 0x27 (size before relaxing)
 .comment       0x00000000       0x27 obj/default/D13BUS.o
 .comment       0x00000000       0x27 obj/default/HAL4D13.o
 .comment       0x00000000       0x27 obj/default/HID.o
 .comment       0x00000000       0x27 obj/default/ISR.o
 .comment       0x00000000       0x27 obj/default/IntegratedMain.o
 .comment       0x00000000       0x27 obj/default/MAINLOOP.o
 .comment       0x00000000       0x27 obj/default/hello_world.o
 .comment       0x00000000       0x27 obj/default/usb_irq.o
 .comment       0x00000000       0x27 c:/altera/13.0sp1/nios2eds/bin/gnu/h-i686-mingw32/bin/../lib/gcc/nios2-elf/4.1.2/mno-hw-mul\libgcc.a(_addsub_df.o)
 .comment       0x00000000       0x27 c:/altera/13.0sp1/nios2eds/bin/gnu/h-i686-mingw32/bin/../lib/gcc/nios2-elf/4.1.2/mno-hw-mul\libgcc.a(_si_to_df.o)
 .comment       0x00000000       0x27 c:/altera/13.0sp1/nios2eds/bin/gnu/h-i686-mingw32/bin/../lib/gcc/nios2-elf/4.1.2/mno-hw-mul\libgcc.a(_df_to_si.o)
 .comment       0x00000000       0x27 c:/altera/13.0sp1/nios2eds/bin/gnu/h-i686-mingw32/bin/../lib/gcc/nios2-elf/4.1.2/mno-hw-mul\libgcc.a(_thenan_df.o)
 .comment       0x00000000       0x27 c:/altera/13.0sp1/nios2eds/bin/gnu/h-i686-mingw32/bin/../lib/gcc/nios2-elf/4.1.2/mno-hw-mul\libgcc.a(lib2-divmod.o)
 .comment       0x00000000       0x27 c:/altera/13.0sp1/nios2eds/bin/gnu/h-i686-mingw32/bin/../lib/gcc/nios2-elf/4.1.2/mno-hw-mul\libgcc.a(_clzsi2.o)
 .comment       0x00000000       0x27 c:/altera/13.0sp1/nios2eds/bin/gnu/h-i686-mingw32/bin/../lib/gcc/nios2-elf/4.1.2/mno-hw-mul\libgcc.a(_pack_df.o)
 .comment       0x00000000       0x27 c:/altera/13.0sp1/nios2eds/bin/gnu/h-i686-mingw32/bin/../lib/gcc/nios2-elf/4.1.2/mno-hw-mul\libgcc.a(_unpack_df.o)
 .comment       0x00000000       0x27 c:/altera/13.0sp1/nios2eds/bin/gnu/h-i686-mingw32/bin/../lib/gcc/nios2-elf/4.1.2/mno-hw-mul\libgcc.a(_clz.o)
 .comment       0x00000000       0x27 c:/altera/13.0sp1/nios2eds/bin/gnu/h-i686-mingw32/bin/../lib/gcc/nios2-elf/4.1.2/../../../../nios2-elf/lib/mno-hw-mul\libc.a(lib_a-atoi.o)
 .comment       0x00000000       0x27 c:/altera/13.0sp1/nios2eds/bin/gnu/h-i686-mingw32/bin/../lib/gcc/nios2-elf/4.1.2/../../../../nios2-elf/lib/mno-hw-mul\libc.a(lib_a-memcpy.o)
 .comment       0x00000000       0x27 c:/altera/13.0sp1/nios2eds/bin/gnu/h-i686-mingw32/bin/../lib/gcc/nios2-elf/4.1.2/../../../../nios2-elf/lib/mno-hw-mul\libc.a(lib_a-printf.o)
 .comment       0x00000000       0x27 c:/altera/13.0sp1/nios2eds/bin/gnu/h-i686-mingw32/bin/../lib/gcc/nios2-elf/4.1.2/../../../../nios2-elf/lib/mno-hw-mul\libc.a(lib_a-putchar.o)
 .comment       0x00000000       0x27 c:/altera/13.0sp1/nios2eds/bin/gnu/h-i686-mingw32/bin/../lib/gcc/nios2-elf/4.1.2/../../../../nios2-elf/lib/mno-hw-mul\libc.a(lib_a-puts.o)
 .comment       0x00000000       0x27 c:/altera/13.0sp1/nios2eds/bin/gnu/h-i686-mingw32/bin/../lib/gcc/nios2-elf/4.1.2/../../../../nios2-elf/lib/mno-hw-mul\libc.a(lib_a-strlen.o)
 .comment       0x00000000       0x27 c:/altera/13.0sp1/nios2eds/bin/gnu/h-i686-mingw32/bin/../lib/gcc/nios2-elf/4.1.2/../../../../nios2-elf/lib/mno-hw-mul\libc.a(lib_a-strtol.o)
 .comment       0x00000000       0x27 c:/altera/13.0sp1/nios2eds/bin/gnu/h-i686-mingw32/bin/../lib/gcc/nios2-elf/4.1.2/../../../../nios2-elf/lib/mno-hw-mul\libc.a(lib_a-vfprintf.o)
 .comment       0x00000000       0x27 c:/altera/13.0sp1/nios2eds/bin/gnu/h-i686-mingw32/bin/../lib/gcc/nios2-elf/4.1.2/../../../../nios2-elf/lib/mno-hw-mul\libc.a(lib_a-wsetup.o)
 .comment       0x00000000       0x27 c:/altera/13.0sp1/nios2eds/bin/gnu/h-i686-mingw32/bin/../lib/gcc/nios2-elf/4.1.2/../../../../nios2-elf/lib/mno-hw-mul\libc.a(lib_a-ctype_.o)
 .comment       0x00000000       0x27 c:/altera/13.0sp1/nios2eds/bin/gnu/h-i686-mingw32/bin/../lib/gcc/nios2-elf/4.1.2/../../../../nios2-elf/lib/mno-hw-mul\libc.a(lib_a-dtoa.o)
 .comment       0x00000000       0x27 c:/altera/13.0sp1/nios2eds/bin/gnu/h-i686-mingw32/bin/../lib/gcc/nios2-elf/4.1.2/../../../../nios2-elf/lib/mno-hw-mul\libc.a(lib_a-fflush.o)
 .comment       0x00000000       0x27 c:/altera/13.0sp1/nios2eds/bin/gnu/h-i686-mingw32/bin/../lib/gcc/nios2-elf/4.1.2/../../../../nios2-elf/lib/mno-hw-mul\libc.a(lib_a-findfp.o)
 .comment       0x00000000       0x27 c:/altera/13.0sp1/nios2eds/bin/gnu/h-i686-mingw32/bin/../lib/gcc/nios2-elf/4.1.2/../../../../nios2-elf/lib/mno-hw-mul\libc.a(lib_a-freer.o)
 .comment       0x00000000       0x27 c:/altera/13.0sp1/nios2eds/bin/gnu/h-i686-mingw32/bin/../lib/gcc/nios2-elf/4.1.2/../../../../nios2-elf/lib/mno-hw-mul\libc.a(lib_a-fvwrite.o)
 .comment       0x00000000       0x27 c:/altera/13.0sp1/nios2eds/bin/gnu/h-i686-mingw32/bin/../lib/gcc/nios2-elf/4.1.2/../../../../nios2-elf/lib/mno-hw-mul\libc.a(lib_a-fwalk.o)
 .comment       0x00000000       0x27 c:/altera/13.0sp1/nios2eds/bin/gnu/h-i686-mingw32/bin/../lib/gcc/nios2-elf/4.1.2/../../../../nios2-elf/lib/mno-hw-mul\libc.a(lib_a-impure.o)
 .comment       0x00000000       0x27 c:/altera/13.0sp1/nios2eds/bin/gnu/h-i686-mingw32/bin/../lib/gcc/nios2-elf/4.1.2/../../../../nios2-elf/lib/mno-hw-mul\libc.a(lib_a-locale.o)
 .comment       0x00000000       0x27 c:/altera/13.0sp1/nios2eds/bin/gnu/h-i686-mingw32/bin/../lib/gcc/nios2-elf/4.1.2/../../../../nios2-elf/lib/mno-hw-mul\libc.a(lib_a-makebuf.o)
 .comment       0x00000000       0x27 c:/altera/13.0sp1/nios2eds/bin/gnu/h-i686-mingw32/bin/../lib/gcc/nios2-elf/4.1.2/../../../../nios2-elf/lib/mno-hw-mul\libc.a(lib_a-mallocr.o)
 .comment       0x00000000       0x27 c:/altera/13.0sp1/nios2eds/bin/gnu/h-i686-mingw32/bin/../lib/gcc/nios2-elf/4.1.2/../../../../nios2-elf/lib/mno-hw-mul\libc.a(lib_a-memchr.o)
 .comment       0x00000000       0x27 c:/altera/13.0sp1/nios2eds/bin/gnu/h-i686-mingw32/bin/../lib/gcc/nios2-elf/4.1.2/../../../../nios2-elf/lib/mno-hw-mul\libc.a(lib_a-memmove.o)
 .comment       0x00000000       0x27 c:/altera/13.0sp1/nios2eds/bin/gnu/h-i686-mingw32/bin/../lib/gcc/nios2-elf/4.1.2/../../../../nios2-elf/lib/mno-hw-mul\libc.a(lib_a-memset.o)
 .comment       0x00000000       0x27 c:/altera/13.0sp1/nios2eds/bin/gnu/h-i686-mingw32/bin/../lib/gcc/nios2-elf/4.1.2/../../../../nios2-elf/lib/mno-hw-mul\libc.a(lib_a-mprec.o)
 .comment       0x00000000       0x27 c:/altera/13.0sp1/nios2eds/bin/gnu/h-i686-mingw32/bin/../lib/gcc/nios2-elf/4.1.2/../../../../nios2-elf/lib/mno-hw-mul\libc.a(lib_a-putc.o)
 .comment       0x00000000       0x27 c:/altera/13.0sp1/nios2eds/bin/gnu/h-i686-mingw32/bin/../lib/gcc/nios2-elf/4.1.2/../../../../nios2-elf/lib/mno-hw-mul\libc.a(lib_a-reallocr.o)
 .comment       0x00000000       0x27 c:/altera/13.0sp1/nios2eds/bin/gnu/h-i686-mingw32/bin/../lib/gcc/nios2-elf/4.1.2/../../../../nios2-elf/lib/mno-hw-mul\libc.a(lib_a-s_isinfd.o)
 .comment       0x00000000       0x27 c:/altera/13.0sp1/nios2eds/bin/gnu/h-i686-mingw32/bin/../lib/gcc/nios2-elf/4.1.2/../../../../nios2-elf/lib/mno-hw-mul\libc.a(lib_a-s_isnand.o)
 .comment       0x00000000       0x27 c:/altera/13.0sp1/nios2eds/bin/gnu/h-i686-mingw32/bin/../lib/gcc/nios2-elf/4.1.2/../../../../nios2-elf/lib/mno-hw-mul\libc.a(lib_a-sbrkr.o)
 .comment       0x00000000       0x27 c:/altera/13.0sp1/nios2eds/bin/gnu/h-i686-mingw32/bin/../lib/gcc/nios2-elf/4.1.2/../../../../nios2-elf/lib/mno-hw-mul\libc.a(lib_a-stdio.o)
 .comment       0x00000000       0x27 c:/altera/13.0sp1/nios2eds/bin/gnu/h-i686-mingw32/bin/../lib/gcc/nios2-elf/4.1.2/../../../../nios2-elf/lib/mno-hw-mul\libc.a(lib_a-strcmp.o)
 .comment       0x00000000       0x27 c:/altera/13.0sp1/nios2eds/bin/gnu/h-i686-mingw32/bin/../lib/gcc/nios2-elf/4.1.2/../../../../nios2-elf/lib/mno-hw-mul\libc.a(lib_a-wbuf.o)
 .comment       0x00000000       0x27 c:/altera/13.0sp1/nios2eds/bin/gnu/h-i686-mingw32/bin/../lib/gcc/nios2-elf/4.1.2/../../../../nios2-elf/lib/mno-hw-mul\libc.a(lib_a-writer.o)
 .comment       0x00000000       0x27 c:/altera/13.0sp1/nios2eds/bin/gnu/h-i686-mingw32/bin/../lib/gcc/nios2-elf/4.1.2/../../../../nios2-elf/lib/mno-hw-mul\libc.a(lib_a-callocr.o)
 .comment       0x00000000       0x27 c:/altera/13.0sp1/nios2eds/bin/gnu/h-i686-mingw32/bin/../lib/gcc/nios2-elf/4.1.2/../../../../nios2-elf/lib/mno-hw-mul\libc.a(lib_a-closer.o)
 .comment       0x00000000       0x27 c:/altera/13.0sp1/nios2eds/bin/gnu/h-i686-mingw32/bin/../lib/gcc/nios2-elf/4.1.2/../../../../nios2-elf/lib/mno-hw-mul\libc.a(lib_a-fclose.o)
 .comment       0x00000000       0x27 c:/altera/13.0sp1/nios2eds/bin/gnu/h-i686-mingw32/bin/../lib/gcc/nios2-elf/4.1.2/../../../../nios2-elf/lib/mno-hw-mul\libc.a(lib_a-fstatr.o)
 .comment       0x00000000       0x27 c:/altera/13.0sp1/nios2eds/bin/gnu/h-i686-mingw32/bin/../lib/gcc/nios2-elf/4.1.2/../../../../nios2-elf/lib/mno-hw-mul\libc.a(lib_a-int_errno.o)
 .comment       0x00000000       0x27 c:/altera/13.0sp1/nios2eds/bin/gnu/h-i686-mingw32/bin/../lib/gcc/nios2-elf/4.1.2/../../../../nios2-elf/lib/mno-hw-mul\libc.a(lib_a-isattyr.o)
 .comment       0x00000000       0x27 c:/altera/13.0sp1/nios2eds/bin/gnu/h-i686-mingw32/bin/../lib/gcc/nios2-elf/4.1.2/../../../../nios2-elf/lib/mno-hw-mul\libc.a(lib_a-lseekr.o)
 .comment       0x00000000       0x27 c:/altera/13.0sp1/nios2eds/bin/gnu/h-i686-mingw32/bin/../lib/gcc/nios2-elf/4.1.2/../../../../nios2-elf/lib/mno-hw-mul\libc.a(lib_a-readr.o)
 .comment       0x00000000       0x27 c:/altera/13.0sp1/nios2eds/bin/gnu/h-i686-mingw32/bin/../lib/gcc/nios2-elf/4.1.2/mno-hw-mul\libgcc.a(_udivdi3.o)
 .comment       0x00000000       0x27 c:/altera/13.0sp1/nios2eds/bin/gnu/h-i686-mingw32/bin/../lib/gcc/nios2-elf/4.1.2/mno-hw-mul\libgcc.a(_umoddi3.o)
 .comment       0x00000000       0x27 c:/altera/13.0sp1/nios2eds/bin/gnu/h-i686-mingw32/bin/../lib/gcc/nios2-elf/4.1.2/mno-hw-mul\libgcc.a(_mul_df.o)
 .comment       0x00000000       0x27 c:/altera/13.0sp1/nios2eds/bin/gnu/h-i686-mingw32/bin/../lib/gcc/nios2-elf/4.1.2/mno-hw-mul\libgcc.a(_div_df.o)